Java HotSpot(TM) 64-Bit Server VM (25.131-b11) for windows-amd64 JRE (1.8.0_131-b11), built on Mar 15 2017 01:23:53 by "java_re" with MS VC++ 10.0 (VS2010)
Memory: 4k page, physical 25037988k(13787656k free), swap 26610852k(8867816k free)
CommandLine flags: -XX:InitialHeapSize=4294967296 -XX:MaxHeapSize=4294967296 -XX:MaxNewSize=697933824 -XX:MaxTenuringThreshold=6 -XX:NewSize=697933824 -XX:OldPLABSize=16 -XX:OldSize=1395867648 -XX:+PrintGC -XX:+PrintGCDateStamps -XX:+PrintGCDetails -XX:+PrintGCTimeStamps -XX:+UseCompressedClassPointers -XX:+UseCompressedOops -XX:+UseConcMarkSweepGC -XX:-UseLargePagesIndividualAllocation -XX:+UseParNewGC 
2020-10-25T21:00:56.450+0800: 0.401: [GC (Allocation Failure) 2020-10-25T21:00:56.451+0800: 0.401: [ParNew: 545344K->68095K(613440K), 0.0259417 secs] 545344K->143766K(4126208K), 0.0262001 secs] [Times: user=0.03 sys=0.11, real=0.03 secs] 
2020-10-25T21:00:56.551+0800: 0.503: [GC (Allocation Failure) 2020-10-25T21:00:56.551+0800: 0.503: [ParNew: 613439K->68096K(613440K), 0.0313841 secs] 689110K->270314K(4126208K), 0.0315399 secs] [Times: user=0.09 sys=0.16, real=0.03 secs] 
2020-10-25T21:00:56.654+0800: 0.605: [GC (Allocation Failure) 2020-10-25T21:00:56.654+0800: 0.605: [ParNew: 613440K->68096K(613440K), 0.0689340 secs] 815658K->390200K(4126208K), 0.0691008 secs] [Times: user=0.45 sys=0.05, real=0.07 secs] 
2020-10-25T21:00:56.791+0800: 0.742: [GC (Allocation Failure) 2020-10-25T21:00:56.791+0800: 0.742: [ParNew: 613440K->68096K(613440K), 0.0661764 secs] 935544K->509461K(4126208K), 0.0662725 secs] [Times: user=0.61 sys=0.02, real=0.07 secs] 
2020-10-25T21:00:56.918+0800: 0.869: [GC (Allocation Failure) 2020-10-25T21:00:56.918+0800: 0.869: [ParNew: 613440K->68096K(613440K), 0.0692361 secs] 1054805K->631938K(4126208K), 0.0693539 secs] [Times: user=0.59 sys=0.02, real=0.07 secs] 
2020-10-25T21:00:57.052+0800: 1.003: [GC (Allocation Failure) 2020-10-25T21:00:57.052+0800: 1.003: [ParNew: 613440K->68095K(613440K), 0.0713431 secs] 1177282K->750903K(4126208K), 0.0714441 secs] [Times: user=0.41 sys=0.09, real=0.07 secs] 
Heap
 par new generation   total 613440K, used 404951K [0x00000006c0000000, 0x00000006e9990000, 0x00000006e9990000)
  eden space 545344K,  61% used [0x00000006c0000000, 0x00000006d48f5e08, 0x00000006e1490000)
  from space 68096K,  99% used [0x00000006e1490000, 0x00000006e570ffa0, 0x00000006e5710000)
  to   space 68096K,   0% used [0x00000006e5710000, 0x00000006e5710000, 0x00000006e9990000)
 concurrent mark-sweep generation total 3512768K, used 682807K [0x00000006e9990000, 0x00000007c0000000, 0x00000007c0000000)
 Metaspace       used 2711K, capacity 4486K, committed 4864K, reserved 1056768K
  class space    used 294K, capacity 386K, committed 512K, reserved 1048576K
