Java HotSpot(TM) 64-Bit Server VM (25.131-b11) for windows-amd64 JRE (1.8.0_131-b11), built on Mar 15 2017 01:23:53 by "java_re" with MS VC++ 10.0 (VS2010)
Memory: 4k page, physical 25037988k(13205472k free), swap 26610852k(8468432k free)
CommandLine flags: -XX:InitialHeapSize=2147483648 -XX:MaxHeapSize=2147483648 -XX:+PrintGC -XX:+PrintGCDateStamps -XX:+PrintGCDetails -XX:+PrintGCTimeStamps -XX:+UseCompressedClassPointers -XX:+UseCompressedOops -XX:-UseLargePagesIndividualAllocation -XX:+UseSerialGC 
2020-10-25T20:52:34.419+0800: 0.385: [GC (Allocation Failure) 2020-10-25T20:52:34.419+0800: 0.385: [DefNew: 559232K->69887K(629120K), 0.0711115 secs] 559232K->156455K(2027264K), 0.0713280 secs] [Times: user=0.05 sys=0.02, real=0.07 secs] 
2020-10-25T20:52:34.574+0800: 0.541: [GC (Allocation Failure) 2020-10-25T20:52:34.574+0800: 0.541: [DefNew: 629119K->69887K(629120K), 0.0862431 secs] 715687K->274989K(2027264K), 0.0863316 secs] [Times: user=0.05 sys=0.05, real=0.09 secs] 
2020-10-25T20:52:34.734+0800: 0.700: [GC (Allocation Failure) 2020-10-25T20:52:34.734+0800: 0.700: [DefNew: 629119K->69887K(629120K), 0.0707191 secs] 834221K->408901K(2027264K), 0.0708309 secs] [Times: user=0.03 sys=0.03, real=0.07 secs] 
2020-10-25T20:52:34.871+0800: 0.837: [GC (Allocation Failure) 2020-10-25T20:52:34.871+0800: 0.838: [DefNew: 629119K->69887K(629120K), 0.0683054 secs] 968133K->536401K(2027264K), 0.0683961 secs] [Times: user=0.02 sys=0.06, real=0.07 secs] 
2020-10-25T20:52:35.010+0800: 0.977: [GC (Allocation Failure) 2020-10-25T20:52:35.010+0800: 0.977: [DefNew: 629119K->69887K(629120K), 0.0713012 secs] 1095633K->667583K(2027264K), 0.0714172 secs] [Times: user=0.03 sys=0.05, real=0.07 secs] 
Heap
 def new generation   total 629120K, used 496301K [0x0000000080000000, 0x00000000aaaa0000, 0x00000000aaaa0000)
  eden space 559232K,  76% used [0x0000000080000000, 0x000000009a06b5c0, 0x00000000a2220000)
  from space 69888K,  99% used [0x00000000a6660000, 0x00000000aaa9fff0, 0x00000000aaaa0000)
  to   space 69888K,   0% used [0x00000000a2220000, 0x00000000a2220000, 0x00000000a6660000)
 tenured generation   total 1398144K, used 597695K [0x00000000aaaa0000, 0x0000000100000000, 0x0000000100000000)
   the space 1398144K,  42% used [0x00000000aaaa0000, 0x00000000cf24ff78, 0x00000000cf250000, 0x0000000100000000)
 Metaspace       used 2711K, capacity 4486K, committed 4864K, reserved 1056768K
  class space    used 294K, capacity 386K, committed 512K, reserved 1048576K
