Java HotSpot(TM) 64-Bit Server VM (25.131-b11) for windows-amd64 JRE (1.8.0_131-b11), built on Mar 15 2017 01:23:53 by "java_re" with MS VC++ 10.0 (VS2010)
Memory: 4k page, physical 25037988k(13219628k free), swap 26610852k(8492792k free)
CommandLine flags: -XX:InitialHeapSize=536870912 -XX:MaxHeapSize=536870912 -XX:+PrintGC -XX:+PrintGCDateStamps -XX:+PrintGCDetails -XX:+PrintGCTimeStamps -XX:+UseCompressedClassPointers -XX:+UseCompressedOops -XX:-UseLargePagesIndividualAllocation -XX:+UseSerialGC 
2020-10-25T20:51:42.522+0800: 0.192: [GC (Allocation Failure) 2020-10-25T20:51:42.522+0800: 0.192: [DefNew: 139528K->17472K(157248K), 0.0219250 secs] 139528K->41412K(506816K), 0.0221126 secs] [Times: user=0.05 sys=0.00, real=0.02 secs] 
2020-10-25T20:51:42.572+0800: 0.242: [GC (Allocation Failure) 2020-10-25T20:51:42.572+0800: 0.242: [DefNew: 157248K->17471K(157248K), 0.0303971 secs] 181188K->85082K(506816K), 0.0304851 secs] [Times: user=0.02 sys=0.02, real=0.03 secs] 
2020-10-25T20:51:42.621+0800: 0.291: [GC (Allocation Failure) 2020-10-25T20:51:42.621+0800: 0.291: [DefNew: 157247K->17471K(157248K), 0.0269829 secs] 224858K->134912K(506816K), 0.0270713 secs] [Times: user=0.02 sys=0.01, real=0.03 secs] 
2020-10-25T20:51:42.665+0800: 0.335: [GC (Allocation Failure) 2020-10-25T20:51:42.665+0800: 0.335: [DefNew: 157247K->17471K(157248K), 0.0250728 secs] 274688K->185151K(506816K), 0.0251643 secs] [Times: user=0.03 sys=0.00, real=0.03 secs] 
2020-10-25T20:51:42.708+0800: 0.378: [GC (Allocation Failure) 2020-10-25T20:51:42.708+0800: 0.378: [DefNew: 157247K->17471K(157248K), 0.0222465 secs] 324927K->229152K(506816K), 0.0223376 secs] [Times: user=0.02 sys=0.00, real=0.02 secs] 
2020-10-25T20:51:42.749+0800: 0.419: [GC (Allocation Failure) 2020-10-25T20:51:42.749+0800: 0.419: [DefNew: 157247K->17470K(157248K), 0.0221916 secs] 368928K->274989K(506816K), 0.0222804 secs] [Times: user=0.00 sys=0.02, real=0.02 secs] 
2020-10-25T20:51:42.790+0800: 0.460: [GC (Allocation Failure) 2020-10-25T20:51:42.790+0800: 0.460: [DefNew: 157246K->17470K(157248K), 0.0238656 secs] 414765K->318932K(506816K), 0.0239585 secs] [Times: user=0.02 sys=0.02, real=0.02 secs] 
2020-10-25T20:51:42.831+0800: 0.501: [GC (Allocation Failure) 2020-10-25T20:51:42.831+0800: 0.501: [DefNew: 157246K->157246K(157248K), 0.0000266 secs]
2020-10-25T20:51:42.831+0800: 0.502: [Tenured: 301461K->263774K(349568K), 0.0363598 secs] 458708K->263774K(506816K), [Metaspace: 2705K->2705K(1056768K)], 0.0365023 secs] [Times: user=0.03 sys=0.00, real=0.04 secs] 
2020-10-25T20:51:42.884+0800: 0.554: [GC (Allocation Failure) 2020-10-25T20:51:42.884+0800: 0.554: [DefNew: 139776K->17472K(157248K), 0.0063011 secs] 403550K->312397K(506816K), 0.0063938 secs] [Times: user=0.02 sys=0.00, real=0.01 secs] 
2020-10-25T20:51:42.910+0800: 0.580: [GC (Allocation Failure) 2020-10-25T20:51:42.910+0800: 0.580: [DefNew: 157248K->17471K(157248K), 0.0214594 secs] 452173K->354992K(506816K), 0.0215543 secs] [Times: user=0.00 sys=0.02, real=0.02 secs] 
2020-10-25T20:51:42.951+0800: 0.621: [GC (Allocation Failure) 2020-10-25T20:51:42.951+0800: 0.621: [DefNew: 157140K->157140K(157248K), 0.0000258 secs]2020-10-25T20:51:42.951+0800: 0.621: [Tenured: 337520K->301874K(349568K), 0.0390246 secs] 494661K->301874K(506816K), [Metaspace: 2705K->2705K(1056768K)], 0.0391607 secs] [Times: user=0.03 sys=0.00, real=0.04 secs] 
2020-10-25T20:51:43.009+0800: 0.679: [GC (Allocation Failure) 2020-10-25T20:51:43.009+0800: 0.679: [DefNew: 139776K->139776K(157248K), 0.0000255 secs]2020-10-25T20:51:43.009+0800: 0.679: [Tenured: 301874K->316874K(349568K), 0.0422600 secs] 441650K->316874K(506816K), [Metaspace: 2705K->2705K(1056768K)], 0.0424231 secs] [Times: user=0.05 sys=0.00, real=0.04 secs] 
2020-10-25T20:51:43.070+0800: 0.739: [GC (Allocation Failure) 2020-10-25T20:51:43.070+0800: 0.739: [DefNew: 139776K->139776K(157248K), 0.0000255 secs]2020-10-25T20:51:43.070+0800: 0.739: [Tenured: 316874K->309246K(349568K), 0.0425565 secs] 456650K->309246K(506816K), [Metaspace: 2705K->2705K(1056768K)], 0.0427384 secs] [Times: user=0.05 sys=0.00, real=0.04 secs] 
2020-10-25T20:51:43.130+0800: 0.799: [GC (Allocation Failure) 2020-10-25T20:51:43.130+0800: 0.799: [DefNew: 139776K->139776K(157248K), 0.0000248 secs]2020-10-25T20:51:43.130+0800: 0.799: [Tenured: 309246K->336063K(349568K), 0.0228700 secs] 449022K->336063K(506816K), [Metaspace: 2705K->2705K(1056768K)], 0.0230070 secs] [Times: user=0.02 sys=0.00, real=0.02 secs] 
2020-10-25T20:51:43.170+0800: 0.840: [GC (Allocation Failure) 2020-10-25T20:51:43.170+0800: 0.840: [DefNew: 139776K->139776K(157248K), 0.0000250 secs]2020-10-25T20:51:43.170+0800: 0.840: [Tenured: 336063K->338513K(349568K), 0.0382569 secs] 475839K->338513K(506816K), [Metaspace: 2705K->2705K(1056768K)], 0.0383910 secs] [Times: user=0.03 sys=0.00, real=0.04 secs] 
2020-10-25T20:51:43.227+0800: 0.897: [GC (Allocation Failure) 2020-10-25T20:51:43.227+0800: 0.897: [DefNew: 139176K->139176K(157248K), 0.0000253 secs]2020-10-25T20:51:43.227+0800: 0.897: [Tenured: 338513K->347092K(349568K), 0.0442249 secs] 477689K->347092K(506816K), [Metaspace: 2705K->2705K(1056768K)], 0.0443604 secs] [Times: user=0.05 sys=0.00, real=0.04 secs] 
2020-10-25T20:51:43.289+0800: 0.959: [GC (Allocation Failure) 2020-10-25T20:51:43.289+0800: 0.960: [DefNew: 139776K->139776K(157248K), 0.0000282 secs]2020-10-25T20:51:43.290+0800: 0.960: [Tenured: 347092K->339210K(349568K), 0.0469358 secs] 486868K->339210K(506816K), [Metaspace: 2705K->2705K(1056768K)], 0.0470922 secs] [Times: user=0.05 sys=0.00, real=0.05 secs] 
2020-10-25T20:51:43.357+0800: 1.027: [GC (Allocation Failure) 2020-10-25T20:51:43.357+0800: 1.027: [DefNew: 139776K->139776K(157248K), 0.0000250 secs]2020-10-25T20:51:43.357+0800: 1.027: [Tenured: 339210K->349248K(349568K), 0.0369216 secs] 478986K->367689K(506816K), [Metaspace: 2705K->2705K(1056768K)], 0.0370559 secs] [Times: user=0.03 sys=0.00, real=0.04 secs] 
2020-10-25T20:51:43.412+0800: 1.081: [Full GC (Allocation Failure) 2020-10-25T20:51:43.412+0800: 1.081: [Tenured: 349248K->349413K(349568K), 0.0445683 secs] 505973K->375243K(506816K), [Metaspace: 2705K->2705K(1056768K)], 0.0446858 secs] [Times: user=0.05 sys=0.00, real=0.05 secs] 
Heap
 def new generation   total 157248K, used 32130K [0x00000000e0000000, 0x00000000eaaa0000, 0x00000000eaaa0000)
  eden space 139776K,  22% used [0x00000000e0000000, 0x00000000e1f60a78, 0x00000000e8880000)
  from space 17472K,   0% used [0x00000000e9990000, 0x00000000e9990000, 0x00000000eaaa0000)
  to   space 17472K,   0% used [0x00000000e8880000, 0x00000000e8880000, 0x00000000e9990000)
 tenured generation   total 349568K, used 349413K [0x00000000eaaa0000, 0x0000000100000000, 0x0000000100000000)
   the space 349568K,  99% used [0x00000000eaaa0000, 0x00000000fffd96c8, 0x00000000fffd9800, 0x0000000100000000)
 Metaspace       used 2711K, capacity 4486K, committed 4864K, reserved 1056768K
  class space    used 294K, capacity 386K, committed 512K, reserved 1048576K
