Java HotSpot(TM) 64-Bit Server VM (25.131-b11) for windows-amd64 JRE (1.8.0_131-b11), built on Mar 15 2017 01:23:53 by "java_re" with MS VC++ 10.0 (VS2010)
Memory: 4k page, physical 25037988k(13198928k free), swap 26610852k(8266716k free)
CommandLine flags: -XX:InitialHeapSize=8589934592 -XX:MaxHeapSize=8589934592 -XX:MaxNewSize=697933824 -XX:MaxTenuringThreshold=6 -XX:NewSize=697933824 -XX:OldPLABSize=16 -XX:OldSize=1395867648 -XX:+PrintGC -XX:+PrintGCDateStamps -XX:+PrintGCDetails -XX:+PrintGCTimeStamps -XX:+UseCompressedClassPointers -XX:+UseCompressedOops -XX:+UseConcMarkSweepGC -XX:-UseLargePagesIndividualAllocation -XX:+UseParNewGC 
2020-10-25T20:57:24.548+0800: 0.427: [GC (Allocation Failure) 2020-10-25T20:57:24.549+0800: 0.427: [ParNew: 545344K->68095K(613440K), 0.0351991 secs] 545344K->144762K(8320512K), 0.0354345 secs] [Times: user=0.17 sys=0.06, real=0.04 secs] 
2020-10-25T20:57:24.666+0800: 0.544: [GC (Allocation Failure) 2020-10-25T20:57:24.666+0800: 0.544: [ParNew: 613439K->68094K(613440K), 0.0404253 secs] 690106K->262744K(8320512K), 0.0405528 secs] [Times: user=0.19 sys=0.17, real=0.04 secs] 
2020-10-25T20:57:24.778+0800: 0.656: [GC (Allocation Failure) 2020-10-25T20:57:24.778+0800: 0.657: [ParNew: 613438K->68096K(613440K), 0.0778811 secs] 808088K->386559K(8320512K), 0.0779719 secs] [Times: user=0.50 sys=0.02, real=0.08 secs] 
2020-10-25T20:57:24.921+0800: 0.800: [GC (Allocation Failure) 2020-10-25T20:57:24.921+0800: 0.800: [ParNew: 613440K->68096K(613440K), 0.0775616 secs] 931903K->515166K(8320512K), 0.0776594 secs] [Times: user=0.56 sys=0.05, real=0.08 secs] 
2020-10-25T20:57:25.062+0800: 0.941: [GC (Allocation Failure) 2020-10-25T20:57:25.062+0800: 0.941: [ParNew: 613440K->68096K(613440K), 0.0723432 secs] 1060510K->633901K(8320512K), 0.0724460 secs] [Times: user=0.49 sys=0.00, real=0.07 secs] 
2020-10-25T20:57:25.205+0800: 1.083: [GC (Allocation Failure) 2020-10-25T20:57:25.205+0800: 1.083: [ParNew: 613440K->68095K(613440K), 0.0734660 secs] 1179245K->754314K(8320512K), 0.0735853 secs] [Times: user=0.42 sys=0.05, real=0.07 secs] 
Heap
 par new generation   total 613440K, used 89865K [0x00000005c0000000, 0x00000005e9990000, 0x00000005e9990000)
  eden space 545344K,   3% used [0x00000005c0000000, 0x00000005c1542598, 0x00000005e1490000)
  from space 68096K,  99% used [0x00000005e1490000, 0x00000005e570ff10, 0x00000005e5710000)
  to   space 68096K,   0% used [0x00000005e5710000, 0x00000005e5710000, 0x00000005e9990000)
 concurrent mark-sweep generation total 7707072K, used 686219K [0x00000005e9990000, 0x00000007c0000000, 0x00000007c0000000)
 Metaspace       used 2711K, capacity 4486K, committed 4864K, reserved 1056768K
  class space    used 294K, capacity 386K, committed 512K, reserved 1048576K
