Java HotSpot(TM) 64-Bit Server VM (25.131-b11) for windows-amd64 JRE (1.8.0_131-b11), built on Mar 15 2017 01:23:53 by "java_re" with MS VC++ 10.0 (VS2010)
Memory: 4k page, physical 25037988k(13664416k free), swap 26610852k(8801864k free)
CommandLine flags: -XX:InitialHeapSize=4294967296 -XX:MaxHeapSize=4294967296 -XX:+PrintGC -XX:+PrintGCDateStamps -XX:+PrintGCDetails -XX:+PrintGCTimeStamps -XX:+UseCompressedClassPointers -XX:+UseCompressedOops -XX:-UseLargePagesIndividualAllocation -XX:+UseParallelGC 
2020-10-25T21:01:45.733+0800: 0.674: [GC (Allocation Failure) [PSYoungGen: 1048576K->174591K(1223168K)] 1048576K->226604K(4019712K), 0.0308027 secs] [Times: user=0.11 sys=0.14, real=0.03 secs] 
2020-10-25T21:01:45.915+0800: 0.856: [GC (Allocation Failure) [PSYoungGen: 1223167K->174586K(1223168K)] 1275180K->353231K(4019712K), 0.0417212 secs] [Times: user=0.13 sys=0.22, real=0.04 secs] 
2020-10-25T21:01:46.093+0800: 1.033: [GC (Allocation Failure) [PSYoungGen: 1223162K->174584K(1223168K)] 1401807K->469706K(4019712K), 0.0399632 secs] [Times: user=0.11 sys=0.03, real=0.04 secs] 
Heap
 PSYoungGen      total 1223168K, used 534671K [0x000000076ab00000, 0x00000007c0000000, 0x00000007c0000000)
  eden space 1048576K, 34% used [0x000000076ab00000,0x0000000780aa5d28,0x00000007aab00000)
  from space 174592K, 99% used [0x00000007aab00000,0x00000007b557e1d0,0x00000007b5580000)
  to   space 174592K, 0% used [0x00000007b5580000,0x00000007b5580000,0x00000007c0000000)
 ParOldGen       total 2796544K, used 295121K [0x00000006c0000000, 0x000000076ab00000, 0x000000076ab00000)
  object space 2796544K, 10% used [0x00000006c0000000,0x00000006d2034700,0x000000076ab00000)
 Metaspace       used 2711K, capacity 4486K, committed 4864K, reserved 1056768K
  class space    used 294K, capacity 386K, committed 512K, reserved 1048576K
