Java HotSpot(TM) 64-Bit Server VM (25.131-b11) for windows-amd64 JRE (1.8.0_131-b11), built on Mar 15 2017 01:23:53 by "java_re" with MS VC++ 10.0 (VS2010)
Memory: 4k page, physical 25037988k(13224964k free), swap 26610852k(8498652k free)
CommandLine flags: -XX:InitialHeapSize=134217728 -XX:MaxHeapSize=134217728 -XX:+PrintGC -XX:+PrintGCDateStamps -XX:+PrintGCDetails -XX:+PrintGCTimeStamps -XX:+UseCompressedClassPointers -XX:+UseCompressedOops -XX:-UseLargePagesIndividualAllocation -XX:+UseSerialGC 
2020-10-25T20:51:19.405+0800: 0.122: [GC (Allocation Failure) 2020-10-25T20:51:19.405+0800: 0.122: [DefNew: 34649K->4351K(39296K), 0.0069791 secs] 34649K->12895K(126720K), 0.0071642 secs] [Times: user=0.00 sys=0.00, real=0.01 secs] 
2020-10-25T20:51:19.425+0800: 0.141: [GC (Allocation Failure) 2020-10-25T20:51:19.425+0800: 0.141: [DefNew: 39174K->4346K(39296K), 0.0091800 secs] 47718K->26056K(126720K), 0.0092689 secs] [Times: user=0.00 sys=0.00, real=0.01 secs] 
2020-10-25T20:51:19.443+0800: 0.159: [GC (Allocation Failure) 2020-10-25T20:51:19.443+0800: 0.159: [DefNew: 39078K->4351K(39296K), 0.0063690 secs] 60788K->37046K(126720K), 0.0064584 secs] [Times: user=0.00 sys=0.00, real=0.01 secs] 
2020-10-25T20:51:19.458+0800: 0.174: [GC (Allocation Failure) 2020-10-25T20:51:19.458+0800: 0.174: [DefNew: 39118K->4349K(39296K), 0.0067499 secs] 71813K->48722K(126720K), 0.0068473 secs] [Times: user=0.00 sys=0.00, real=0.01 secs] 
2020-10-25T20:51:19.473+0800: 0.189: [GC (Allocation Failure) 2020-10-25T20:51:19.473+0800: 0.189: [DefNew: 39050K->4351K(39296K), 0.0050305 secs] 83423K->57339K(126720K), 0.0051402 secs] [Times: user=0.00 sys=0.00, real=0.00 secs] 
2020-10-25T20:51:19.486+0800: 0.202: [GC (Allocation Failure) 2020-10-25T20:51:19.486+0800: 0.202: [DefNew: 39295K->4350K(39296K), 0.0080315 secs] 92283K->69332K(126720K), 0.0081388 secs] [Times: user=0.00 sys=0.00, real=0.01 secs] 
2020-10-25T20:51:19.501+0800: 0.217: [GC (Allocation Failure) 2020-10-25T20:51:19.501+0800: 0.218: [DefNew: 38958K->4350K(39296K), 0.0067670 secs] 103940K->82235K(126720K), 0.0069173 secs] [Times: user=0.00 sys=0.00, real=0.01 secs] 
2020-10-25T20:51:19.514+0800: 0.231: [GC (Allocation Failure) 2020-10-25T20:51:19.514+0800: 0.231: [DefNew: 39119K->39119K(39296K), 0.0000253 secs]2020-10-25T20:51:19.514+0800: 0.231: [Tenured: 77885K->87109K(87424K), 0.0139209 secs] 117004K->89436K(126720K), [Metaspace: 2704K->2704K(1056768K)], 0.0140621 secs] [Times: user=0.02 sys=0.00, real=0.01 secs] 
2020-10-25T20:51:19.534+0800: 0.251: [Full GC (Allocation Failure) 2020-10-25T20:51:19.534+0800: 0.251: [Tenured: 87361K->87129K(87424K), 0.0117110 secs] 126648K->100511K(126720K), [Metaspace: 2704K->2704K(1056768K)], 0.0118049 secs] [Times: user=0.01 sys=0.00, real=0.01 secs] 
2020-10-25T20:51:19.550+0800: 0.267: [Full GC (Allocation Failure) 2020-10-25T20:51:19.550+0800: 0.267: [Tenured: 87417K->87349K(87424K), 0.0125075 secs] 126697K->107734K(126720K), [Metaspace: 2704K->2704K(1056768K)], 0.0126198 secs] [Times: user=0.02 sys=0.00, real=0.01 secs] 
2020-10-25T20:51:19.566+0800: 0.283: [Full GC (Allocation Failure) 2020-10-25T20:51:19.566+0800: 0.283: [Tenured: 87349K->87134K(87424K), 0.0148586 secs] 126510K->106083K(126720K), [Metaspace: 2704K->2704K(1056768K)], 0.0149505 secs] [Times: user=0.01 sys=0.00, real=0.02 secs] 
2020-10-25T20:51:19.583+0800: 0.300: [Full GC (Allocation Failure) 2020-10-25T20:51:19.583+0800: 0.300: [Tenured: 87303K->87303K(87424K), 0.0043339 secs] 126596K->113851K(126720K), [Metaspace: 2704K->2704K(1056768K)], 0.0044190 secs] [Times: user=0.00 sys=0.00, real=0.01 secs] 
2020-10-25T20:51:19.590+0800: 0.307: [Full GC (Allocation Failure) 2020-10-25T20:51:19.590+0800: 0.307: [Tenured: 87357K->87357K(87424K), 0.0065405 secs] 126648K->118173K(126720K), [Metaspace: 2704K->2704K(1056768K)], 0.0066718 secs] [Times: user=0.02 sys=0.00, real=0.01 secs] 
2020-10-25T20:51:19.597+0800: 0.314: [Full GC (Allocation Failure) 2020-10-25T20:51:19.597+0800: 0.314: [Tenured: 87357K->87357K(87424K), 0.0041195 secs] 126420K->122297K(126720K), [Metaspace: 2704K->2704K(1056768K)], 0.0042089 secs] [Times: user=0.00 sys=0.00, real=0.01 secs] 
2020-10-25T20:51:19.603+0800: 0.320: [Full GC (Allocation Failure) 2020-10-25T20:51:19.603+0800: 0.320: [Tenured: 87357K->87340K(87424K), 0.0161438 secs] 126468K->122088K(126720K), [Metaspace: 2704K->2704K(1056768K)], 0.0162399 secs] [Times: user=0.02 sys=0.00, real=0.02 secs] 
2020-10-25T20:51:19.620+0800: 0.337: [Full GC (Allocation Failure) 2020-10-25T20:51:19.620+0800: 0.337: [Tenured: 87340K->87340K(87424K), 0.0056040 secs] 126255K->123292K(126720K), [Metaspace: 2704K->2704K(1056768K)], 0.0056831 secs] [Times: user=0.02 sys=0.00, real=0.01 secs] 
2020-10-25T20:51:19.626+0800: 0.343: [Full GC (Allocation Failure) 2020-10-25T20:51:19.626+0800: 0.343: [Tenured: 87412K->87412K(87424K), 0.0053813 secs] 126697K->125707K(126720K), [Metaspace: 2704K->2704K(1056768K)], 0.0054862 secs] [Times: user=0.00 sys=0.00, real=0.01 secs] 
2020-10-25T20:51:19.632+0800: 0.349: [Full GC (Allocation Failure) 2020-10-25T20:51:19.632+0800: 0.349: [Tenured: 87412K->87412K(87424K), 0.0015766 secs] 126632K->125974K(126720K), [Metaspace: 2704K->2704K(1056768K)], 0.0016367 secs] [Times: user=0.00 sys=0.00, real=0.00 secs] 
2020-10-25T20:51:19.634+0800: 0.351: [Full GC (Allocation Failure) 2020-10-25T20:51:19.634+0800: 0.351: [Tenured: 87412K->86982K(87424K), 0.0153077 secs] 126322K->125258K(126720K), [Metaspace: 2704K->2704K(1056768K)], 0.0154258 secs] [Times: user=0.02 sys=0.00, real=0.02 secs] 
2020-10-25T20:51:19.650+0800: 0.367: [Full GC (Allocation Failure) 2020-10-25T20:51:19.650+0800: 0.367: [Tenured: 87173K->87173K(87424K), 0.0017789 secs] 126462K->126173K(126720K), [Metaspace: 2704K->2704K(1056768K)], 0.0018509 secs] [Times: user=0.00 sys=0.00, real=0.00 secs] 
2020-10-25T20:51:19.652+0800: 0.368: [Full GC (Allocation Failure) 2020-10-25T20:51:19.652+0800: 0.368: [Tenured: 87173K->86963K(87424K), 0.0116208 secs] 126173K->125963K(126720K), [Metaspace: 2704K->2704K(1056768K)], 0.0117328 secs] [Times: user=0.02 sys=0.00, real=0.01 secs] 
2020-10-25T20:51:19.664+0800: 0.381: [Full GC (Allocation Failure) 2020-10-25T20:51:19.664+0800: 0.381: [Tenured: 87420K->87420K(87424K), 0.0015175 secs] 126657K->126420K(126720K), [Metaspace: 2704K->2704K(1056768K)], 0.0016149 secs] [Times: user=0.00 sys=0.00, real=0.00 secs] 
2020-10-25T20:51:19.666+0800: 0.382: [Full GC (Allocation Failure) 2020-10-25T20:51:19.666+0800: 0.382: [Tenured: 87420K->87377K(87424K), 0.0080099 secs] 126420K->126377K(126720K), [Metaspace: 2704K->2704K(1056768K)], 0.0081514 secs] [Times: user=0.01 sys=0.00, real=0.01 secs] 
Heap
 def new generation   total 39296K, used 39031K [0x00000000f8000000, 0x00000000faaa0000, 0x00000000faaa0000)
  eden space 34944K, 100% used [0x00000000f8000000, 0x00000000fa220000, 0x00000000fa220000)
  from space 4352K,  93% used [0x00000000fa660000, 0x00000000faa5de90, 0x00000000faaa0000)
  to   space 4352K,   0% used [0x00000000fa220000, 0x00000000fa220000, 0x00000000fa660000)
 tenured generation   total 87424K, used 87377K [0x00000000faaa0000, 0x0000000100000000, 0x0000000100000000)
   the space 87424K,  99% used [0x00000000faaa0000, 0x00000000ffff46f8, 0x00000000ffff4800, 0x0000000100000000)
 Metaspace       used 2735K, capacity 4486K, committed 4864K, reserved 1056768K
  class space    used 297K, capacity 386K, committed 512K, reserved 1048576K
