Java HotSpot(TM) 64-Bit Server VM (25.131-b11) for windows-amd64 JRE (1.8.0_131-b11), built on Mar 15 2017 01:23:53 by "java_re" with MS VC++ 10.0 (VS2010)
Memory: 4k page, physical 25037988k(13240280k free), swap 26610852k(8307612k free)
CommandLine flags: -XX:InitialHeapSize=536870912 -XX:MaxHeapSize=536870912 -XX:MaxNewSize=178958336 -XX:MaxTenuringThreshold=6 -XX:NewSize=178958336 -XX:OldPLABSize=16 -XX:OldSize=357912576 -XX:+PrintGC -XX:+PrintGCDateStamps -XX:+PrintGCDetails -XX:+PrintGCTimeStamps -XX:+UseCompressedClassPointers -XX:+UseCompressedOops -XX:+UseConcMarkSweepGC -XX:-UseLargePagesIndividualAllocation -XX:+UseParNewGC 
2020-10-25T20:56:35.949+0800: 0.191: [GC (Allocation Failure) 2020-10-25T20:56:35.949+0800: 0.191: [ParNew: 139776K->17471K(157248K), 0.0080239 secs] 139776K->47234K(506816K), 0.0084136 secs] [Times: user=0.13 sys=0.00, real=0.01 secs] 
2020-10-25T20:56:35.985+0800: 0.227: [GC (Allocation Failure) 2020-10-25T20:56:35.985+0800: 0.227: [ParNew: 157247K->17472K(157248K), 0.0115793 secs] 187010K->93526K(506816K), 0.0117039 secs] [Times: user=0.03 sys=0.00, real=0.01 secs] 
2020-10-25T20:56:36.020+0800: 0.263: [GC (Allocation Failure) 2020-10-25T20:56:36.020+0800: 0.263: [ParNew: 157248K->17472K(157248K), 0.0273860 secs] 233302K->143772K(506816K), 0.0274803 secs] [Times: user=0.19 sys=0.05, real=0.03 secs] 
2020-10-25T20:56:36.067+0800: 0.309: [GC (Allocation Failure) 2020-10-25T20:56:36.067+0800: 0.309: [ParNew: 157248K->17471K(157248K), 0.0221599 secs] 283548K->185437K(506816K), 0.0223067 secs] [Times: user=0.13 sys=0.00, real=0.02 secs] 
2020-10-25T20:56:36.106+0800: 0.348: [GC (Allocation Failure) 2020-10-25T20:56:36.106+0800: 0.348: [ParNew: 157247K->17468K(157248K), 0.0235561 secs] 325213K->230941K(506816K), 0.0236504 secs] [Times: user=0.25 sys=0.00, real=0.02 secs] 
2020-10-25T20:56:36.129+0800: 0.372: [GC (CMS Initial Mark) [1 CMS-initial-mark: 213473K(349568K)] 234087K(506816K), 0.0002222 secs] [Times: user=0.00 sys=0.00, real=0.00 secs] 
2020-10-25T20:56:36.129+0800: 0.372: [CMS-concurrent-mark-start]
2020-10-25T20:56:36.130+0800: 0.374: [CMS-concurrent-mark: 0.001/0.001 secs] [Times: user=0.00 sys=0.00, real=0.00 secs] 
2020-10-25T20:56:36.131+0800: 0.374: [CMS-concurrent-preclean-start]
2020-10-25T20:56:36.131+0800: 0.374: [CMS-concurrent-preclean: 0.001/0.001 secs] [Times: user=0.00 sys=0.00, real=0.00 secs] 
2020-10-25T20:56:36.131+0800: 0.374: [CMS-concurrent-abortable-preclean-start]
2020-10-25T20:56:36.146+0800: 0.389: [GC (Allocation Failure) 2020-10-25T20:56:36.146+0800: 0.389: [ParNew: 157244K->17469K(157248K), 0.0243588 secs] 370717K->278564K(506816K), 0.0245011 secs] [Times: user=0.22 sys=0.03, real=0.02 secs] 
2020-10-25T20:56:36.187+0800: 0.430: [GC (Allocation Failure) 2020-10-25T20:56:36.187+0800: 0.430: [ParNew: 157245K->17471K(157248K), 0.0220553 secs] 418340K->321093K(506816K), 0.0221615 secs] [Times: user=0.11 sys=0.02, real=0.02 secs] 
2020-10-25T20:56:36.225+0800: 0.468: [GC (Allocation Failure) 2020-10-25T20:56:36.225+0800: 0.468: [ParNew: 157247K->157247K(157248K), 0.0000305 secs]2020-10-25T20:56:36.225+0800: 0.468: [CMS2020-10-25T20:56:36.225+0800: 0.468: [CMS-concurrent-abortable-preclean: 0.002/0.094 secs] [Times: user=0.38 sys=0.05, real=0.09 secs] 
 (concurrent mode failure): 303622K->249693K(349568K), 0.0329351 secs] 460869K->249693K(506816K), [Metaspace: 2705K->2705K(1056768K)], 0.0330897 secs] [Times: user=0.03 sys=0.00, real=0.03 secs] 
2020-10-25T20:56:36.274+0800: 0.517: [GC (Allocation Failure) 2020-10-25T20:56:36.274+0800: 0.517: [ParNew: 139776K->17471K(157248K), 0.0065595 secs] 389469K->295976K(506816K), 0.0067482 secs] [Times: user=0.13 sys=0.00, real=0.01 secs] 
2020-10-25T20:56:36.281+0800: 0.524: [GC (CMS Initial Mark) [1 CMS-initial-mark: 278504K(349568K)] 296666K(506816K), 0.0002932 secs] [Times: user=0.00 sys=0.00, real=0.00 secs] 
2020-10-25T20:56:36.282+0800: 0.524: [CMS-concurrent-mark-start]
2020-10-25T20:56:36.283+0800: 0.526: [CMS-concurrent-mark: 0.001/0.001 secs] [Times: user=0.00 sys=0.00, real=0.00 secs] 
2020-10-25T20:56:36.283+0800: 0.526: [CMS-concurrent-preclean-start]
2020-10-25T20:56:36.283+0800: 0.526: [CMS-concurrent-preclean: 0.000/0.000 secs] [Times: user=0.00 sys=0.00, real=0.00 secs] 
2020-10-25T20:56:36.284+0800: 0.526: [CMS-concurrent-abortable-preclean-start]
2020-10-25T20:56:36.297+0800: 0.540: [GC (Allocation Failure) 2020-10-25T20:56:36.297+0800: 0.540: [ParNew: 157247K->17470K(157248K), 0.0162265 secs] 435752K->342381K(506816K), 0.0163369 secs] [Times: user=0.11 sys=0.02, real=0.02 secs] 
2020-10-25T20:56:36.331+0800: 0.574: [GC (Allocation Failure) 2020-10-25T20:56:36.331+0800: 0.574: [ParNew: 157246K->157246K(157248K), 0.0000311 secs]2020-10-25T20:56:36.331+0800: 0.574: [CMS2020-10-25T20:56:36.331+0800: 0.574: [CMS-concurrent-abortable-preclean: 0.002/0.048 secs] [Times: user=0.14 sys=0.02, real=0.05 secs] 
 (concurrent mode failure): 324910K->289565K(349568K), 0.0401091 secs] 482157K->289565K(506816K), [Metaspace: 2705K->2705K(1056768K)], 0.0402593 secs] [Times: user=0.03 sys=0.01, real=0.04 secs] 
2020-10-25T20:56:36.390+0800: 0.633: [GC (Allocation Failure) 2020-10-25T20:56:36.390+0800: 0.633: [ParNew: 139776K->17470K(157248K), 0.0056546 secs] 429341K->328874K(506816K), 0.0057803 secs] [Times: user=0.00 sys=0.00, real=0.01 secs] 
2020-10-25T20:56:36.396+0800: 0.639: [GC (CMS Initial Mark) [1 CMS-initial-mark: 311404K(349568K)] 329149K(506816K), 0.0001937 secs] [Times: user=0.00 sys=0.00, real=0.00 secs] 
2020-10-25T20:56:36.397+0800: 0.639: [CMS-concurrent-mark-start]
2020-10-25T20:56:36.398+0800: 0.640: [CMS-concurrent-mark: 0.001/0.001 secs] [Times: user=0.00 sys=0.00, real=0.00 secs] 
2020-10-25T20:56:36.398+0800: 0.640: [CMS-concurrent-preclean-start]
2020-10-25T20:56:36.398+0800: 0.641: [CMS-concurrent-preclean: 0.000/0.000 secs] [Times: user=0.00 sys=0.00, real=0.00 secs] 
2020-10-25T20:56:36.399+0800: 0.641: [CMS-concurrent-abortable-preclean-start]
2020-10-25T20:56:36.415+0800: 0.657: [GC (Allocation Failure) 2020-10-25T20:56:36.415+0800: 0.657: [ParNew (promotion failed): 157246K->157245K(157248K), 0.0161152 secs]2020-10-25T20:56:36.431+0800: 0.673: [CMS2020-10-25T20:56:36.431+0800: 0.673: [CMS-concurrent-abortable-preclean: 0.000/0.032 secs] [Times: user=0.14 sys=0.00, real=0.03 secs] 
 (concurrent mode failure): 349360K->305918K(349568K), 0.0435261 secs] 468650K->305918K(506816K), [Metaspace: 2705K->2705K(1056768K)], 0.0598204 secs] [Times: user=0.17 sys=0.00, real=0.06 secs] 
2020-10-25T20:56:36.491+0800: 0.733: [GC (Allocation Failure) 2020-10-25T20:56:36.491+0800: 0.733: [ParNew: 139776K->139776K(157248K), 0.0000288 secs]2020-10-25T20:56:36.491+0800: 0.733: [CMS: 305918K->321820K(349568K), 0.0451348 secs] 445694K->321820K(506816K), [Metaspace: 2705K->2705K(1056768K)], 0.0452826 secs] [Times: user=0.05 sys=0.00, real=0.04 secs] 
2020-10-25T20:56:36.536+0800: 0.779: [GC (CMS Initial Mark) [1 CMS-initial-mark: 321820K(349568K)] 325140K(506816K), 0.0010585 secs] [Times: user=0.00 sys=0.00, real=0.00 secs] 
2020-10-25T20:56:36.537+0800: 0.780: [CMS-concurrent-mark-start]
2020-10-25T20:56:36.538+0800: 0.781: [CMS-concurrent-mark: 0.002/0.002 secs] [Times: user=0.00 sys=0.00, real=0.00 secs] 
2020-10-25T20:56:36.538+0800: 0.781: [CMS-concurrent-preclean-start]
2020-10-25T20:56:36.539+0800: 0.782: [CMS-concurrent-preclean: 0.000/0.000 secs] [Times: user=0.00 sys=0.00, real=0.00 secs] 
2020-10-25T20:56:36.539+0800: 0.782: [CMS-concurrent-abortable-preclean-start]
2020-10-25T20:56:36.554+0800: 0.797: [GC (Allocation Failure) 2020-10-25T20:56:36.554+0800: 0.797: [ParNew: 139776K->139776K(157248K), 0.0000289 secs]2020-10-25T20:56:36.554+0800: 0.797: [CMS2020-10-25T20:56:36.554+0800: 0.797: [CMS-concurrent-abortable-preclean: 0.000/0.015 secs] [Times: user=0.01 sys=0.00, real=0.01 secs] 
 (concurrent mode failure): 321820K->332305K(349568K), 0.0451207 secs] 461596K->332305K(506816K), [Metaspace: 2705K->2705K(1056768K)], 0.0453002 secs] [Times: user=0.05 sys=0.00, real=0.05 secs] 
2020-10-25T20:56:36.618+0800: 0.861: [GC (Allocation Failure) 2020-10-25T20:56:36.618+0800: 0.861: [ParNew: 139776K->139776K(157248K), 0.0000335 secs]2020-10-25T20:56:36.618+0800: 0.861: [CMS: 332305K->333083K(349568K), 0.0463379 secs] 472081K->333083K(506816K), [Metaspace: 2705K->2705K(1056768K)], 0.0464908 secs] [Times: user=0.05 sys=0.00, real=0.05 secs] 
2020-10-25T20:56:36.665+0800: 0.907: [GC (CMS Initial Mark) [1 CMS-initial-mark: 333083K(349568K)] 336185K(506816K), 0.0004415 secs] [Times: user=0.00 sys=0.00, real=0.00 secs] 
2020-10-25T20:56:36.665+0800: 0.908: [CMS-concurrent-mark-start]
2020-10-25T20:56:36.667+0800: 0.909: [CMS-concurrent-mark: 0.002/0.002 secs] [Times: user=0.00 sys=0.00, real=0.00 secs] 
2020-10-25T20:56:36.667+0800: 0.910: [CMS-concurrent-preclean-start]
2020-10-25T20:56:36.667+0800: 0.910: [CMS-concurrent-preclean: 0.001/0.001 secs] [Times: user=0.00 sys=0.00, real=0.00 secs] 
2020-10-25T20:56:36.667+0800: 0.910: [CMS-concurrent-abortable-preclean-start]
2020-10-25T20:56:36.667+0800: 0.910: [CMS-concurrent-abortable-preclean: 0.000/0.000 secs] [Times: user=0.00 sys=0.00, real=0.00 secs] 
2020-10-25T20:56:36.668+0800: 0.910: [GC (CMS Final Remark) [YG occupancy: 21234 K (157248 K)]2020-10-25T20:56:36.668+0800: 0.910: [Rescan (parallel) , 0.0006611 secs]2020-10-25T20:56:36.668+0800: 0.911: [weak refs processing, 0.0000213 secs]2020-10-25T20:56:36.669+0800: 0.911: [class unloading, 0.0002186 secs]2020-10-25T20:56:36.669+0800: 0.911: [scrub symbol table, 0.0002862 secs]2020-10-25T20:56:36.669+0800: 0.912: [scrub string table, 0.0000967 secs][1 CMS-remark: 333083K(349568K)] 354317K(506816K), 0.0014698 secs] [Times: user=0.00 sys=0.02, real=0.00 secs] 
2020-10-25T20:56:36.669+0800: 0.912: [CMS-concurrent-sweep-start]
2020-10-25T20:56:36.670+0800: 0.912: [CMS-concurrent-sweep: 0.000/0.000 secs] [Times: user=0.00 sys=0.00, real=0.00 secs] 
2020-10-25T20:56:36.670+0800: 0.912: [CMS-concurrent-reset-start]
2020-10-25T20:56:36.670+0800: 0.913: [CMS-concurrent-reset: 0.000/0.000 secs] [Times: user=0.00 sys=0.00, real=0.00 secs] 
2020-10-25T20:56:36.684+0800: 0.927: [GC (Allocation Failure) 2020-10-25T20:56:36.684+0800: 0.927: [ParNew: 139776K->139776K(157248K), 0.0000285 secs]2020-10-25T20:56:36.684+0800: 0.927: [CMS: 332754K->332056K(349568K), 0.0458160 secs] 472530K->332056K(506816K), [Metaspace: 2705K->2705K(1056768K)], 0.0459583 secs] [Times: user=0.05 sys=0.00, real=0.05 secs] 
2020-10-25T20:56:36.730+0800: 0.973: [GC (CMS Initial Mark) [1 CMS-initial-mark: 332056K(349568K)] 335271K(506816K), 0.0006900 secs] [Times: user=0.00 sys=0.00, real=0.00 secs] 
2020-10-25T20:56:36.731+0800: 0.974: [CMS-concurrent-mark-start]
2020-10-25T20:56:36.733+0800: 0.975: [CMS-concurrent-mark: 0.002/0.002 secs] [Times: user=0.05 sys=0.00, real=0.00 secs] 
2020-10-25T20:56:36.733+0800: 0.976: [CMS-concurrent-preclean-start]
2020-10-25T20:56:36.733+0800: 0.976: [CMS-concurrent-preclean: 0.000/0.000 secs] [Times: user=0.00 sys=0.00, real=0.00 secs] 
2020-10-25T20:56:36.733+0800: 0.976: [CMS-concurrent-abortable-preclean-start]
2020-10-25T20:56:36.748+0800: 0.990: [GC (Allocation Failure) 2020-10-25T20:56:36.748+0800: 0.990: [ParNew: 139776K->139776K(157248K), 0.0000323 secs]2020-10-25T20:56:36.748+0800: 0.990: [CMS2020-10-25T20:56:36.748+0800: 0.990: [CMS-concurrent-abortable-preclean: 0.000/0.014 secs] [Times: user=0.02 sys=0.00, real=0.01 secs] 
 (concurrent mode failure): 332056K->339950K(349568K), 0.0539513 secs] 471832K->339950K(506816K), [Metaspace: 2705K->2705K(1056768K)], 0.0541006 secs] [Times: user=0.05 sys=0.00, real=0.05 secs] 
2020-10-25T20:56:36.820+0800: 1.062: [GC (Allocation Failure) 2020-10-25T20:56:36.820+0800: 1.062: [ParNew: 139776K->139776K(157248K), 0.0000324 secs]2020-10-25T20:56:36.820+0800: 1.062: [CMS: 339950K->349421K(349568K), 0.0515148 secs] 479726K->350094K(506816K), [Metaspace: 2705K->2705K(1056768K)], 0.0517385 secs] [Times: user=0.05 sys=0.00, real=0.05 secs] 
2020-10-25T20:56:36.871+0800: 1.114: [GC (CMS Initial Mark) [1 CMS-initial-mark: 349421K(349568K)] 353013K(506816K), 0.0003833 secs] [Times: user=0.00 sys=0.00, real=0.00 secs] 
2020-10-25T20:56:36.871+0800: 1.114: [CMS-concurrent-mark-start]
Heap
 par new generation   total 157248K, used 6387K [0x00000000e0000000, 0x00000000eaaa0000, 0x00000000eaaa0000)
  eden space 139776K,   4% used [0x00000000e0000000, 0x00000000e063cd48, 0x00000000e8880000)
  from space 17472K,   0% used [0x00000000e9990000, 0x00000000e9990000, 0x00000000eaaa0000)
  to   space 17472K,   0% used [0x00000000e8880000, 0x00000000e8880000, 0x00000000e9990000)
 concurrent mark-sweep generation total 349568K, used 349421K [0x00000000eaaa0000, 0x0000000100000000, 0x0000000100000000)
 Metaspace       used 2711K, capacity 4486K, committed 4864K, reserved 1056768K
  class space    used 294K, capacity 386K, committed 512K, reserved 1048576K
