Java HotSpot(TM) 64-Bit Server VM (25.131-b11) for windows-amd64 JRE (1.8.0_131-b11), built on Mar 15 2017 01:23:53 by "java_re" with MS VC++ 10.0 (VS2010)
Memory: 4k page, physical 25037988k(13745140k free), swap 26610852k(8818408k free)
CommandLine flags: -XX:InitialHeapSize=4294967296 -XX:MaxHeapSize=4294967296 -XX:+PrintGC -XX:+PrintGCDateStamps -XX:+PrintGCDetails -XX:+PrintGCTimeStamps -XX:+UseCompressedClassPointers -XX:+UseCompressedOops -XX:-UseLargePagesIndividualAllocation -XX:+UseSerialGC 
2020-10-25T21:02:42.631+0800: 0.691: [GC (Allocation Failure) 2020-10-25T21:02:42.631+0800: 0.691: [DefNew: 1118528K->139775K(1258304K), 0.1111289 secs] 1118528K->238885K(4054528K), 0.1113048 secs] [Times: user=0.06 sys=0.05, real=0.11 secs] 
2020-10-25T21:02:42.887+0800: 0.948: [GC (Allocation Failure) 2020-10-25T21:02:42.887+0800: 0.948: [DefNew: 1258303K->139775K(1258304K), 0.1492561 secs] 1357413K->402929K(4054528K), 0.1493482 secs] [Times: user=0.06 sys=0.09, real=0.15 secs] 
Heap
 def new generation   total 1258304K, used 252068K [0x00000006c0000000, 0x0000000715550000, 0x0000000715550000)
  eden space 1118528K,  10% used [0x00000006c0000000, 0x00000006c6da9128, 0x0000000704450000)
  from space 139776K,  99% used [0x0000000704450000, 0x000000070cccfff0, 0x000000070ccd0000)
  to   space 139776K,   0% used [0x000000070ccd0000, 0x000000070ccd0000, 0x0000000715550000)
 tenured generation   total 2796224K, used 263153K [0x0000000715550000, 0x00000007c0000000, 0x00000007c0000000)
   the space 2796224K,   9% used [0x0000000715550000, 0x000000072564c590, 0x000000072564c600, 0x00000007c0000000)
 Metaspace       used 2711K, capacity 4486K, committed 4864K, reserved 1056768K
  class space    used 294K, capacity 386K, committed 512K, reserved 1048576K
