Java HotSpot(TM) 64-Bit Server VM (25.131-b11) for windows-amd64 JRE (1.8.0_131-b11), built on Mar 15 2017 01:23:53 by "java_re" with MS VC++ 10.0 (VS2010)
Memory: 4k page, physical 25037988k(13255980k free), swap 26610852k(8318220k free)
CommandLine flags: -XX:InitialHeapSize=134217728 -XX:MaxHeapSize=134217728 -XX:MaxNewSize=44740608 -XX:MaxTenuringThreshold=6 -XX:NewSize=44740608 -XX:OldPLABSize=16 -XX:OldSize=89477120 -XX:+PrintGC -XX:+PrintGCDateStamps -XX:+PrintGCDetails -XX:+PrintGCTimeStamps -XX:+UseCompressedClassPointers -XX:+UseCompressedOops -XX:+UseConcMarkSweepGC -XX:-UseLargePagesIndividualAllocation -XX:+UseParNewGC 
2020-10-25T20:56:14.437+0800: 0.129: [GC (Allocation Failure) 2020-10-25T20:56:14.437+0800: 0.130: [ParNew: 34895K->4347K(39296K), 0.0021335 secs] 34895K->10512K(126720K), 0.0024039 secs] [Times: user=0.00 sys=0.00, real=0.00 secs] 
2020-10-25T20:56:14.449+0800: 0.143: [GC (Allocation Failure) 2020-10-25T20:56:14.450+0800: 0.143: [ParNew: 39291K->4345K(39296K), 0.0043245 secs] 45456K->22422K(126720K), 0.0044972 secs] [Times: user=0.00 sys=0.01, real=0.01 secs] 
2020-10-25T20:56:14.460+0800: 0.154: [GC (Allocation Failure) 2020-10-25T20:56:14.460+0800: 0.154: [ParNew: 39289K->4332K(39296K), 0.0085869 secs] 57366K->36443K(126720K), 0.0087207 secs] [Times: user=0.11 sys=0.00, real=0.01 secs] 
2020-10-25T20:56:14.476+0800: 0.169: [GC (Allocation Failure) 2020-10-25T20:56:14.476+0800: 0.169: [ParNew: 39276K->4348K(39296K), 0.0070760 secs] 71387K->47269K(126720K), 0.0072323 secs] [Times: user=0.08 sys=0.03, real=0.01 secs] 
2020-10-25T20:56:14.490+0800: 0.184: [GC (Allocation Failure) 2020-10-25T20:56:14.490+0800: 0.184: [ParNew: 39225K->4350K(39296K), 0.0081661 secs] 82147K->58494K(126720K), 0.0082700 secs] [Times: user=0.06 sys=0.06, real=0.01 secs] 
2020-10-25T20:56:14.499+0800: 0.192: [GC (CMS Initial Mark) [1 CMS-initial-mark: 54144K(87424K)] 58677K(126720K), 0.0002251 secs] [Times: user=0.00 sys=0.00, real=0.00 secs] 
2020-10-25T20:56:14.499+0800: 0.193: [CMS-concurrent-mark-start]
2020-10-25T20:56:14.500+0800: 0.194: [CMS-concurrent-mark: 0.001/0.001 secs] [Times: user=0.00 sys=0.00, real=0.00 secs] 
2020-10-25T20:56:14.500+0800: 0.194: [CMS-concurrent-preclean-start]
2020-10-25T20:56:14.501+0800: 0.194: [CMS-concurrent-preclean: 0.000/0.000 secs] [Times: user=0.00 sys=0.00, real=0.00 secs] 
2020-10-25T20:56:14.501+0800: 0.194: [CMS-concurrent-abortable-preclean-start]
2020-10-25T20:56:14.506+0800: 0.199: [GC (Allocation Failure) 2020-10-25T20:56:14.506+0800: 0.199: [ParNew: 39266K->4341K(39296K), 0.0078975 secs] 93410K->71712K(126720K), 0.0080030 secs] [Times: user=0.06 sys=0.02, real=0.01 secs] 
2020-10-25T20:56:14.523+0800: 0.216: [GC (Allocation Failure) 2020-10-25T20:56:14.523+0800: 0.216: [ParNew: 39285K->4348K(39296K), 0.0071331 secs] 106656K->83575K(126720K), 0.0072341 secs] [Times: user=0.08 sys=0.01, real=0.01 secs] 
2020-10-25T20:56:14.539+0800: 0.232: [GC (Allocation Failure) 2020-10-25T20:56:14.539+0800: 0.232: [ParNew: 39207K->39207K(39296K), 0.0000287 secs]2020-10-25T20:56:14.539+0800: 0.232: [CMS2020-10-25T20:56:14.539+0800: 0.232: [CMS-concurrent-abortable-preclean: 0.001/0.038 secs] [Times: user=0.14 sys=0.03, real=0.04 secs] 
 (concurrent mode failure): 79226K->87329K(87424K), 0.0172895 secs] 118434K->89360K(126720K), [Metaspace: 2705K->2705K(1056768K)], 0.0174333 secs] [Times: user=0.02 sys=0.02, real=0.02 secs] 
2020-10-25T20:56:14.565+0800: 0.259: [Full GC (Allocation Failure) 2020-10-25T20:56:14.566+0800: 0.259: [CMS: 87329K->86994K(87424K), 0.0138435 secs] 126059K->99095K(126720K), [Metaspace: 2705K->2705K(1056768K)], 0.0139590 secs] [Times: user=0.03 sys=0.00, real=0.01 secs] 
2020-10-25T20:56:14.580+0800: 0.273: [GC (CMS Initial Mark) [1 CMS-initial-mark: 86994K(87424K)] 99855K(126720K), 0.0001469 secs] [Times: user=0.00 sys=0.00, real=0.00 secs] 
2020-10-25T20:56:14.580+0800: 0.273: [CMS-concurrent-mark-start]
2020-10-25T20:56:14.580+0800: 0.274: [CMS-concurrent-mark: 0.001/0.001 secs] [Times: user=0.00 sys=0.00, real=0.00 secs] 
2020-10-25T20:56:14.581+0800: 0.274: [CMS-concurrent-preclean-start]
2020-10-25T20:56:14.581+0800: 0.274: [CMS-concurrent-preclean: 0.000/0.000 secs] [Times: user=0.00 sys=0.00, real=0.00 secs] 
2020-10-25T20:56:14.581+0800: 0.275: [CMS-concurrent-abortable-preclean-start]
2020-10-25T20:56:14.581+0800: 0.275: [CMS-concurrent-abortable-preclean: 0.000/0.000 secs] [Times: user=0.00 sys=0.00, real=0.00 secs] 
2020-10-25T20:56:14.581+0800: 0.275: [GC (CMS Final Remark) [YG occupancy: 17358 K (39296 K)]2020-10-25T20:56:14.581+0800: 0.275: [Rescan (parallel) , 0.0001710 secs]2020-10-25T20:56:14.581+0800: 0.275: [weak refs processing, 0.0000225 secs]2020-10-25T20:56:14.581+0800: 0.275: [class unloading, 0.0002443 secs]2020-10-25T20:56:14.582+0800: 0.275: [scrub symbol table, 0.0003178 secs]2020-10-25T20:56:14.582+0800: 0.276: [scrub string table, 0.0001019 secs][1 CMS-remark: 86994K(87424K)] 104352K(126720K), 0.0009961 secs] [Times: user=0.00 sys=0.00, real=0.00 secs] 
2020-10-25T20:56:14.582+0800: 0.276: [CMS-concurrent-sweep-start]
2020-10-25T20:56:14.582+0800: 0.276: [CMS-concurrent-sweep: 0.000/0.000 secs] [Times: user=0.00 sys=0.00, real=0.00 secs] 
2020-10-25T20:56:14.583+0800: 0.276: [CMS-concurrent-reset-start]
2020-10-25T20:56:14.583+0800: 0.276: [CMS-concurrent-reset: 0.000/0.000 secs] [Times: user=0.00 sys=0.00, real=0.00 secs] 
2020-10-25T20:56:14.587+0800: 0.280: [GC (Allocation Failure) 2020-10-25T20:56:14.587+0800: 0.280: [ParNew: 39175K->39175K(39296K), 0.0000309 secs]2020-10-25T20:56:14.587+0800: 0.280: [CMS: 86994K->87300K(87424K), 0.0128335 secs] 126169K->104119K(126720K), [Metaspace: 2705K->2705K(1056768K)], 0.0129862 secs] [Times: user=0.01 sys=0.00, real=0.01 secs] 
2020-10-25T20:56:14.600+0800: 0.293: [GC (CMS Initial Mark) [1 CMS-initial-mark: 87300K(87424K)] 104284K(126720K), 0.0001449 secs] [Times: user=0.00 sys=0.00, real=0.00 secs] 
2020-10-25T20:56:14.600+0800: 0.293: [CMS-concurrent-mark-start]
2020-10-25T20:56:14.601+0800: 0.294: [CMS-concurrent-mark: 0.001/0.001 secs] [Times: user=0.00 sys=0.00, real=0.00 secs] 
2020-10-25T20:56:14.601+0800: 0.294: [CMS-concurrent-preclean-start]
2020-10-25T20:56:14.601+0800: 0.294: [CMS-concurrent-preclean: 0.000/0.000 secs] [Times: user=0.00 sys=0.00, real=0.00 secs] 
2020-10-25T20:56:14.601+0800: 0.295: [CMS-concurrent-abortable-preclean-start]
2020-10-25T20:56:14.601+0800: 0.295: [CMS-concurrent-abortable-preclean: 0.000/0.000 secs] [Times: user=0.00 sys=0.00, real=0.00 secs] 
2020-10-25T20:56:14.601+0800: 0.295: [GC (CMS Final Remark) [YG occupancy: 26979 K (39296 K)]2020-10-25T20:56:14.601+0800: 0.295: [Rescan (parallel) , 0.0001656 secs]2020-10-25T20:56:14.601+0800: 0.295: [weak refs processing, 0.0000227 secs]2020-10-25T20:56:14.601+0800: 0.295: [class unloading, 0.0002256 secs]2020-10-25T20:56:14.602+0800: 0.295: [scrub symbol table, 0.0002927 secs]2020-10-25T20:56:14.602+0800: 0.295: [scrub string table, 0.0000986 secs][1 CMS-remark: 87300K(87424K)] 114279K(126720K), 0.0009427 secs] [Times: user=0.00 sys=0.00, real=0.00 secs] 
2020-10-25T20:56:14.602+0800: 0.296: [CMS-concurrent-sweep-start]
2020-10-25T20:56:14.602+0800: 0.296: [CMS-concurrent-sweep: 0.000/0.000 secs] [Times: user=0.00 sys=0.00, real=0.00 secs] 
2020-10-25T20:56:14.602+0800: 0.296: [CMS-concurrent-reset-start]
2020-10-25T20:56:14.603+0800: 0.296: [CMS-concurrent-reset: 0.000/0.000 secs] [Times: user=0.00 sys=0.00, real=0.00 secs] 
2020-10-25T20:56:14.604+0800: 0.297: [GC (Allocation Failure) 2020-10-25T20:56:14.604+0800: 0.297: [ParNew: 39289K->39289K(39296K), 0.0000263 secs]2020-10-25T20:56:14.604+0800: 0.297: [CMS: 87300K->86668K(87424K), 0.0146366 secs] 126590K->110795K(126720K), [Metaspace: 2705K->2705K(1056768K)], 0.0147613 secs] [Times: user=0.02 sys=0.00, real=0.01 secs] 
2020-10-25T20:56:14.619+0800: 0.312: [GC (CMS Initial Mark) [1 CMS-initial-mark: 86668K(87424K)] 112158K(126720K), 0.0001418 secs] [Times: user=0.00 sys=0.00, real=0.00 secs] 
2020-10-25T20:56:14.619+0800: 0.312: [CMS-concurrent-mark-start]
2020-10-25T20:56:14.619+0800: 0.313: [CMS-concurrent-mark: 0.001/0.001 secs] [Times: user=0.00 sys=0.00, real=0.00 secs] 
2020-10-25T20:56:14.619+0800: 0.313: [CMS-concurrent-preclean-start]
2020-10-25T20:56:14.620+0800: 0.313: [CMS-concurrent-preclean: 0.000/0.000 secs] [Times: user=0.00 sys=0.00, real=0.00 secs] 
2020-10-25T20:56:14.620+0800: 0.313: [CMS-concurrent-abortable-preclean-start]
2020-10-25T20:56:14.620+0800: 0.313: [CMS-concurrent-abortable-preclean: 0.000/0.000 secs] [Times: user=0.00 sys=0.00, real=0.00 secs] 
2020-10-25T20:56:14.620+0800: 0.313: [GC (CMS Final Remark) [YG occupancy: 33124 K (39296 K)]2020-10-25T20:56:14.620+0800: 0.313: [Rescan (parallel) , 0.0001716 secs]2020-10-25T20:56:14.620+0800: 0.314: [weak refs processing, 0.0000226 secs]2020-10-25T20:56:14.620+0800: 0.314: [class unloading, 0.0001888 secs]2020-10-25T20:56:14.621+0800: 0.314: [scrub symbol table, 0.0003318 secs]2020-10-25T20:56:14.621+0800: 0.314: [scrub string table, 0.0001012 secs][1 CMS-remark: 86668K(87424K)] 119792K(126720K), 0.0009518 secs] [Times: user=0.00 sys=0.00, real=0.00 secs] 
2020-10-25T20:56:14.621+0800: 0.314: [CMS-concurrent-sweep-start]
2020-10-25T20:56:14.621+0800: 0.315: [CMS-concurrent-sweep: 0.000/0.000 secs] [Times: user=0.00 sys=0.00, real=0.00 secs] 
2020-10-25T20:56:14.621+0800: 0.315: [CMS-concurrent-reset-start]
2020-10-25T20:56:14.621+0800: 0.315: [CMS-concurrent-reset: 0.000/0.000 secs] [Times: user=0.00 sys=0.00, real=0.00 secs] 
2020-10-25T20:56:14.622+0800: 0.316: [GC (Allocation Failure) 2020-10-25T20:56:14.622+0800: 0.316: [ParNew: 39279K->39279K(39296K), 0.0000269 secs]2020-10-25T20:56:14.622+0800: 0.316: [CMS: 86668K->87402K(87424K), 0.0132067 secs] 125947K->113873K(126720K), [Metaspace: 2705K->2705K(1056768K)], 0.0133492 secs] [Times: user=0.00 sys=0.00, real=0.01 secs] 
2020-10-25T20:56:14.636+0800: 0.329: [GC (CMS Initial Mark) [1 CMS-initial-mark: 87402K(87424K)] 114017K(126720K), 0.0001743 secs] [Times: user=0.00 sys=0.00, real=0.00 secs] 
2020-10-25T20:56:14.636+0800: 0.329: [CMS-concurrent-mark-start]
2020-10-25T20:56:14.637+0800: 0.330: [CMS-concurrent-mark: 0.001/0.001 secs] [Times: user=0.00 sys=0.00, real=0.00 secs] 
2020-10-25T20:56:14.637+0800: 0.330: [CMS-concurrent-preclean-start]
2020-10-25T20:56:14.637+0800: 0.331: [CMS-concurrent-preclean: 0.000/0.000 secs] [Times: user=0.00 sys=0.00, real=0.00 secs] 
2020-10-25T20:56:14.637+0800: 0.331: [CMS-concurrent-abortable-preclean-start]
2020-10-25T20:56:14.637+0800: 0.331: [CMS-concurrent-abortable-preclean: 0.000/0.000 secs] [Times: user=0.00 sys=0.00, real=0.00 secs] 
2020-10-25T20:56:14.637+0800: 0.331: [GC (CMS Final Remark) [YG occupancy: 36931 K (39296 K)]2020-10-25T20:56:14.637+0800: 0.331: [Rescan (parallel) , 0.0001528 secs]2020-10-25T20:56:14.638+0800: 0.331: [weak refs processing, 0.0000244 secs]2020-10-25T20:56:14.638+0800: 0.331: [class unloading, 0.0001908 secs]2020-10-25T20:56:14.638+0800: 0.331: [scrub symbol table, 0.0002960 secs]2020-10-25T20:56:14.638+0800: 0.331: [scrub string table, 0.0000992 secs][1 CMS-remark: 87402K(87424K)] 124334K(126720K), 0.0009012 secs] [Times: user=0.13 sys=0.00, real=0.00 secs] 
2020-10-25T20:56:14.638+0800: 0.332: [CMS-concurrent-sweep-start]
2020-10-25T20:56:14.639+0800: 0.332: [CMS-concurrent-sweep: 0.000/0.000 secs] [Times: user=0.00 sys=0.00, real=0.00 secs] 
2020-10-25T20:56:14.639+0800: 0.332: [Full GC (Allocation Failure) 2020-10-25T20:56:14.639+0800: 0.332: [CMS: 87402K->87354K(87424K), 0.0097712 secs] 126351K->118659K(126720K), [Metaspace: 2705K->2705K(1056768K)], 0.0098909 secs] [Times: user=0.00 sys=0.00, real=0.01 secs] 
2020-10-25T20:56:14.650+0800: 0.343: [Full GC (Allocation Failure) 2020-10-25T20:56:14.650+0800: 0.343: [CMS: 87390K->87124K(87424K), 0.0161459 secs] 126677K->121202K(126720K), [Metaspace: 2705K->2705K(1056768K)], 0.0162747 secs] [Times: user=0.02 sys=0.00, real=0.02 secs] 
2020-10-25T20:56:14.666+0800: 0.360: [GC (CMS Initial Mark) [1 CMS-initial-mark: 87124K(87424K)] 121734K(126720K), 0.0002259 secs] [Times: user=0.00 sys=0.00, real=0.00 secs] 
2020-10-25T20:56:14.667+0800: 0.360: [CMS-concurrent-mark-start]
2020-10-25T20:56:14.668+0800: 0.361: [Full GC (Allocation Failure) 2020-10-25T20:56:14.668+0800: 0.361: [CMS2020-10-25T20:56:14.669+0800: 0.362: [CMS-concurrent-mark: 0.001/0.002 secs] [Times: user=0.00 sys=0.00, real=0.00 secs] 
 (concurrent mode failure): 87294K->87385K(87424K), 0.0177699 secs] 126588K->122419K(126720K), [Metaspace: 2705K->2705K(1056768K)], 0.0178546 secs] [Times: user=0.02 sys=0.00, real=0.02 secs] 
2020-10-25T20:56:14.686+0800: 0.379: [Full GC (Allocation Failure) 2020-10-25T20:56:14.686+0800: 0.379: [CMS: 87385K->87385K(87424K), 0.0020502 secs] 126644K->123094K(126720K), [Metaspace: 2705K->2705K(1056768K)], 0.0021146 secs] [Times: user=0.00 sys=0.00, real=0.00 secs] 
2020-10-25T20:56:14.689+0800: 0.382: [GC (CMS Initial Mark) [1 CMS-initial-mark: 87385K(87424K)] 123166K(126720K), 0.0002902 secs] [Times: user=0.00 sys=0.00, real=0.00 secs] 
2020-10-25T20:56:14.689+0800: 0.382: [CMS-concurrent-mark-start]
2020-10-25T20:56:14.690+0800: 0.383: [Full GC (Allocation Failure) 2020-10-25T20:56:14.690+0800: 0.383: [CMS2020-10-25T20:56:14.692+0800: 0.385: [CMS-concurrent-mark: 0.001/0.003 secs] [Times: user=0.00 sys=0.00, real=0.00 secs] 
 (concurrent mode failure): 87385K->87385K(87424K), 0.0042632 secs] 126387K->123762K(126720K), [Metaspace: 2705K->2705K(1056768K)], 0.0043470 secs] [Times: user=0.00 sys=0.00, real=0.00 secs] 
2020-10-25T20:56:14.694+0800: 0.388: [Full GC (Allocation Failure) 2020-10-25T20:56:14.694+0800: 0.388: [CMS: 87385K->87025K(87424K), 0.0133953 secs] 126263K->123779K(126720K), [Metaspace: 2705K->2705K(1056768K)], 0.0134741 secs] [Times: user=0.02 sys=0.00, real=0.01 secs] 
2020-10-25T20:56:14.708+0800: 0.401: [GC (CMS Initial Mark) [1 CMS-initial-mark: 87025K(87424K)] 124657K(126720K), 0.0003432 secs] [Times: user=0.00 sys=0.00, real=0.00 secs] 
2020-10-25T20:56:14.709+0800: 0.402: [CMS-concurrent-mark-start]
2020-10-25T20:56:14.709+0800: 0.402: [Full GC (Allocation Failure) 2020-10-25T20:56:14.709+0800: 0.402: [CMS2020-10-25T20:56:14.711+0800: 0.404: [CMS-concurrent-mark: 0.001/0.002 secs] [Times: user=0.00 sys=0.00, real=0.00 secs] 
 (concurrent mode failure): 87025K->87025K(87424K), 0.0034975 secs] 126178K->123951K(126720K), [Metaspace: 2705K->2705K(1056768K)], 0.0035562 secs] [Times: user=0.00 sys=0.00, real=0.00 secs] 
2020-10-25T20:56:14.713+0800: 0.406: [Full GC (Allocation Failure) 2020-10-25T20:56:14.713+0800: 0.406: [CMS: 87169K->87169K(87424K), 0.0013345 secs] 126326K->124196K(126720K), [Metaspace: 2705K->2705K(1056768K)], 0.0013919 secs] [Times: user=0.00 sys=0.00, real=0.00 secs] 
2020-10-25T20:56:14.715+0800: 0.408: [GC (CMS Initial Mark) [1 CMS-initial-mark: 87169K(87424K)] 124731K(126720K), 0.0003488 secs] [Times: user=0.00 sys=0.00, real=0.00 secs] 
2020-10-25T20:56:14.715+0800: 0.408: [CMS-concurrent-mark-start]
2020-10-25T20:56:14.715+0800: 0.409: [Full GC (Allocation Failure) 2020-10-25T20:56:14.715+0800: 0.409: [CMS2020-10-25T20:56:14.717+0800: 0.410: [CMS-concurrent-mark: 0.001/0.002 secs] [Times: user=0.00 sys=0.00, real=0.00 secs] 
 (concurrent mode failure): 87169K->87025K(87424K), 0.0032746 secs] 126443K->124752K(126720K), [Metaspace: 2705K->2705K(1056768K)], 0.0033563 secs] [Times: user=0.00 sys=0.00, real=0.00 secs] 
2020-10-25T20:56:14.719+0800: 0.412: [Full GC (Allocation Failure) 2020-10-25T20:56:14.719+0800: 0.412: [CMS: 87025K->86946K(87424K), 0.0022538 secs] 126052K->124820K(126720K), [Metaspace: 2705K->2705K(1056768K)], 0.0023215 secs] [Times: user=0.00 sys=0.00, real=0.00 secs] 
2020-10-25T20:56:14.722+0800: 0.415: [GC (CMS Initial Mark) [1 CMS-initial-mark: 86946K(87424K)] 125921K(126720K), 0.0004130 secs] [Times: user=0.00 sys=0.00, real=0.00 secs] 
2020-10-25T20:56:14.722+0800: 0.415: [CMS-concurrent-mark-start]
2020-10-25T20:56:14.722+0800: 0.415: [Full GC (Allocation Failure) 2020-10-25T20:56:14.722+0800: 0.416: [CMS2020-10-25T20:56:14.724+0800: 0.417: [CMS-concurrent-mark: 0.001/0.002 secs] [Times: user=0.00 sys=0.00, real=0.00 secs] 
 (concurrent mode failure): 87382K->86964K(87424K), 0.0034146 secs] 126665K->125055K(126720K), [Metaspace: 2705K->2705K(1056768K)], 0.0034777 secs] [Times: user=0.00 sys=0.00, real=0.00 secs] 
2020-10-25T20:56:14.726+0800: 0.419: [Full GC (Allocation Failure) 2020-10-25T20:56:14.726+0800: 0.419: [CMS: 87235K->86779K(87424K), 0.0018889 secs] 126369K->125343K(126720K), [Metaspace: 2705K->2705K(1056768K)], 0.0019566 secs] [Times: user=0.00 sys=0.00, real=0.00 secs] 
2020-10-25T20:56:14.728+0800: 0.421: [Full GC (Allocation Failure) 2020-10-25T20:56:14.728+0800: 0.421: [CMS: 86779K->86779K(87424K), 0.0014103 secs] 125545K->125545K(126720K), [Metaspace: 2705K->2705K(1056768K)], 0.0014686 secs] [Times: user=0.00 sys=0.00, real=0.00 secs] 
2020-10-25T20:56:14.730+0800: 0.423: [Full GC (Allocation Failure) 2020-10-25T20:56:14.730+0800: 0.423: [CMS: 86779K->86760K(87424K), 0.0123053 secs] 125545K->125526K(126720K), [Metaspace: 2705K->2705K(1056768K)], 0.0123739 secs] [Times: user=0.01 sys=0.00, real=0.01 secs] 
2020-10-25T20:56:14.743+0800: 0.436: [GC (CMS Initial Mark) [1 CMS-initial-mark: 86760K(87424K)] 125526K(126720K), 0.0003474 secs] [Times: user=0.00 sys=0.00, real=0.00 secs] 
2020-10-25T20:56:14.743+0800: 0.436: [CMS-concurrent-mark-start]
2020-10-25T20:56:14.744+0800: 0.437: [CMS-concurrent-mark: 0.001/0.001 secs] [Times: user=0.00 sys=0.00, real=0.00 secs] 
2020-10-25T20:56:14.744+0800: 0.437: [CMS-concurrent-preclean-start]
Heap
 par new generation   total 39296K, used 38812K [0x00000000f8000000, 0x00000000faaa0000, 0x00000000faaa0000)
  eden space 34944K, 100% used [0x00000000f8000000, 0x00000000fa220000, 0x00000000fa220000)
  from space 4352K,  88% used [0x00000000fa660000, 0x00000000faa27210, 0x00000000faaa0000)
  to   space 4352K,   0% used [0x00000000fa220000, 0x00000000fa220000, 0x00000000fa660000)
 concurrent mark-sweep generation total 87424K, used 86760K [0x00000000faaa0000, 0x0000000100000000, 0x0000000100000000)
 Metaspace       used 2735K, capacity 4486K, committed 4864K, reserved 1056768K
  class space    used 297K, capacity 386K, committed 512K, reserved 1048576K
