Java HotSpot(TM) 64-Bit Server VM (25.131-b11) for windows-amd64 JRE (1.8.0_131-b11), built on Mar 15 2017 01:23:53 by "java_re" with MS VC++ 10.0 (VS2010)
Memory: 4k page, physical 25037988k(14040312k free), swap 26610852k(9169616k free)
CommandLine flags: -XX:InitialHeapSize=536870912 -XX:MaxHeapSize=536870912 -XX:+PrintGC -XX:+PrintGCDateStamps -XX:+PrintGCDetails -XX:+PrintGCTimeStamps -XX:+UseCompressedClassPointers -XX:+UseCompressedOops -XX:+UseG1GC -XX:-UseLargePagesIndividualAllocation 
2020-10-25T20:58:13.776+0800: 0.129: [GC pause (G1 Evacuation Pause) (young), 0.0028963 secs]
   [Parallel Time: 2.2 ms, GC Workers: 8]
      [GC Worker Start (ms): Min: 129.1, Avg: 129.2, Max: 129.2, Diff: 0.1]
      [Ext Root Scanning (ms): Min: 0.1, Avg: 0.2, Max: 0.2, Diff: 0.2, Sum: 1.3]
      [Update RS (ms): Min: 0.0, Avg: 0.0, Max: 0.0, Diff: 0.0, Sum: 0.0]
         [Processed Buffers: Min: 0, Avg: 0.0, Max: 0, Diff: 0, Sum: 0]
      [Scan RS (ms): Min: 0.0, Avg: 0.0, Max: 0.0, Diff: 0.0, Sum: 0.0]
      [Code Root Scanning (ms): Min: 0.0, Avg: 0.0, Max: 0.2, Diff: 0.2, Sum: 0.3]
      [Object Copy (ms): Min: 1.5, Avg: 1.7, Max: 1.9, Diff: 0.4, Sum: 13.7]
      [Termination (ms): Min: 0.0, Avg: 0.1, Max: 0.2, Diff: 0.2, Sum: 1.0]
         [Termination Attempts: Min: 1, Avg: 4.1, Max: 7, Diff: 6, Sum: 33]
      [GC Worker Other (ms): Min: 0.0, Avg: 0.0, Max: 0.0, Diff: 0.0, Sum: 0.2]
      [GC Worker Total (ms): Min: 2.0, Avg: 2.1, Max: 2.1, Diff: 0.1, Sum: 16.5]
      [GC Worker End (ms): Min: 131.2, Avg: 131.2, Max: 131.2, Diff: 0.0]
   [Code Root Fixup: 0.0 ms]
   [Code Root Purge: 0.0 ms]
   [Clear CT: 0.1 ms]
   [Other: 0.5 ms]
      [Choose CSet: 0.0 ms]
      [Ref Proc: 0.1 ms]
      [Ref Enq: 0.0 ms]
      [Redirty Cards: 0.1 ms]
      [Humongous Register: 0.0 ms]
      [Humongous Reclaim: 0.0 ms]
      [Free CSet: 0.0 ms]
   [Eden: 25.0M(25.0M)->0.0B(21.0M) Survivors: 0.0B->4096.0K Heap: 29.4M(512.0M)->12.9M(512.0M)]
 [Times: user=0.03 sys=0.08, real=0.00 secs] 
2020-10-25T20:58:13.788+0800: 0.141: [GC pause (G1 Evacuation Pause) (young), 0.0036370 secs]
   [Parallel Time: 2.2 ms, GC Workers: 8]
      [GC Worker Start (ms): Min: 141.0, Avg: 141.5, Max: 143.0, Diff: 2.0]
      [Ext Root Scanning (ms): Min: 0.0, Avg: 0.1, Max: 0.2, Diff: 0.2, Sum: 0.9]
      [Update RS (ms): Min: 0.0, Avg: 0.1, Max: 0.3, Diff: 0.3, Sum: 0.5]
         [Processed Buffers: Min: 0, Avg: 0.9, Max: 2, Diff: 2, Sum: 7]
      [Scan RS (ms): Min: 0.0, Avg: 0.0, Max: 0.0, Diff: 0.0, Sum: 0.0]
      [Code Root Scanning (ms): Min: 0.0, Avg: 0.0, Max: 0.0, Diff: 0.0, Sum: 0.0]
      [Object Copy (ms): Min: 0.0, Avg: 1.3, Max: 1.8, Diff: 1.8, Sum: 10.1]
      [Termination (ms): Min: 0.0, Avg: 0.1, Max: 0.1, Diff: 0.1, Sum: 0.5]
         [Termination Attempts: Min: 1, Avg: 1.0, Max: 1, Diff: 0, Sum: 8]
      [GC Worker Other (ms): Min: 0.0, Avg: 0.0, Max: 0.0, Diff: 0.0, Sum: 0.0]
      [GC Worker Total (ms): Min: 0.0, Avg: 1.5, Max: 2.1, Diff: 2.1, Sum: 12.1]
      [GC Worker End (ms): Min: 143.0, Avg: 143.0, Max: 143.0, Diff: 0.0]
   [Code Root Fixup: 0.0 ms]
   [Code Root Purge: 0.0 ms]
   [Clear CT: 0.5 ms]
   [Other: 1.0 ms]
      [Choose CSet: 0.0 ms]
      [Ref Proc: 0.1 ms]
      [Ref Enq: 0.0 ms]
      [Redirty Cards: 0.5 ms]
      [Humongous Register: 0.0 ms]
      [Humongous Reclaim: 0.0 ms]
      [Free CSet: 0.1 ms]
   [Eden: 21.0M(21.0M)->0.0B(32.0M) Survivors: 4096.0K->4096.0K Heap: 40.5M(512.0M)->23.1M(512.0M)]
 [Times: user=0.00 sys=0.00, real=0.00 secs] 
2020-10-25T20:58:13.810+0800: 0.163: [GC pause (G1 Evacuation Pause) (young), 0.0029202 secs]
   [Parallel Time: 2.3 ms, GC Workers: 8]
      [GC Worker Start (ms): Min: 162.6, Avg: 162.7, Max: 162.9, Diff: 0.2]
      [Ext Root Scanning (ms): Min: 0.0, Avg: 0.1, Max: 0.2, Diff: 0.2, Sum: 0.8]
      [Update RS (ms): Min: 0.0, Avg: 0.3, Max: 1.6, Diff: 1.6, Sum: 2.1]
         [Processed Buffers: Min: 0, Avg: 0.9, Max: 1, Diff: 1, Sum: 7]
      [Scan RS (ms): Min: 0.0, Avg: 0.0, Max: 0.0, Diff: 0.0, Sum: 0.0]
      [Code Root Scanning (ms): Min: 0.0, Avg: 0.0, Max: 0.0, Diff: 0.0, Sum: 0.0]
      [Object Copy (ms): Min: 0.2, Avg: 1.5, Max: 1.9, Diff: 1.7, Sum: 12.3]
      [Termination (ms): Min: 0.0, Avg: 0.2, Max: 0.7, Diff: 0.7, Sum: 1.5]
         [Termination Attempts: Min: 1, Avg: 1.1, Max: 2, Diff: 1, Sum: 9]
      [GC Worker Other (ms): Min: 0.0, Avg: 0.0, Max: 0.0, Diff: 0.0, Sum: 0.1]
      [GC Worker Total (ms): Min: 2.0, Avg: 2.1, Max: 2.2, Diff: 0.2, Sum: 16.8]
      [GC Worker End (ms): Min: 164.8, Avg: 164.8, Max: 164.8, Diff: 0.0]
   [Code Root Fixup: 0.0 ms]
   [Code Root Purge: 0.0 ms]
   [Clear CT: 0.1 ms]
   [Other: 0.5 ms]
      [Choose CSet: 0.0 ms]
      [Ref Proc: 0.1 ms]
      [Ref Enq: 0.0 ms]
      [Redirty Cards: 0.1 ms]
      [Humongous Register: 0.0 ms]
      [Humongous Reclaim: 0.0 ms]
      [Free CSet: 0.0 ms]
   [Eden: 32.0M(32.0M)->0.0B(57.0M) Survivors: 4096.0K->5120.0K Heap: 60.6M(512.0M)->34.9M(512.0M)]
 [Times: user=0.00 sys=0.00, real=0.00 secs] 
2020-10-25T20:58:13.848+0800: 0.200: [GC pause (G1 Evacuation Pause) (young), 0.0056002 secs]
   [Parallel Time: 4.0 ms, GC Workers: 8]
      [GC Worker Start (ms): Min: 200.5, Avg: 200.6, Max: 200.6, Diff: 0.1]
      [Ext Root Scanning (ms): Min: 0.1, Avg: 0.1, Max: 0.2, Diff: 0.1, Sum: 0.9]
      [Update RS (ms): Min: 0.3, Avg: 0.4, Max: 0.4, Diff: 0.1, Sum: 2.9]
         [Processed Buffers: Min: 5, Avg: 6.3, Max: 8, Diff: 3, Sum: 50]
      [Scan RS (ms): Min: 0.0, Avg: 0.0, Max: 0.0, Diff: 0.0, Sum: 0.0]
      [Code Root Scanning (ms): Min: 0.0, Avg: 0.0, Max: 0.0, Diff: 0.0, Sum: 0.0]
      [Object Copy (ms): Min: 3.0, Avg: 3.0, Max: 3.1, Diff: 0.1, Sum: 24.1]
      [Termination (ms): Min: 0.0, Avg: 0.1, Max: 0.1, Diff: 0.1, Sum: 0.5]
         [Termination Attempts: Min: 1, Avg: 1.0, Max: 1, Diff: 0, Sum: 8]
      [GC Worker Other (ms): Min: 0.0, Avg: 0.0, Max: 0.0, Diff: 0.0, Sum: 0.1]
      [GC Worker Total (ms): Min: 3.5, Avg: 3.6, Max: 3.6, Diff: 0.1, Sum: 28.6]
      [GC Worker End (ms): Min: 204.1, Avg: 204.1, Max: 204.1, Diff: 0.0]
   [Code Root Fixup: 0.0 ms]
   [Code Root Purge: 0.0 ms]
   [Clear CT: 0.8 ms]
   [Other: 0.8 ms]
      [Choose CSet: 0.0 ms]
      [Ref Proc: 0.2 ms]
      [Ref Enq: 0.0 ms]
      [Redirty Cards: 0.5 ms]
      [Humongous Register: 0.0 ms]
      [Humongous Reclaim: 0.0 ms]
      [Free CSet: 0.0 ms]
   [Eden: 57.0M(57.0M)->0.0B(162.0M) Survivors: 5120.0K->8192.0K Heap: 113.4M(512.0M)->61.0M(512.0M)]
 [Times: user=0.00 sys=0.00, real=0.01 secs] 
2020-10-25T20:58:13.928+0800: 0.281: [GC pause (G1 Evacuation Pause) (young), 0.0092911 secs]
   [Parallel Time: 8.0 ms, GC Workers: 8]
      [GC Worker Start (ms): Min: 280.8, Avg: 280.9, Max: 281.2, Diff: 0.3]
      [Ext Root Scanning (ms): Min: 0.0, Avg: 0.1, Max: 0.2, Diff: 0.2, Sum: 0.9]
      [Update RS (ms): Min: 0.0, Avg: 0.1, Max: 0.2, Diff: 0.2, Sum: 1.1]
         [Processed Buffers: Min: 0, Avg: 2.1, Max: 3, Diff: 3, Sum: 17]
      [Scan RS (ms): Min: 0.0, Avg: 0.0, Max: 0.0, Diff: 0.0, Sum: 0.2]
      [Code Root Scanning (ms): Min: 0.0, Avg: 0.0, Max: 0.0, Diff: 0.0, Sum: 0.0]
      [Object Copy (ms): Min: 7.4, Avg: 7.5, Max: 7.6, Diff: 0.2, Sum: 59.9]
      [Termination (ms): Min: 0.0, Avg: 0.1, Max: 0.2, Diff: 0.2, Sum: 0.8]
         [Termination Attempts: Min: 1, Avg: 1.0, Max: 1, Diff: 0, Sum: 8]
      [GC Worker Other (ms): Min: 0.0, Avg: 0.0, Max: 0.0, Diff: 0.0, Sum: 0.1]
      [GC Worker Total (ms): Min: 7.6, Avg: 7.9, Max: 7.9, Diff: 0.4, Sum: 63.0]
      [GC Worker End (ms): Min: 288.8, Avg: 288.8, Max: 288.8, Diff: 0.0]
   [Code Root Fixup: 0.0 ms]
   [Code Root Purge: 0.0 ms]
   [Clear CT: 0.3 ms]
   [Other: 1.0 ms]
      [Choose CSet: 0.0 ms]
      [Ref Proc: 0.3 ms]
      [Ref Enq: 0.0 ms]
      [Redirty Cards: 0.3 ms]
      [Humongous Register: 0.1 ms]
      [Humongous Reclaim: 0.1 ms]
      [Free CSet: 0.1 ms]
   [Eden: 162.0M(162.0M)->0.0B(86.0M) Survivors: 8192.0K->22.0M Heap: 260.4M(512.0M)->123.6M(512.0M)]
 [Times: user=0.05 sys=0.08, real=0.01 secs] 
2020-10-25T20:58:13.956+0800: 0.308: [GC pause (G1 Evacuation Pause) (young), 0.0073638 secs]
   [Parallel Time: 6.0 ms, GC Workers: 8]
      [GC Worker Start (ms): Min: 308.6, Avg: 308.6, Max: 308.7, Diff: 0.1]
      [Ext Root Scanning (ms): Min: 0.1, Avg: 0.1, Max: 0.2, Diff: 0.1, Sum: 0.9]
      [Update RS (ms): Min: 0.1, Avg: 0.2, Max: 0.3, Diff: 0.2, Sum: 1.4]
         [Processed Buffers: Min: 0, Avg: 2.0, Max: 3, Diff: 3, Sum: 16]
      [Scan RS (ms): Min: 0.0, Avg: 0.0, Max: 0.0, Diff: 0.0, Sum: 0.1]
      [Code Root Scanning (ms): Min: 0.0, Avg: 0.0, Max: 0.0, Diff: 0.0, Sum: 0.0]
      [Object Copy (ms): Min: 5.2, Avg: 5.4, Max: 5.4, Diff: 0.2, Sum: 42.9]
      [Termination (ms): Min: 0.0, Avg: 0.1, Max: 0.2, Diff: 0.2, Sum: 0.5]
         [Termination Attempts: Min: 1, Avg: 1.8, Max: 3, Diff: 2, Sum: 14]
      [GC Worker Other (ms): Min: 0.0, Avg: 0.0, Max: 0.0, Diff: 0.0, Sum: 0.1]
      [GC Worker Total (ms): Min: 5.7, Avg: 5.7, Max: 5.8, Diff: 0.1, Sum: 45.9]
      [GC Worker End (ms): Min: 314.4, Avg: 314.4, Max: 314.4, Diff: 0.0]
   [Code Root Fixup: 0.0 ms]
   [Code Root Purge: 0.0 ms]
   [Clear CT: 0.4 ms]
   [Other: 0.9 ms]
      [Choose CSet: 0.0 ms]
      [Ref Proc: 0.1 ms]
      [Ref Enq: 0.0 ms]
      [Redirty Cards: 0.5 ms]
      [Humongous Register: 0.0 ms]
      [Humongous Reclaim: 0.0 ms]
      [Free CSet: 0.1 ms]
   [Eden: 86.0M(86.0M)->0.0B(160.0M) Survivors: 22.0M->14.0M Heap: 229.7M(512.0M)->150.5M(512.0M)]
 [Times: user=0.00 sys=0.00, real=0.01 secs] 
2020-10-25T20:58:14.006+0800: 0.358: [GC pause (G1 Evacuation Pause) (young), 0.0091673 secs]
   [Parallel Time: 8.0 ms, GC Workers: 8]
      [GC Worker Start (ms): Min: 357.9, Avg: 358.0, Max: 358.1, Diff: 0.1]
      [Ext Root Scanning (ms): Min: 0.1, Avg: 0.1, Max: 0.2, Diff: 0.1, Sum: 0.8]
      [Update RS (ms): Min: 0.1, Avg: 0.2, Max: 0.7, Diff: 0.6, Sum: 1.6]
         [Processed Buffers: Min: 0, Avg: 1.6, Max: 2, Diff: 2, Sum: 13]
      [Scan RS (ms): Min: 0.0, Avg: 0.0, Max: 0.0, Diff: 0.0, Sum: 0.1]
      [Code Root Scanning (ms): Min: 0.0, Avg: 0.0, Max: 0.0, Diff: 0.0, Sum: 0.0]
      [Object Copy (ms): Min: 7.1, Avg: 7.4, Max: 7.6, Diff: 0.5, Sum: 59.1]
      [Termination (ms): Min: 0.0, Avg: 0.1, Max: 0.2, Diff: 0.2, Sum: 1.2]
         [Termination Attempts: Min: 1, Avg: 1.8, Max: 3, Diff: 2, Sum: 14]
      [GC Worker Other (ms): Min: 0.0, Avg: 0.0, Max: 0.0, Diff: 0.0, Sum: 0.1]
      [GC Worker Total (ms): Min: 7.8, Avg: 7.9, Max: 7.9, Diff: 0.1, Sum: 62.8]
      [GC Worker End (ms): Min: 365.9, Avg: 365.9, Max: 365.9, Diff: 0.0]
   [Code Root Fixup: 0.0 ms]
   [Code Root Purge: 0.0 ms]
   [Clear CT: 0.2 ms]
   [Other: 0.9 ms]
      [Choose CSet: 0.0 ms]
      [Ref Proc: 0.1 ms]
      [Ref Enq: 0.0 ms]
      [Redirty Cards: 0.6 ms]
      [Humongous Register: 0.0 ms]
      [Humongous Reclaim: 0.1 ms]
      [Free CSet: 0.1 ms]
   [Eden: 160.0M(160.0M)->0.0B(174.0M) Survivors: 14.0M->22.0M Heap: 353.0M(512.0M)->201.5M(512.0M)]
 [Times: user=0.03 sys=0.09, real=0.01 secs] 
2020-10-25T20:58:14.029+0800: 0.381: [GC pause (G1 Humongous Allocation) (young) (initial-mark), 0.0069685 secs]
   [Parallel Time: 5.1 ms, GC Workers: 8]
      [GC Worker Start (ms): Min: 381.2, Avg: 381.2, Max: 381.4, Diff: 0.2]
      [Ext Root Scanning (ms): Min: 0.0, Avg: 0.1, Max: 0.2, Diff: 0.2, Sum: 1.2]
      [Update RS (ms): Min: 0.1, Avg: 0.2, Max: 0.2, Diff: 0.1, Sum: 1.2]
         [Processed Buffers: Min: 0, Avg: 2.3, Max: 3, Diff: 3, Sum: 18]
      [Scan RS (ms): Min: 0.0, Avg: 0.0, Max: 0.0, Diff: 0.0, Sum: 0.1]
      [Code Root Scanning (ms): Min: 0.0, Avg: 0.0, Max: 0.0, Diff: 0.0, Sum: 0.0]
      [Object Copy (ms): Min: 4.5, Avg: 4.5, Max: 4.6, Diff: 0.1, Sum: 36.3]
      [Termination (ms): Min: 0.0, Avg: 0.1, Max: 0.1, Diff: 0.1, Sum: 0.7]
         [Termination Attempts: Min: 1, Avg: 1.8, Max: 3, Diff: 2, Sum: 14]
      [GC Worker Other (ms): Min: 0.0, Avg: 0.0, Max: 0.0, Diff: 0.0, Sum: 0.1]
      [GC Worker Total (ms): Min: 4.8, Avg: 4.9, Max: 5.0, Diff: 0.2, Sum: 39.5]
      [GC Worker End (ms): Min: 386.2, Avg: 386.2, Max: 386.2, Diff: 0.0]
   [Code Root Fixup: 0.0 ms]
   [Code Root Purge: 0.0 ms]
   [Clear CT: 0.4 ms]
   [Other: 1.6 ms]
      [Choose CSet: 0.0 ms]
      [Ref Proc: 0.6 ms]
      [Ref Enq: 0.0 ms]
      [Redirty Cards: 0.5 ms]
      [Humongous Register: 0.3 ms]
      [Humongous Reclaim: 0.0 ms]
      [Free CSet: 0.0 ms]
   [Eden: 66.0M(174.0M)->0.0B(146.0M) Survivors: 22.0M->21.0M Heap: 285.5M(512.0M)->228.4M(512.0M)]
 [Times: user=0.00 sys=0.00, real=0.01 secs] 
2020-10-25T20:58:14.036+0800: 0.388: [GC concurrent-root-region-scan-start]
2020-10-25T20:58:14.036+0800: 0.388: [GC concurrent-root-region-scan-end, 0.0002584 secs]
2020-10-25T20:58:14.036+0800: 0.388: [GC concurrent-mark-start]
2020-10-25T20:58:14.038+0800: 0.390: [GC concurrent-mark-end, 0.0015871 secs]
2020-10-25T20:58:14.038+0800: 0.390: [GC remark 2020-10-25T20:58:14.038+0800: 0.390: [Finalize Marking, 0.0004791 secs] 2020-10-25T20:58:14.039+0800: 0.391: [GC ref-proc, 0.0002076 secs] 2020-10-25T20:58:14.039+0800: 0.391: [Unloading, 0.0008465 secs], 0.0022396 secs]
 [Times: user=0.00 sys=0.00, real=0.00 secs] 
2020-10-25T20:58:14.040+0800: 0.392: [GC cleanup 240M->238M(512M), 0.0012388 secs]
 [Times: user=0.00 sys=0.00, real=0.00 secs] 
2020-10-25T20:58:14.042+0800: 0.394: [GC concurrent-cleanup-start]
2020-10-25T20:58:14.042+0800: 0.394: [GC concurrent-cleanup-end, 0.0000114 secs]
2020-10-25T20:58:14.076+0800: 0.428: [GC pause (G1 Evacuation Pause) (young) (to-space exhausted), 0.0081444 secs]
   [Parallel Time: 6.5 ms, GC Workers: 8]
      [GC Worker Start (ms): Min: 428.1, Avg: 428.2, Max: 428.2, Diff: 0.2]
      [Ext Root Scanning (ms): Min: 0.0, Avg: 0.1, Max: 0.2, Diff: 0.2, Sum: 0.7]
      [Update RS (ms): Min: 0.1, Avg: 0.2, Max: 0.3, Diff: 0.1, Sum: 1.6]
         [Processed Buffers: Min: 0, Avg: 2.4, Max: 3, Diff: 3, Sum: 19]
      [Scan RS (ms): Min: 0.0, Avg: 0.0, Max: 0.0, Diff: 0.0, Sum: 0.1]
      [Code Root Scanning (ms): Min: 0.0, Avg: 0.0, Max: 0.0, Diff: 0.0, Sum: 0.0]
      [Object Copy (ms): Min: 5.8, Avg: 5.9, Max: 6.0, Diff: 0.2, Sum: 47.1]
      [Termination (ms): Min: 0.0, Avg: 0.1, Max: 0.1, Diff: 0.1, Sum: 0.5]
         [Termination Attempts: Min: 1, Avg: 1.0, Max: 1, Diff: 0, Sum: 8]
      [GC Worker Other (ms): Min: 0.0, Avg: 0.0, Max: 0.0, Diff: 0.0, Sum: 0.1]
      [GC Worker Total (ms): Min: 6.2, Avg: 6.3, Max: 6.4, Diff: 0.2, Sum: 50.0]
      [GC Worker End (ms): Min: 434.4, Avg: 434.4, Max: 434.5, Diff: 0.0]
   [Code Root Fixup: 0.0 ms]
   [Code Root Purge: 0.0 ms]
   [Clear CT: 0.4 ms]
   [Other: 1.2 ms]
      [Evacuation Failure: 0.3 ms]
      [Choose CSet: 0.0 ms]
      [Ref Proc: 0.1 ms]
      [Ref Enq: 0.0 ms]
      [Redirty Cards: 0.6 ms]
      [Humongous Register: 0.1 ms]
      [Humongous Reclaim: 0.0 ms]
      [Free CSet: 0.1 ms]
   [Eden: 146.0M(146.0M)->0.0B(5120.0K) Survivors: 21.0M->21.0M Heap: 412.4M(512.0M)->304.3M(512.0M)]
 [Times: user=0.00 sys=0.00, real=0.01 secs] 
2020-10-25T20:58:14.085+0800: 0.437: [GC pause (G1 Evacuation Pause) (mixed), 0.0057474 secs]
   [Parallel Time: 4.5 ms, GC Workers: 8]
      [GC Worker Start (ms): Min: 437.3, Avg: 437.4, Max: 437.5, Diff: 0.2]
      [Ext Root Scanning (ms): Min: 0.0, Avg: 0.1, Max: 0.2, Diff: 0.2, Sum: 0.8]
      [Update RS (ms): Min: 0.0, Avg: 0.4, Max: 2.7, Diff: 2.7, Sum: 3.2]
         [Processed Buffers: Min: 0, Avg: 1.9, Max: 3, Diff: 3, Sum: 15]
      [Scan RS (ms): Min: 0.0, Avg: 0.0, Max: 0.0, Diff: 0.0, Sum: 0.1]
      [Code Root Scanning (ms): Min: 0.0, Avg: 0.0, Max: 0.0, Diff: 0.0, Sum: 0.0]
      [Object Copy (ms): Min: 1.4, Avg: 3.7, Max: 4.1, Diff: 2.6, Sum: 29.6]
      [Termination (ms): Min: 0.0, Avg: 0.0, Max: 0.1, Diff: 0.1, Sum: 0.3]
         [Termination Attempts: Min: 1, Avg: 1.0, Max: 1, Diff: 0, Sum: 8]
      [GC Worker Other (ms): Min: 0.0, Avg: 0.0, Max: 0.0, Diff: 0.0, Sum: 0.1]
      [GC Worker Total (ms): Min: 4.1, Avg: 4.3, Max: 4.4, Diff: 0.2, Sum: 34.1]
      [GC Worker End (ms): Min: 441.7, Avg: 441.7, Max: 441.7, Diff: 0.0]
   [Code Root Fixup: 0.0 ms]
   [Code Root Purge: 0.0 ms]
   [Clear CT: 0.6 ms]
   [Other: 0.7 ms]
      [Choose CSet: 0.0 ms]
      [Ref Proc: 0.2 ms]
      [Ref Enq: 0.0 ms]
      [Redirty Cards: 0.3 ms]
      [Humongous Register: 0.0 ms]
      [Humongous Reclaim: 0.0 ms]
      [Free CSet: 0.0 ms]
   [Eden: 5120.0K(5120.0K)->0.0B(103.0M) Survivors: 21.0M->3072.0K Heap: 309.8M(512.0M)->285.3M(512.0M)]
 [Times: user=0.00 sys=0.00, real=0.01 secs] 
2020-10-25T20:58:14.092+0800: 0.444: [GC pause (G1 Humongous Allocation) (young) (initial-mark), 0.0023866 secs]
   [Parallel Time: 0.6 ms, GC Workers: 8]
      [GC Worker Start (ms): Min: 443.8, Avg: 443.8, Max: 443.8, Diff: 0.0]
      [Ext Root Scanning (ms): Min: 0.1, Avg: 0.1, Max: 0.1, Diff: 0.0, Sum: 0.9]
      [Update RS (ms): Min: 0.0, Avg: 0.1, Max: 0.2, Diff: 0.1, Sum: 0.5]
         [Processed Buffers: Min: 1, Avg: 1.1, Max: 2, Diff: 1, Sum: 9]
      [Scan RS (ms): Min: 0.0, Avg: 0.0, Max: 0.0, Diff: 0.0, Sum: 0.0]
      [Code Root Scanning (ms): Min: 0.0, Avg: 0.0, Max: 0.0, Diff: 0.0, Sum: 0.0]
      [Object Copy (ms): Min: 0.1, Avg: 0.2, Max: 0.3, Diff: 0.2, Sum: 1.6]
      [Termination (ms): Min: 0.0, Avg: 0.1, Max: 0.1, Diff: 0.1, Sum: 0.5]
         [Termination Attempts: Min: 1, Avg: 1.0, Max: 1, Diff: 0, Sum: 8]
      [GC Worker Other (ms): Min: 0.0, Avg: 0.0, Max: 0.0, Diff: 0.0, Sum: 0.0]
      [GC Worker Total (ms): Min: 0.4, Avg: 0.5, Max: 0.5, Diff: 0.0, Sum: 3.6]
      [GC Worker End (ms): Min: 444.2, Avg: 444.2, Max: 444.2, Diff: 0.0]
   [Code Root Fixup: 0.0 ms]
   [Code Root Purge: 0.0 ms]
   [Clear CT: 0.7 ms]
   [Other: 1.1 ms]
      [Choose CSet: 0.0 ms]
      [Ref Proc: 0.5 ms]
      [Ref Enq: 0.0 ms]
      [Redirty Cards: 0.5 ms]
      [Humongous Register: 0.0 ms]
      [Humongous Reclaim: 0.0 ms]
      [Free CSet: 0.0 ms]
   [Eden: 1024.0K(103.0M)->0.0B(107.0M) Survivors: 3072.0K->3072.0K Heap: 286.3M(512.0M)->285.2M(512.0M)]
 [Times: user=0.00 sys=0.00, real=0.00 secs] 
2020-10-25T20:58:14.094+0800: 0.446: [GC concurrent-root-region-scan-start]
2020-10-25T20:58:14.095+0800: 0.446: [GC concurrent-root-region-scan-end, 0.0001853 secs]
2020-10-25T20:58:14.095+0800: 0.446: [GC concurrent-mark-start]
2020-10-25T20:58:14.096+0800: 0.448: [GC concurrent-mark-end, 0.0015431 secs]
2020-10-25T20:58:14.096+0800: 0.448: [GC remark 2020-10-25T20:58:14.096+0800: 0.448: [Finalize Marking, 0.0004361 secs] 2020-10-25T20:58:14.097+0800: 0.449: [GC ref-proc, 0.0002075 secs] 2020-10-25T20:58:14.097+0800: 0.449: [Unloading, 0.0007327 secs], 0.0020460 secs]
 [Times: user=0.00 sys=0.00, real=0.00 secs] 
2020-10-25T20:58:14.099+0800: 0.450: [GC cleanup 297M->297M(512M), 0.0018652 secs]
 [Times: user=0.00 sys=0.00, real=0.00 secs] 
2020-10-25T20:58:14.120+0800: 0.471: [GC pause (G1 Evacuation Pause) (young), 0.0059656 secs]
   [Parallel Time: 4.5 ms, GC Workers: 8]
      [GC Worker Start (ms): Min: 471.6, Avg: 471.7, Max: 471.7, Diff: 0.1]
      [Ext Root Scanning (ms): Min: 0.1, Avg: 0.1, Max: 0.2, Diff: 0.1, Sum: 0.9]
      [Update RS (ms): Min: 0.2, Avg: 0.2, Max: 0.3, Diff: 0.1, Sum: 1.7]
         [Processed Buffers: Min: 0, Avg: 2.9, Max: 4, Diff: 4, Sum: 23]
      [Scan RS (ms): Min: 0.0, Avg: 0.0, Max: 0.0, Diff: 0.0, Sum: 0.1]
      [Code Root Scanning (ms): Min: 0.0, Avg: 0.0, Max: 0.0, Diff: 0.0, Sum: 0.0]
      [Object Copy (ms): Min: 3.9, Avg: 3.9, Max: 4.0, Diff: 0.1, Sum: 31.5]
      [Termination (ms): Min: 0.0, Avg: 0.1, Max: 0.1, Diff: 0.1, Sum: 0.4]
         [Termination Attempts: Min: 1, Avg: 1.8, Max: 3, Diff: 2, Sum: 14]
      [GC Worker Other (ms): Min: 0.0, Avg: 0.0, Max: 0.0, Diff: 0.0, Sum: 0.1]
      [GC Worker Total (ms): Min: 4.3, Avg: 4.3, Max: 4.4, Diff: 0.1, Sum: 34.7]
      [GC Worker End (ms): Min: 476.0, Avg: 476.0, Max: 476.0, Diff: 0.0]
   [Code Root Fixup: 0.0 ms]
   [Code Root Purge: 0.0 ms]
   [Clear CT: 0.4 ms]
   [Other: 1.0 ms]
      [Choose CSet: 0.0 ms]
      [Ref Proc: 0.1 ms]
      [Ref Enq: 0.0 ms]
      [Redirty Cards: 0.6 ms]
      [Humongous Register: 0.1 ms]
      [Humongous Reclaim: 0.1 ms]
      [Free CSet: 0.0 ms]
   [Eden: 107.0M(107.0M)->0.0B(11.0M) Survivors: 3072.0K->14.0M Heap: 417.7M(512.0M)->325.0M(512.0M)]
 [Times: user=0.13 sys=0.00, real=0.01 secs] 
2020-10-25T20:58:14.126+0800: 0.479: [GC pause (G1 Evacuation Pause) (mixed), 0.0045421 secs]
   [Parallel Time: 3.9 ms, GC Workers: 8]
      [GC Worker Start (ms): Min: 479.2, Avg: 479.3, Max: 479.3, Diff: 0.1]
      [Ext Root Scanning (ms): Min: 0.1, Avg: 0.1, Max: 0.2, Diff: 0.1, Sum: 0.9]
      [Update RS (ms): Min: 0.1, Avg: 0.1, Max: 0.2, Diff: 0.1, Sum: 1.0]
         [Processed Buffers: Min: 1, Avg: 2.4, Max: 4, Diff: 3, Sum: 19]
      [Scan RS (ms): Min: 0.0, Avg: 0.0, Max: 0.0, Diff: 0.0, Sum: 0.1]
      [Code Root Scanning (ms): Min: 0.0, Avg: 0.0, Max: 0.0, Diff: 0.0, Sum: 0.0]
      [Object Copy (ms): Min: 3.3, Avg: 3.4, Max: 3.5, Diff: 0.2, Sum: 27.2]
      [Termination (ms): Min: 0.0, Avg: 0.1, Max: 0.1, Diff: 0.1, Sum: 0.7]
         [Termination Attempts: Min: 1, Avg: 1.1, Max: 2, Diff: 1, Sum: 9]
      [GC Worker Other (ms): Min: 0.0, Avg: 0.0, Max: 0.0, Diff: 0.0, Sum: 0.1]
      [GC Worker Total (ms): Min: 3.7, Avg: 3.8, Max: 3.8, Diff: 0.1, Sum: 30.1]
      [GC Worker End (ms): Min: 483.0, Avg: 483.0, Max: 483.0, Diff: 0.0]
   [Code Root Fixup: 0.0 ms]
   [Code Root Purge: 0.0 ms]
   [Clear CT: 0.2 ms]
   [Other: 0.5 ms]
      [Choose CSet: 0.0 ms]
      [Ref Proc: 0.1 ms]
      [Ref Enq: 0.0 ms]
      [Redirty Cards: 0.1 ms]
      [Humongous Register: 0.1 ms]
      [Humongous Reclaim: 0.0 ms]
      [Free CSet: 0.1 ms]
   [Eden: 11.0M(11.0M)->0.0B(21.0M) Survivors: 14.0M->4096.0K Heap: 337.1M(512.0M)->286.4M(512.0M)]
 [Times: user=0.00 sys=0.00, real=0.01 secs] 
2020-10-25T20:58:14.134+0800: 0.487: [GC pause (G1 Evacuation Pause) (mixed), 0.0046680 secs]
   [Parallel Time: 3.1 ms, GC Workers: 8]
      [GC Worker Start (ms): Min: 487.4, Avg: 487.5, Max: 487.5, Diff: 0.1]
      [Ext Root Scanning (ms): Min: 0.1, Avg: 0.1, Max: 0.2, Diff: 0.1, Sum: 0.9]
      [Update RS (ms): Min: 0.1, Avg: 0.2, Max: 0.2, Diff: 0.1, Sum: 1.5]
         [Processed Buffers: Min: 0, Avg: 2.8, Max: 4, Diff: 4, Sum: 22]
      [Scan RS (ms): Min: 0.0, Avg: 0.0, Max: 0.1, Diff: 0.1, Sum: 0.2]
      [Code Root Scanning (ms): Min: 0.0, Avg: 0.0, Max: 0.0, Diff: 0.0, Sum: 0.0]
      [Object Copy (ms): Min: 2.5, Avg: 2.5, Max: 2.6, Diff: 0.1, Sum: 20.1]
      [Termination (ms): Min: 0.0, Avg: 0.1, Max: 0.2, Diff: 0.2, Sum: 0.8]
         [Termination Attempts: Min: 1, Avg: 1.0, Max: 1, Diff: 0, Sum: 8]
      [GC Worker Other (ms): Min: 0.0, Avg: 0.0, Max: 0.0, Diff: 0.0, Sum: 0.1]
      [GC Worker Total (ms): Min: 2.9, Avg: 3.0, Max: 3.0, Diff: 0.1, Sum: 23.6]
      [GC Worker End (ms): Min: 490.4, Avg: 490.4, Max: 490.4, Diff: 0.0]
   [Code Root Fixup: 0.0 ms]
   [Code Root Purge: 0.0 ms]
   [Clear CT: 0.5 ms]
   [Other: 1.0 ms]
      [Choose CSet: 0.0 ms]
      [Ref Proc: 0.3 ms]
      [Ref Enq: 0.0 ms]
      [Redirty Cards: 0.4 ms]
      [Humongous Register: 0.1 ms]
      [Humongous Reclaim: 0.0 ms]
      [Free CSet: 0.1 ms]
   [Eden: 21.0M(21.0M)->0.0B(101.0M) Survivors: 4096.0K->4096.0K Heap: 312.2M(512.0M)->289.3M(512.0M)]
 [Times: user=0.11 sys=0.02, real=0.00 secs] 
2020-10-25T20:58:14.141+0800: 0.494: [GC pause (G1 Humongous Allocation) (young) (initial-mark), 0.0026356 secs]
   [Parallel Time: 1.1 ms, GC Workers: 8]
      [GC Worker Start (ms): Min: 493.7, Avg: 493.8, Max: 493.8, Diff: 0.1]
      [Ext Root Scanning (ms): Min: 0.1, Avg: 0.1, Max: 0.2, Diff: 0.1, Sum: 1.0]
      [Update RS (ms): Min: 0.0, Avg: 0.1, Max: 0.3, Diff: 0.2, Sum: 0.6]
         [Processed Buffers: Min: 1, Avg: 1.1, Max: 2, Diff: 1, Sum: 9]
      [Scan RS (ms): Min: 0.0, Avg: 0.0, Max: 0.0, Diff: 0.0, Sum: 0.0]
      [Code Root Scanning (ms): Min: 0.0, Avg: 0.0, Max: 0.0, Diff: 0.0, Sum: 0.0]
      [Object Copy (ms): Min: 0.5, Avg: 0.7, Max: 0.7, Diff: 0.2, Sum: 5.4]
      [Termination (ms): Min: 0.0, Avg: 0.1, Max: 0.1, Diff: 0.1, Sum: 0.4]
         [Termination Attempts: Min: 1, Avg: 1.0, Max: 1, Diff: 0, Sum: 8]
      [GC Worker Other (ms): Min: 0.0, Avg: 0.0, Max: 0.0, Diff: 0.0, Sum: 0.1]
      [GC Worker Total (ms): Min: 0.9, Avg: 0.9, Max: 1.0, Diff: 0.1, Sum: 7.5]
      [GC Worker End (ms): Min: 494.7, Avg: 494.7, Max: 494.7, Diff: 0.0]
   [Code Root Fixup: 0.0 ms]
   [Code Root Purge: 0.0 ms]
   [Clear CT: 0.5 ms]
   [Other: 1.0 ms]
      [Choose CSet: 0.0 ms]
      [Ref Proc: 0.2 ms]
      [Ref Enq: 0.0 ms]
      [Redirty Cards: 0.6 ms]
      [Humongous Register: 0.0 ms]
      [Humongous Reclaim: 0.0 ms]
      [Free CSet: 0.0 ms]
   [Eden: 6144.0K(101.0M)->0.0B(96.0M) Survivors: 4096.0K->7168.0K Heap: 294.4M(512.0M)->290.2M(512.0M)]
 [Times: user=0.00 sys=0.00, real=0.00 secs] 
2020-10-25T20:58:14.144+0800: 0.496: [GC concurrent-root-region-scan-start]
2020-10-25T20:58:14.144+0800: 0.496: [GC concurrent-root-region-scan-end, 0.0001144 secs]
2020-10-25T20:58:14.144+0800: 0.496: [GC concurrent-mark-start]
2020-10-25T20:58:14.146+0800: 0.498: [GC concurrent-mark-end, 0.0019496 secs]
2020-10-25T20:58:14.146+0800: 0.499: [GC remark 2020-10-25T20:58:14.146+0800: 0.499: [Finalize Marking, 0.0001239 secs] 2020-10-25T20:58:14.146+0800: 0.499: [GC ref-proc, 0.0004780 secs] 2020-10-25T20:58:14.147+0800: 0.499: [Unloading, 0.0009805 secs], 0.0023113 secs]
 [Times: user=0.00 sys=0.00, real=0.00 secs] 
2020-10-25T20:58:14.148+0800: 0.501: [GC cleanup 304M->304M(512M), 0.0007957 secs]
 [Times: user=0.00 sys=0.00, real=0.00 secs] 
2020-10-25T20:58:14.164+0800: 0.517: [GC pause (G1 Evacuation Pause) (young) (to-space exhausted), 0.0054272 secs]
   [Parallel Time: 4.5 ms, GC Workers: 8]
      [GC Worker Start (ms): Min: 517.0, Avg: 517.1, Max: 517.1, Diff: 0.1]
      [Ext Root Scanning (ms): Min: 0.1, Avg: 0.1, Max: 0.2, Diff: 0.1, Sum: 1.0]
      [Update RS (ms): Min: 0.2, Avg: 0.2, Max: 0.3, Diff: 0.1, Sum: 1.9]
         [Processed Buffers: Min: 0, Avg: 3.5, Max: 5, Diff: 5, Sum: 28]
      [Scan RS (ms): Min: 0.0, Avg: 0.0, Max: 0.0, Diff: 0.0, Sum: 0.1]
      [Code Root Scanning (ms): Min: 0.0, Avg: 0.0, Max: 0.0, Diff: 0.0, Sum: 0.0]
      [Object Copy (ms): Min: 3.9, Avg: 4.0, Max: 4.0, Diff: 0.1, Sum: 31.6]
      [Termination (ms): Min: 0.0, Avg: 0.1, Max: 0.1, Diff: 0.1, Sum: 0.4]
         [Termination Attempts: Min: 1, Avg: 1.0, Max: 1, Diff: 0, Sum: 8]
      [GC Worker Other (ms): Min: 0.0, Avg: 0.0, Max: 0.0, Diff: 0.0, Sum: 0.1]
      [GC Worker Total (ms): Min: 4.3, Avg: 4.4, Max: 4.4, Diff: 0.1, Sum: 35.0]
      [GC Worker End (ms): Min: 521.5, Avg: 521.5, Max: 521.5, Diff: 0.0]
   [Code Root Fixup: 0.0 ms]
   [Code Root Purge: 0.0 ms]
   [Clear CT: 0.1 ms]
   [Other: 0.8 ms]
      [Evacuation Failure: 0.2 ms]
      [Choose CSet: 0.0 ms]
      [Ref Proc: 0.2 ms]
      [Ref Enq: 0.0 ms]
      [Redirty Cards: 0.2 ms]
      [Humongous Register: 0.1 ms]
      [Humongous Reclaim: 0.1 ms]
      [Free CSet: 0.0 ms]
   [Eden: 96.0M(96.0M)->0.0B(12.0M) Survivors: 7168.0K->13.0M Heap: 418.6M(512.0M)->334.9M(512.0M)]
 [Times: user=0.11 sys=0.00, real=0.01 secs] 
2020-10-25T20:58:14.172+0800: 0.525: [GC pause (G1 Evacuation Pause) (mixed), 0.0065991 secs]
   [Parallel Time: 5.4 ms, GC Workers: 8]
      [GC Worker Start (ms): Min: 525.2, Avg: 525.3, Max: 525.4, Diff: 0.2]
      [Ext Root Scanning (ms): Min: 0.0, Avg: 0.1, Max: 0.2, Diff: 0.2, Sum: 0.9]
      [Update RS (ms): Min: 0.2, Avg: 0.3, Max: 0.4, Diff: 0.2, Sum: 2.2]
         [Processed Buffers: Min: 0, Avg: 2.6, Max: 4, Diff: 4, Sum: 21]
      [Scan RS (ms): Min: 0.0, Avg: 0.0, Max: 0.1, Diff: 0.1, Sum: 0.3]
      [Code Root Scanning (ms): Min: 0.0, Avg: 0.0, Max: 0.0, Diff: 0.0, Sum: 0.0]
      [Object Copy (ms): Min: 4.7, Avg: 4.8, Max: 4.9, Diff: 0.2, Sum: 38.3]
      [Termination (ms): Min: 0.0, Avg: 0.0, Max: 0.1, Diff: 0.1, Sum: 0.3]
         [Termination Attempts: Min: 1, Avg: 1.0, Max: 1, Diff: 0, Sum: 8]
      [GC Worker Other (ms): Min: 0.0, Avg: 0.0, Max: 0.0, Diff: 0.0, Sum: 0.1]
      [GC Worker Total (ms): Min: 5.1, Avg: 5.3, Max: 5.4, Diff: 0.2, Sum: 42.1]
      [GC Worker End (ms): Min: 530.5, Avg: 530.5, Max: 530.5, Diff: 0.0]
   [Code Root Fixup: 0.0 ms]
   [Code Root Purge: 0.0 ms]
   [Clear CT: 0.4 ms]
   [Other: 0.8 ms]
      [Choose CSet: 0.0 ms]
      [Ref Proc: 0.1 ms]
      [Ref Enq: 0.0 ms]
      [Redirty Cards: 0.4 ms]
      [Humongous Register: 0.1 ms]
      [Humongous Reclaim: 0.0 ms]
      [Free CSet: 0.1 ms]
   [Eden: 12.0M(12.0M)->0.0B(21.0M) Survivors: 13.0M->4096.0K Heap: 350.6M(512.0M)->309.5M(512.0M)]
 [Times: user=0.00 sys=0.00, real=0.01 secs] 
2020-10-25T20:58:14.182+0800: 0.535: [GC pause (G1 Evacuation Pause) (mixed), 0.0030163 secs]
   [Parallel Time: 1.9 ms, GC Workers: 8]
      [GC Worker Start (ms): Min: 534.9, Avg: 535.0, Max: 535.0, Diff: 0.1]
      [Ext Root Scanning (ms): Min: 0.1, Avg: 0.1, Max: 0.2, Diff: 0.1, Sum: 1.0]
      [Update RS (ms): Min: 0.2, Avg: 0.2, Max: 0.3, Diff: 0.1, Sum: 1.9]
         [Processed Buffers: Min: 1, Avg: 3.4, Max: 4, Diff: 3, Sum: 27]
      [Scan RS (ms): Min: 0.0, Avg: 0.0, Max: 0.0, Diff: 0.0, Sum: 0.0]
      [Code Root Scanning (ms): Min: 0.0, Avg: 0.0, Max: 0.0, Diff: 0.0, Sum: 0.0]
      [Object Copy (ms): Min: 1.3, Avg: 1.4, Max: 1.4, Diff: 0.2, Sum: 10.9]
      [Termination (ms): Min: 0.0, Avg: 0.1, Max: 0.1, Diff: 0.1, Sum: 0.5]
         [Termination Attempts: Min: 1, Avg: 1.0, Max: 1, Diff: 0, Sum: 8]
      [GC Worker Other (ms): Min: 0.0, Avg: 0.0, Max: 0.0, Diff: 0.0, Sum: 0.0]
      [GC Worker Total (ms): Min: 1.7, Avg: 1.8, Max: 1.9, Diff: 0.1, Sum: 14.3]
      [GC Worker End (ms): Min: 536.8, Avg: 536.8, Max: 536.8, Diff: 0.0]
   [Code Root Fixup: 0.0 ms]
   [Code Root Purge: 0.0 ms]
   [Clear CT: 0.4 ms]
   [Other: 0.8 ms]
      [Choose CSet: 0.0 ms]
      [Ref Proc: 0.2 ms]
      [Ref Enq: 0.0 ms]
      [Redirty Cards: 0.4 ms]
      [Humongous Register: 0.1 ms]
      [Humongous Reclaim: 0.0 ms]
      [Free CSet: 0.0 ms]
   [Eden: 21.0M(21.0M)->0.0B(74.0M) Survivors: 4096.0K->4096.0K Heap: 333.8M(512.0M)->314.7M(512.0M)]
 [Times: user=0.13 sys=0.00, real=0.00 secs] 
2020-10-25T20:58:14.186+0800: 0.538: [GC pause (G1 Humongous Allocation) (young) (initial-mark), 0.0018861 secs]
   [Parallel Time: 1.0 ms, GC Workers: 8]
      [GC Worker Start (ms): Min: 538.4, Avg: 538.5, Max: 538.5, Diff: 0.1]
      [Ext Root Scanning (ms): Min: 0.1, Avg: 0.1, Max: 0.2, Diff: 0.1, Sum: 0.9]
      [Update RS (ms): Min: 0.0, Avg: 0.0, Max: 0.1, Diff: 0.1, Sum: 0.3]
         [Processed Buffers: Min: 1, Avg: 1.3, Max: 2, Diff: 1, Sum: 10]
      [Scan RS (ms): Min: 0.0, Avg: 0.0, Max: 0.0, Diff: 0.0, Sum: 0.0]
      [Code Root Scanning (ms): Min: 0.0, Avg: 0.0, Max: 0.0, Diff: 0.0, Sum: 0.0]
      [Object Copy (ms): Min: 0.4, Avg: 0.5, Max: 0.5, Diff: 0.1, Sum: 3.8]
      [Termination (ms): Min: 0.0, Avg: 0.1, Max: 0.1, Diff: 0.1, Sum: 0.5]
         [Termination Attempts: Min: 1, Avg: 1.0, Max: 1, Diff: 0, Sum: 8]
      [GC Worker Other (ms): Min: 0.0, Avg: 0.0, Max: 0.0, Diff: 0.0, Sum: 0.1]
      [GC Worker Total (ms): Min: 0.7, Avg: 0.7, Max: 0.8, Diff: 0.1, Sum: 5.5]
      [GC Worker End (ms): Min: 539.2, Avg: 539.2, Max: 539.2, Diff: 0.0]
   [Code Root Fixup: 0.0 ms]
   [Code Root Purge: 0.0 ms]
   [Clear CT: 0.4 ms]
   [Other: 0.5 ms]
      [Choose CSet: 0.0 ms]
      [Ref Proc: 0.2 ms]
      [Ref Enq: 0.0 ms]
      [Redirty Cards: 0.2 ms]
      [Humongous Register: 0.0 ms]
      [Humongous Reclaim: 0.0 ms]
      [Free CSet: 0.0 ms]
   [Eden: 2048.0K(74.0M)->0.0B(73.0M) Survivors: 4096.0K->5120.0K Heap: 316.0M(512.0M)->315.6M(512.0M)]
 [Times: user=0.00 sys=0.00, real=0.00 secs] 
2020-10-25T20:58:14.188+0800: 0.540: [GC concurrent-root-region-scan-start]
2020-10-25T20:58:14.188+0800: 0.541: [GC concurrent-root-region-scan-end, 0.0001781 secs]
2020-10-25T20:58:14.188+0800: 0.541: [GC concurrent-mark-start]
2020-10-25T20:58:14.190+0800: 0.543: [GC concurrent-mark-end, 0.0019671 secs]
2020-10-25T20:58:14.190+0800: 0.543: [GC remark 2020-10-25T20:58:14.190+0800: 0.543: [Finalize Marking, 0.0002939 secs] 2020-10-25T20:58:14.191+0800: 0.543: [GC ref-proc, 0.0004201 secs] 2020-10-25T20:58:14.191+0800: 0.544: [Unloading, 0.0004755 secs], 0.0021867 secs]
 [Times: user=0.00 sys=0.00, real=0.00 secs] 
2020-10-25T20:58:14.192+0800: 0.545: [GC cleanup 328M->328M(512M), 0.0008413 secs]
 [Times: user=0.00 sys=0.00, real=0.00 secs] 
2020-10-25T20:58:14.204+0800: 0.557: [GC pause (G1 Evacuation Pause) (young), 0.0049081 secs]
   [Parallel Time: 3.8 ms, GC Workers: 8]
      [GC Worker Start (ms): Min: 557.0, Avg: 557.1, Max: 557.1, Diff: 0.1]
      [Ext Root Scanning (ms): Min: 0.1, Avg: 0.1, Max: 0.2, Diff: 0.1, Sum: 0.9]
      [Update RS (ms): Min: 0.2, Avg: 0.2, Max: 0.3, Diff: 0.1, Sum: 1.8]
         [Processed Buffers: Min: 0, Avg: 3.0, Max: 4, Diff: 4, Sum: 24]
      [Scan RS (ms): Min: 0.0, Avg: 0.0, Max: 0.0, Diff: 0.0, Sum: 0.1]
      [Code Root Scanning (ms): Min: 0.0, Avg: 0.0, Max: 0.0, Diff: 0.0, Sum: 0.0]
      [Object Copy (ms): Min: 2.9, Avg: 3.0, Max: 3.0, Diff: 0.1, Sum: 23.8]
      [Termination (ms): Min: 0.0, Avg: 0.2, Max: 0.2, Diff: 0.2, Sum: 1.2]
         [Termination Attempts: Min: 1, Avg: 1.8, Max: 3, Diff: 2, Sum: 14]
      [GC Worker Other (ms): Min: 0.0, Avg: 0.0, Max: 0.0, Diff: 0.0, Sum: 0.1]
      [GC Worker Total (ms): Min: 3.4, Avg: 3.5, Max: 3.6, Diff: 0.1, Sum: 27.8]
      [GC Worker End (ms): Min: 560.5, Avg: 560.5, Max: 560.5, Diff: 0.0]
   [Code Root Fixup: 0.0 ms]
   [Code Root Purge: 0.0 ms]
   [Clear CT: 0.4 ms]
   [Other: 0.7 ms]
      [Choose CSet: 0.0 ms]
      [Ref Proc: 0.2 ms]
      [Ref Enq: 0.0 ms]
      [Redirty Cards: 0.4 ms]
      [Humongous Register: 0.1 ms]
      [Humongous Reclaim: 0.0 ms]
      [Free CSet: 0.0 ms]
   [Eden: 73.0M(73.0M)->0.0B(15.0M) Survivors: 5120.0K->10.0M Heap: 402.8M(512.0M)->342.2M(512.0M)]
 [Times: user=0.00 sys=0.00, real=0.01 secs] 
2020-10-25T20:58:14.212+0800: 0.565: [GC pause (G1 Evacuation Pause) (mixed), 0.0056273 secs]
   [Parallel Time: 4.8 ms, GC Workers: 8]
      [GC Worker Start (ms): Min: 564.8, Avg: 564.9, Max: 565.0, Diff: 0.1]
      [Ext Root Scanning (ms): Min: 0.1, Avg: 0.1, Max: 0.2, Diff: 0.1, Sum: 0.9]
      [Update RS (ms): Min: 0.2, Avg: 0.3, Max: 0.3, Diff: 0.1, Sum: 2.2]
         [Processed Buffers: Min: 4, Avg: 4.5, Max: 5, Diff: 1, Sum: 36]
      [Scan RS (ms): Min: 0.0, Avg: 0.0, Max: 0.0, Diff: 0.0, Sum: 0.2]
      [Code Root Scanning (ms): Min: 0.0, Avg: 0.0, Max: 0.0, Diff: 0.0, Sum: 0.0]
      [Object Copy (ms): Min: 4.1, Avg: 4.2, Max: 4.2, Diff: 0.1, Sum: 33.3]
      [Termination (ms): Min: 0.0, Avg: 0.1, Max: 0.1, Diff: 0.1, Sum: 0.4]
         [Termination Attempts: Min: 1, Avg: 1.0, Max: 1, Diff: 0, Sum: 8]
      [GC Worker Other (ms): Min: 0.0, Avg: 0.0, Max: 0.0, Diff: 0.0, Sum: 0.1]
      [GC Worker Total (ms): Min: 4.6, Avg: 4.6, Max: 4.7, Diff: 0.1, Sum: 37.1]
      [GC Worker End (ms): Min: 569.5, Avg: 569.5, Max: 569.6, Diff: 0.0]
   [Code Root Fixup: 0.0 ms]
   [Code Root Purge: 0.0 ms]
   [Clear CT: 0.2 ms]
   [Other: 0.7 ms]
      [Choose CSet: 0.0 ms]
      [Ref Proc: 0.4 ms]
      [Ref Enq: 0.0 ms]
      [Redirty Cards: 0.1 ms]
      [Humongous Register: 0.1 ms]
      [Humongous Reclaim: 0.0 ms]
      [Free CSet: 0.1 ms]
   [Eden: 15.0M(15.0M)->0.0B(21.0M) Survivors: 10.0M->4096.0K Heap: 360.5M(512.0M)->316.1M(512.0M)]
 [Times: user=0.11 sys=0.00, real=0.01 secs] 
2020-10-25T20:58:14.222+0800: 0.575: [GC pause (G1 Evacuation Pause) (mixed), 0.0034070 secs]
   [Parallel Time: 2.4 ms, GC Workers: 8]
      [GC Worker Start (ms): Min: 574.9, Avg: 575.0, Max: 575.3, Diff: 0.4]
      [Ext Root Scanning (ms): Min: 0.0, Avg: 0.1, Max: 0.2, Diff: 0.2, Sum: 0.9]
      [Update RS (ms): Min: 0.1, Avg: 0.3, Max: 0.3, Diff: 0.2, Sum: 2.2]
         [Processed Buffers: Min: 1, Avg: 3.6, Max: 5, Diff: 4, Sum: 29]
      [Scan RS (ms): Min: 0.0, Avg: 0.0, Max: 0.0, Diff: 0.0, Sum: 0.1]
      [Code Root Scanning (ms): Min: 0.0, Avg: 0.0, Max: 0.0, Diff: 0.0, Sum: 0.0]
      [Object Copy (ms): Min: 1.5, Avg: 1.6, Max: 1.6, Diff: 0.1, Sum: 12.7]
      [Termination (ms): Min: 0.0, Avg: 0.0, Max: 0.1, Diff: 0.1, Sum: 0.3]
         [Termination Attempts: Min: 1, Avg: 1.0, Max: 1, Diff: 0, Sum: 8]
      [GC Worker Other (ms): Min: 0.0, Avg: 0.0, Max: 0.0, Diff: 0.0, Sum: 0.0]
      [GC Worker Total (ms): Min: 1.8, Avg: 2.0, Max: 2.1, Diff: 0.4, Sum: 16.2]
      [GC Worker End (ms): Min: 577.0, Avg: 577.0, Max: 577.0, Diff: 0.0]
   [Code Root Fixup: 0.0 ms]
   [Code Root Purge: 0.0 ms]
   [Clear CT: 0.3 ms]
   [Other: 0.8 ms]
      [Choose CSet: 0.0 ms]
      [Ref Proc: 0.2 ms]
      [Ref Enq: 0.0 ms]
      [Redirty Cards: 0.3 ms]
      [Humongous Register: 0.1 ms]
      [Humongous Reclaim: 0.0 ms]
      [Free CSet: 0.0 ms]
   [Eden: 21.0M(21.0M)->0.0B(68.0M) Survivors: 4096.0K->4096.0K Heap: 345.4M(512.0M)->320.5M(512.0M)]
 [Times: user=0.00 sys=0.00, real=0.00 secs] 
2020-10-25T20:58:14.227+0800: 0.579: [GC pause (G1 Humongous Allocation) (young) (initial-mark), 0.0019862 secs]
   [Parallel Time: 0.9 ms, GC Workers: 8]
      [GC Worker Start (ms): Min: 579.3, Avg: 579.3, Max: 579.3, Diff: 0.1]
      [Ext Root Scanning (ms): Min: 0.1, Avg: 0.1, Max: 0.2, Diff: 0.1, Sum: 0.9]
      [Update RS (ms): Min: 0.0, Avg: 0.1, Max: 0.1, Diff: 0.1, Sum: 0.4]
         [Processed Buffers: Min: 1, Avg: 1.1, Max: 2, Diff: 1, Sum: 9]
      [Scan RS (ms): Min: 0.0, Avg: 0.0, Max: 0.0, Diff: 0.0, Sum: 0.0]
      [Code Root Scanning (ms): Min: 0.0, Avg: 0.0, Max: 0.0, Diff: 0.0, Sum: 0.0]
      [Object Copy (ms): Min: 0.5, Avg: 0.6, Max: 0.6, Diff: 0.1, Sum: 4.6]
      [Termination (ms): Min: 0.0, Avg: 0.1, Max: 0.1, Diff: 0.1, Sum: 0.5]
         [Termination Attempts: Min: 1, Avg: 1.0, Max: 1, Diff: 0, Sum: 8]
      [GC Worker Other (ms): Min: 0.0, Avg: 0.0, Max: 0.0, Diff: 0.0, Sum: 0.1]
      [GC Worker Total (ms): Min: 0.8, Avg: 0.8, Max: 0.9, Diff: 0.1, Sum: 6.5]
      [GC Worker End (ms): Min: 580.1, Avg: 580.1, Max: 580.1, Diff: 0.0]
   [Code Root Fixup: 0.0 ms]
   [Code Root Purge: 0.0 ms]
   [Clear CT: 0.4 ms]
   [Other: 0.7 ms]
      [Choose CSet: 0.0 ms]
      [Ref Proc: 0.1 ms]
      [Ref Enq: 0.0 ms]
      [Redirty Cards: 0.4 ms]
      [Humongous Register: 0.0 ms]
      [Humongous Reclaim: 0.0 ms]
      [Free CSet: 0.0 ms]
   [Eden: 5120.0K(68.0M)->0.0B(70.0M) Survivors: 4096.0K->5120.0K Heap: 325.5M(512.0M)->321.5M(512.0M)]
 [Times: user=0.00 sys=0.00, real=0.00 secs] 
2020-10-25T20:58:14.229+0800: 0.581: [GC concurrent-root-region-scan-start]
2020-10-25T20:58:14.229+0800: 0.581: [GC concurrent-root-region-scan-end, 0.0001932 secs]
2020-10-25T20:58:14.229+0800: 0.581: [GC concurrent-mark-start]
2020-10-25T20:58:14.231+0800: 0.583: [GC concurrent-mark-end, 0.0015209 secs]
2020-10-25T20:58:14.231+0800: 0.583: [GC remark 2020-10-25T20:58:14.231+0800: 0.583: [Finalize Marking, 0.0001784 secs] 2020-10-25T20:58:14.231+0800: 0.583: [GC ref-proc, 0.0002736 secs] 2020-10-25T20:58:14.231+0800: 0.584: [Unloading, 0.0005360 secs], 0.0017990 secs]
 [Times: user=0.00 sys=0.00, real=0.00 secs] 
2020-10-25T20:58:14.233+0800: 0.585: [GC cleanup 334M->334M(512M), 0.0008438 secs]
 [Times: user=0.00 sys=0.00, real=0.00 secs] 
2020-10-25T20:58:14.245+0800: 0.598: [GC pause (G1 Evacuation Pause) (young), 0.0053605 secs]
   [Parallel Time: 3.9 ms, GC Workers: 8]
      [GC Worker Start (ms): Min: 597.8, Avg: 597.9, Max: 597.9, Diff: 0.1]
      [Ext Root Scanning (ms): Min: 0.1, Avg: 0.1, Max: 0.2, Diff: 0.1, Sum: 0.9]
      [Update RS (ms): Min: 0.4, Avg: 0.4, Max: 0.4, Diff: 0.0, Sum: 3.2]
         [Processed Buffers: Min: 2, Avg: 5.6, Max: 7, Diff: 5, Sum: 45]
      [Scan RS (ms): Min: 0.0, Avg: 0.0, Max: 0.0, Diff: 0.0, Sum: 0.0]
      [Code Root Scanning (ms): Min: 0.0, Avg: 0.0, Max: 0.0, Diff: 0.0, Sum: 0.0]
      [Object Copy (ms): Min: 3.0, Avg: 3.1, Max: 3.1, Diff: 0.1, Sum: 24.4]
      [Termination (ms): Min: 0.0, Avg: 0.0, Max: 0.1, Diff: 0.1, Sum: 0.3]
         [Termination Attempts: Min: 1, Avg: 1.8, Max: 3, Diff: 2, Sum: 14]
      [GC Worker Other (ms): Min: 0.0, Avg: 0.0, Max: 0.0, Diff: 0.0, Sum: 0.1]
      [GC Worker Total (ms): Min: 3.6, Avg: 3.6, Max: 3.7, Diff: 0.1, Sum: 29.0]
      [GC Worker End (ms): Min: 601.5, Avg: 601.5, Max: 601.5, Diff: 0.0]
   [Code Root Fixup: 0.0 ms]
   [Code Root Purge: 0.0 ms]
   [Clear CT: 0.4 ms]
   [Other: 1.0 ms]
      [Choose CSet: 0.0 ms]
      [Ref Proc: 0.3 ms]
      [Ref Enq: 0.0 ms]
      [Redirty Cards: 0.4 ms]
      [Humongous Register: 0.1 ms]
      [Humongous Reclaim: 0.1 ms]
      [Free CSet: 0.0 ms]
   [Eden: 70.0M(70.0M)->0.0B(15.0M) Survivors: 5120.0K->10.0M Heap: 405.5M(512.0M)->343.4M(512.0M)]
 [Times: user=0.13 sys=0.00, real=0.01 secs] 
2020-10-25T20:58:14.253+0800: 0.606: [GC pause (G1 Evacuation Pause) (mixed), 0.0066737 secs]
   [Parallel Time: 5.7 ms, GC Workers: 8]
      [GC Worker Start (ms): Min: 605.9, Avg: 605.9, Max: 606.0, Diff: 0.1]
      [Ext Root Scanning (ms): Min: 0.1, Avg: 0.1, Max: 0.2, Diff: 0.1, Sum: 1.0]
      [Update RS (ms): Min: 0.3, Avg: 0.4, Max: 0.4, Diff: 0.1, Sum: 2.9]
         [Processed Buffers: Min: 2, Avg: 5.3, Max: 6, Diff: 4, Sum: 42]
      [Scan RS (ms): Min: 0.0, Avg: 0.0, Max: 0.1, Diff: 0.1, Sum: 0.3]
      [Code Root Scanning (ms): Min: 0.0, Avg: 0.0, Max: 0.0, Diff: 0.0, Sum: 0.0]
      [Object Copy (ms): Min: 4.7, Avg: 4.8, Max: 4.9, Diff: 0.2, Sum: 38.6]
      [Termination (ms): Min: 0.0, Avg: 0.1, Max: 0.1, Diff: 0.1, Sum: 0.6]
         [Termination Attempts: Min: 1, Avg: 1.0, Max: 1, Diff: 0, Sum: 8]
      [GC Worker Other (ms): Min: 0.0, Avg: 0.0, Max: 0.0, Diff: 0.0, Sum: 0.1]
      [GC Worker Total (ms): Min: 5.4, Avg: 5.4, Max: 5.5, Diff: 0.1, Sum: 43.5]
      [GC Worker End (ms): Min: 611.4, Avg: 611.4, Max: 611.4, Diff: 0.0]
   [Code Root Fixup: 0.0 ms]
   [Code Root Purge: 0.0 ms]
   [Clear CT: 0.2 ms]
   [Other: 0.7 ms]
      [Choose CSet: 0.0 ms]
      [Ref Proc: 0.3 ms]
      [Ref Enq: 0.0 ms]
      [Redirty Cards: 0.3 ms]
      [Humongous Register: 0.1 ms]
      [Humongous Reclaim: 0.0 ms]
      [Free CSet: 0.0 ms]
   [Eden: 15.0M(15.0M)->0.0B(61.0M) Survivors: 10.0M->4096.0K Heap: 364.6M(512.0M)->330.9M(512.0M)]
 [Times: user=0.00 sys=0.00, real=0.01 secs] 
2020-10-25T20:58:14.261+0800: 0.613: [GC pause (G1 Humongous Allocation) (young) (initial-mark), 0.0016288 secs]
   [Parallel Time: 0.9 ms, GC Workers: 8]
      [GC Worker Start (ms): Min: 613.4, Avg: 613.4, Max: 613.4, Diff: 0.0]
      [Ext Root Scanning (ms): Min: 0.1, Avg: 0.1, Max: 0.1, Diff: 0.0, Sum: 0.9]
      [Update RS (ms): Min: 0.0, Avg: 0.1, Max: 0.3, Diff: 0.3, Sum: 0.8]
         [Processed Buffers: Min: 1, Avg: 1.1, Max: 2, Diff: 1, Sum: 9]
      [Scan RS (ms): Min: 0.0, Avg: 0.0, Max: 0.0, Diff: 0.0, Sum: 0.0]
      [Code Root Scanning (ms): Min: 0.0, Avg: 0.0, Max: 0.0, Diff: 0.0, Sum: 0.0]
      [Object Copy (ms): Min: 0.3, Avg: 0.5, Max: 0.6, Diff: 0.4, Sum: 4.2]
      [Termination (ms): Min: 0.0, Avg: 0.1, Max: 0.2, Diff: 0.2, Sum: 0.5]
         [Termination Attempts: Min: 1, Avg: 1.0, Max: 1, Diff: 0, Sum: 8]
      [GC Worker Other (ms): Min: 0.0, Avg: 0.0, Max: 0.0, Diff: 0.0, Sum: 0.0]
      [GC Worker Total (ms): Min: 0.8, Avg: 0.8, Max: 0.8, Diff: 0.0, Sum: 6.5]
      [GC Worker End (ms): Min: 614.2, Avg: 614.2, Max: 614.2, Diff: 0.0]
   [Code Root Fixup: 0.0 ms]
   [Code Root Purge: 0.0 ms]
   [Clear CT: 0.1 ms]
   [Other: 0.6 ms]
      [Choose CSet: 0.0 ms]
      [Ref Proc: 0.2 ms]
      [Ref Enq: 0.0 ms]
      [Redirty Cards: 0.2 ms]
      [Humongous Register: 0.1 ms]
      [Humongous Reclaim: 0.0 ms]
      [Free CSet: 0.0 ms]
   [Eden: 3072.0K(61.0M)->0.0B(62.0M) Survivors: 4096.0K->5120.0K Heap: 333.8M(512.0M)->331.1M(512.0M)]
 [Times: user=0.00 sys=0.02, real=0.00 secs] 
2020-10-25T20:58:14.263+0800: 0.615: [GC concurrent-root-region-scan-start]
2020-10-25T20:58:14.263+0800: 0.615: [GC concurrent-root-region-scan-end, 0.0001653 secs]
2020-10-25T20:58:14.263+0800: 0.615: [GC concurrent-mark-start]
2020-10-25T20:58:14.264+0800: 0.617: [GC concurrent-mark-end, 0.0014383 secs]
2020-10-25T20:58:14.264+0800: 0.617: [GC remark 2020-10-25T20:58:14.264+0800: 0.617: [Finalize Marking, 0.0001994 secs] 2020-10-25T20:58:14.265+0800: 0.617: [GC ref-proc, 0.0002058 secs] 2020-10-25T20:58:14.265+0800: 0.617: [Unloading, 0.0006845 secs], 0.0020019 secs]
 [Times: user=0.00 sys=0.00, real=0.00 secs] 
2020-10-25T20:58:14.266+0800: 0.619: [GC cleanup 344M->344M(512M), 0.0010281 secs]
 [Times: user=0.00 sys=0.00, real=0.00 secs] 
2020-10-25T20:58:14.277+0800: 0.629: [GC pause (G1 Evacuation Pause) (young), 0.0038834 secs]
   [Parallel Time: 3.2 ms, GC Workers: 8]
      [GC Worker Start (ms): Min: 629.4, Avg: 629.4, Max: 629.5, Diff: 0.1]
      [Ext Root Scanning (ms): Min: 0.1, Avg: 0.1, Max: 0.2, Diff: 0.1, Sum: 0.8]
      [Update RS (ms): Min: 0.3, Avg: 0.3, Max: 0.4, Diff: 0.2, Sum: 2.5]
         [Processed Buffers: Min: 1, Avg: 4.4, Max: 5, Diff: 4, Sum: 35]
      [Scan RS (ms): Min: 0.0, Avg: 0.0, Max: 0.0, Diff: 0.0, Sum: 0.0]
      [Code Root Scanning (ms): Min: 0.0, Avg: 0.0, Max: 0.0, Diff: 0.0, Sum: 0.0]
      [Object Copy (ms): Min: 2.5, Avg: 2.6, Max: 2.6, Diff: 0.1, Sum: 20.5]
      [Termination (ms): Min: 0.0, Avg: 0.1, Max: 0.1, Diff: 0.1, Sum: 0.5]
         [Termination Attempts: Min: 1, Avg: 1.6, Max: 2, Diff: 1, Sum: 13]
      [GC Worker Other (ms): Min: 0.0, Avg: 0.0, Max: 0.0, Diff: 0.0, Sum: 0.1]
      [GC Worker Total (ms): Min: 3.0, Avg: 3.1, Max: 3.1, Diff: 0.1, Sum: 24.4]
      [GC Worker End (ms): Min: 632.5, Avg: 632.5, Max: 632.5, Diff: 0.0]
   [Code Root Fixup: 0.0 ms]
   [Code Root Purge: 0.0 ms]
   [Clear CT: 0.1 ms]
   [Other: 0.6 ms]
      [Choose CSet: 0.0 ms]
      [Ref Proc: 0.2 ms]
      [Ref Enq: 0.0 ms]
      [Redirty Cards: 0.2 ms]
      [Humongous Register: 0.1 ms]
      [Humongous Reclaim: 0.1 ms]
      [Free CSet: 0.1 ms]
   [Eden: 62.0M(62.0M)->0.0B(16.0M) Survivors: 5120.0K->9216.0K Heap: 405.6M(512.0M)->345.1M(512.0M)]
 [Times: user=0.13 sys=0.00, real=0.00 secs] 
2020-10-25T20:58:14.284+0800: 0.636: [GC pause (G1 Evacuation Pause) (mixed), 0.0059689 secs]
   [Parallel Time: 5.0 ms, GC Workers: 8]
      [GC Worker Start (ms): Min: 636.5, Avg: 636.6, Max: 636.6, Diff: 0.1]
      [Ext Root Scanning (ms): Min: 0.1, Avg: 0.1, Max: 0.2, Diff: 0.1, Sum: 0.8]
      [Update RS (ms): Min: 0.4, Avg: 0.5, Max: 0.5, Diff: 0.0, Sum: 3.6]
         [Processed Buffers: Min: 3, Avg: 6.8, Max: 8, Diff: 5, Sum: 54]
      [Scan RS (ms): Min: 0.0, Avg: 0.0, Max: 0.1, Diff: 0.1, Sum: 0.2]
      [Code Root Scanning (ms): Min: 0.0, Avg: 0.0, Max: 0.0, Diff: 0.0, Sum: 0.0]
      [Object Copy (ms): Min: 4.2, Avg: 4.3, Max: 4.4, Diff: 0.1, Sum: 34.1]
      [Termination (ms): Min: 0.0, Avg: 0.1, Max: 0.1, Diff: 0.1, Sum: 0.5]
         [Termination Attempts: Min: 1, Avg: 1.3, Max: 3, Diff: 2, Sum: 10]
      [GC Worker Other (ms): Min: 0.0, Avg: 0.0, Max: 0.0, Diff: 0.0, Sum: 0.1]
      [GC Worker Total (ms): Min: 4.9, Avg: 4.9, Max: 5.0, Diff: 0.1, Sum: 39.3]
      [GC Worker End (ms): Min: 641.5, Avg: 641.5, Max: 641.5, Diff: 0.0]
   [Code Root Fixup: 0.0 ms]
   [Code Root Purge: 0.0 ms]
   [Clear CT: 0.1 ms]
   [Other: 0.8 ms]
      [Choose CSet: 0.0 ms]
      [Ref Proc: 0.1 ms]
      [Ref Enq: 0.0 ms]
      [Redirty Cards: 0.5 ms]
      [Humongous Register: 0.1 ms]
      [Humongous Reclaim: 0.0 ms]
      [Free CSet: 0.1 ms]
   [Eden: 16.0M(16.0M)->0.0B(63.0M) Survivors: 9216.0K->4096.0K Heap: 368.3M(512.0M)->331.4M(512.0M)]
 [Times: user=0.00 sys=0.00, real=0.01 secs] 
2020-10-25T20:58:14.291+0800: 0.643: [GC pause (G1 Humongous Allocation) (young) (initial-mark), 0.0017473 secs]
   [Parallel Time: 0.8 ms, GC Workers: 8]
      [GC Worker Start (ms): Min: 643.3, Avg: 643.4, Max: 643.4, Diff: 0.1]
      [Ext Root Scanning (ms): Min: 0.1, Avg: 0.1, Max: 0.2, Diff: 0.1, Sum: 0.9]
      [Update RS (ms): Min: 0.0, Avg: 0.1, Max: 0.2, Diff: 0.2, Sum: 0.7]
         [Processed Buffers: Min: 1, Avg: 1.1, Max: 2, Diff: 1, Sum: 9]
      [Scan RS (ms): Min: 0.0, Avg: 0.0, Max: 0.0, Diff: 0.0, Sum: 0.0]
      [Code Root Scanning (ms): Min: 0.0, Avg: 0.0, Max: 0.0, Diff: 0.0, Sum: 0.0]
      [Object Copy (ms): Min: 0.4, Avg: 0.5, Max: 0.6, Diff: 0.2, Sum: 4.1]
      [Termination (ms): Min: 0.0, Avg: 0.0, Max: 0.1, Diff: 0.1, Sum: 0.2]
         [Termination Attempts: Min: 1, Avg: 1.0, Max: 1, Diff: 0, Sum: 8]
      [GC Worker Other (ms): Min: 0.0, Avg: 0.0, Max: 0.0, Diff: 0.0, Sum: 0.1]
      [GC Worker Total (ms): Min: 0.7, Avg: 0.8, Max: 0.8, Diff: 0.1, Sum: 6.0]
      [GC Worker End (ms): Min: 644.1, Avg: 644.1, Max: 644.1, Diff: 0.0]
   [Code Root Fixup: 0.0 ms]
   [Code Root Purge: 0.0 ms]
   [Clear CT: 0.3 ms]
   [Other: 0.6 ms]
      [Choose CSet: 0.0 ms]
      [Ref Proc: 0.1 ms]
      [Ref Enq: 0.0 ms]
      [Redirty Cards: 0.3 ms]
      [Humongous Register: 0.1 ms]
      [Humongous Reclaim: 0.0 ms]
      [Free CSet: 0.0 ms]
   [Eden: 4096.0K(63.0M)->0.0B(63.0M) Survivors: 4096.0K->5120.0K Heap: 335.0M(512.0M)->332.1M(512.0M)]
 [Times: user=0.00 sys=0.00, real=0.00 secs] 
2020-10-25T20:58:14.293+0800: 0.645: [GC concurrent-root-region-scan-start]
2020-10-25T20:58:14.293+0800: 0.645: [GC concurrent-root-region-scan-end, 0.0002115 secs]
2020-10-25T20:58:14.293+0800: 0.645: [GC concurrent-mark-start]
2020-10-25T20:58:14.295+0800: 0.647: [GC concurrent-mark-end, 0.0018406 secs]
2020-10-25T20:58:14.295+0800: 0.647: [GC remark 2020-10-25T20:58:14.295+0800: 0.647: [Finalize Marking, 0.0001624 secs] 2020-10-25T20:58:14.295+0800: 0.648: [GC ref-proc, 0.0002914 secs] 2020-10-25T20:58:14.296+0800: 0.648: [Unloading, 0.0005273 secs], 0.0018865 secs]
 [Times: user=0.00 sys=0.00, real=0.00 secs] 
2020-10-25T20:58:14.297+0800: 0.649: [GC cleanup 345M->345M(512M), 0.0008793 secs]
 [Times: user=0.00 sys=0.00, real=0.00 secs] 
2020-10-25T20:58:14.309+0800: 0.661: [GC pause (G1 Evacuation Pause) (young), 0.0038613 secs]
   [Parallel Time: 3.3 ms, GC Workers: 8]
      [GC Worker Start (ms): Min: 661.5, Avg: 661.6, Max: 661.6, Diff: 0.1]
      [Ext Root Scanning (ms): Min: 0.1, Avg: 0.1, Max: 0.2, Diff: 0.1, Sum: 0.9]
      [Update RS (ms): Min: 0.4, Avg: 0.4, Max: 0.4, Diff: 0.0, Sum: 3.3]
         [Processed Buffers: Min: 2, Avg: 5.8, Max: 7, Diff: 5, Sum: 46]
      [Scan RS (ms): Min: 0.0, Avg: 0.0, Max: 0.0, Diff: 0.0, Sum: 0.0]
      [Code Root Scanning (ms): Min: 0.0, Avg: 0.0, Max: 0.0, Diff: 0.0, Sum: 0.0]
      [Object Copy (ms): Min: 2.5, Avg: 2.6, Max: 2.6, Diff: 0.1, Sum: 20.6]
      [Termination (ms): Min: 0.0, Avg: 0.0, Max: 0.1, Diff: 0.1, Sum: 0.2]
         [Termination Attempts: Min: 1, Avg: 1.8, Max: 3, Diff: 2, Sum: 14]
      [GC Worker Other (ms): Min: 0.0, Avg: 0.0, Max: 0.0, Diff: 0.0, Sum: 0.1]
      [GC Worker Total (ms): Min: 3.1, Avg: 3.1, Max: 3.2, Diff: 0.1, Sum: 25.2]
      [GC Worker End (ms): Min: 664.7, Avg: 664.7, Max: 664.7, Diff: 0.0]
   [Code Root Fixup: 0.0 ms]
   [Code Root Purge: 0.0 ms]
   [Clear CT: 0.1 ms]
   [Other: 0.5 ms]
      [Choose CSet: 0.0 ms]
      [Ref Proc: 0.1 ms]
      [Ref Enq: 0.0 ms]
      [Redirty Cards: 0.1 ms]
      [Humongous Register: 0.1 ms]
      [Humongous Reclaim: 0.0 ms]
      [Free CSet: 0.1 ms]
   [Eden: 63.0M(63.0M)->0.0B(16.0M) Survivors: 5120.0K->9216.0K Heap: 418.3M(512.0M)->355.8M(512.0M)]
 [Times: user=0.13 sys=0.00, real=0.00 secs] 
2020-10-25T20:58:14.316+0800: 0.668: [GC pause (G1 Evacuation Pause) (mixed), 0.0054544 secs]
   [Parallel Time: 4.6 ms, GC Workers: 8]
      [GC Worker Start (ms): Min: 668.6, Avg: 668.6, Max: 668.7, Diff: 0.1]
      [Ext Root Scanning (ms): Min: 0.1, Avg: 0.1, Max: 0.2, Diff: 0.1, Sum: 0.9]
      [Update RS (ms): Min: 0.4, Avg: 0.5, Max: 0.5, Diff: 0.0, Sum: 3.7]
         [Processed Buffers: Min: 7, Avg: 7.5, Max: 9, Diff: 2, Sum: 60]
      [Scan RS (ms): Min: 0.0, Avg: 0.0, Max: 0.1, Diff: 0.1, Sum: 0.3]
      [Code Root Scanning (ms): Min: 0.0, Avg: 0.0, Max: 0.0, Diff: 0.0, Sum: 0.0]
      [Object Copy (ms): Min: 3.7, Avg: 3.9, Max: 3.9, Diff: 0.1, Sum: 30.9]
      [Termination (ms): Min: 0.0, Avg: 0.0, Max: 0.0, Diff: 0.0, Sum: 0.1]
         [Termination Attempts: Min: 1, Avg: 1.0, Max: 1, Diff: 0, Sum: 8]
      [GC Worker Other (ms): Min: 0.0, Avg: 0.0, Max: 0.0, Diff: 0.0, Sum: 0.1]
      [GC Worker Total (ms): Min: 4.5, Avg: 4.5, Max: 4.5, Diff: 0.1, Sum: 36.0]
      [GC Worker End (ms): Min: 673.1, Avg: 673.1, Max: 673.1, Diff: 0.0]
   [Code Root Fixup: 0.0 ms]
   [Code Root Purge: 0.0 ms]
   [Clear CT: 0.3 ms]
   [Other: 0.6 ms]
      [Choose CSet: 0.0 ms]
      [Ref Proc: 0.1 ms]
      [Ref Enq: 0.0 ms]
      [Redirty Cards: 0.2 ms]
      [Humongous Register: 0.1 ms]
      [Humongous Reclaim: 0.0 ms]
      [Free CSet: 0.0 ms]
   [Eden: 16.0M(16.0M)->0.0B(46.0M) Survivors: 9216.0K->4096.0K Heap: 378.1M(512.0M)->345.3M(512.0M)]
 [Times: user=0.00 sys=0.00, real=0.01 secs] 
2020-10-25T20:58:14.322+0800: 0.675: [GC pause (G1 Humongous Allocation) (young) (initial-mark), 0.0016871 secs]
   [Parallel Time: 1.0 ms, GC Workers: 8]
      [GC Worker Start (ms): Min: 674.9, Avg: 674.9, Max: 675.0, Diff: 0.1]
      [Ext Root Scanning (ms): Min: 0.1, Avg: 0.1, Max: 0.2, Diff: 0.1, Sum: 0.9]
      [Update RS (ms): Min: 0.0, Avg: 0.1, Max: 0.3, Diff: 0.3, Sum: 0.9]
         [Processed Buffers: Min: 1, Avg: 1.1, Max: 2, Diff: 1, Sum: 9]
      [Scan RS (ms): Min: 0.0, Avg: 0.0, Max: 0.0, Diff: 0.0, Sum: 0.0]
      [Code Root Scanning (ms): Min: 0.0, Avg: 0.0, Max: 0.0, Diff: 0.0, Sum: 0.0]
      [Object Copy (ms): Min: 0.4, Avg: 0.6, Max: 0.7, Diff: 0.3, Sum: 4.7]
      [Termination (ms): Min: 0.0, Avg: 0.0, Max: 0.1, Diff: 0.1, Sum: 0.4]
         [Termination Attempts: Min: 1, Avg: 1.0, Max: 1, Diff: 0, Sum: 8]
      [GC Worker Other (ms): Min: 0.0, Avg: 0.0, Max: 0.0, Diff: 0.0, Sum: 0.1]
      [GC Worker Total (ms): Min: 0.8, Avg: 0.9, Max: 0.9, Diff: 0.1, Sum: 7.0]
      [GC Worker End (ms): Min: 675.8, Avg: 675.8, Max: 675.8, Diff: 0.0]
   [Code Root Fixup: 0.0 ms]
   [Code Root Purge: 0.0 ms]
   [Clear CT: 0.2 ms]
   [Other: 0.5 ms]
      [Choose CSet: 0.0 ms]
      [Ref Proc: 0.1 ms]
      [Ref Enq: 0.0 ms]
      [Redirty Cards: 0.1 ms]
      [Humongous Register: 0.1 ms]
      [Humongous Reclaim: 0.0 ms]
      [Free CSet: 0.0 ms]
   [Eden: 6144.0K(46.0M)->0.0B(47.0M) Survivors: 4096.0K->5120.0K Heap: 350.9M(512.0M)->345.5M(512.0M)]
 [Times: user=0.00 sys=0.00, real=0.00 secs] 
2020-10-25T20:58:14.324+0800: 0.677: [GC concurrent-root-region-scan-start]
2020-10-25T20:58:14.325+0800: 0.677: [GC concurrent-root-region-scan-end, 0.0001911 secs]
2020-10-25T20:58:14.325+0800: 0.677: [GC concurrent-mark-start]
2020-10-25T20:58:14.326+0800: 0.678: [GC concurrent-mark-end, 0.0016479 secs]
2020-10-25T20:58:14.326+0800: 0.679: [GC remark 2020-10-25T20:58:14.326+0800: 0.679: [Finalize Marking, 0.0002176 secs] 2020-10-25T20:58:14.327+0800: 0.679: [GC ref-proc, 0.0002229 secs] 2020-10-25T20:58:14.327+0800: 0.679: [Unloading, 0.0004586 secs], 0.0016879 secs]
 [Times: user=0.00 sys=0.00, real=0.00 secs] 
2020-10-25T20:58:14.328+0800: 0.680: [GC cleanup 355M->355M(512M), 0.0005771 secs]
 [Times: user=0.00 sys=0.00, real=0.00 secs] 
2020-10-25T20:58:14.336+0800: 0.688: [GC pause (G1 Evacuation Pause) (young), 0.0046237 secs]
   [Parallel Time: 3.8 ms, GC Workers: 8]
      [GC Worker Start (ms): Min: 688.3, Avg: 688.4, Max: 688.5, Diff: 0.1]
      [Ext Root Scanning (ms): Min: 0.1, Avg: 0.1, Max: 0.2, Diff: 0.1, Sum: 1.0]
      [Update RS (ms): Min: 0.7, Avg: 0.7, Max: 0.7, Diff: 0.0, Sum: 5.3]
         [Processed Buffers: Min: 0, Avg: 8.5, Max: 12, Diff: 12, Sum: 68]
      [Scan RS (ms): Min: 0.0, Avg: 0.0, Max: 0.0, Diff: 0.0, Sum: 0.0]
      [Code Root Scanning (ms): Min: 0.0, Avg: 0.0, Max: 0.0, Diff: 0.0, Sum: 0.0]
      [Object Copy (ms): Min: 2.6, Avg: 2.7, Max: 2.7, Diff: 0.1, Sum: 21.2]
      [Termination (ms): Min: 0.0, Avg: 0.1, Max: 0.1, Diff: 0.1, Sum: 0.4]
         [Termination Attempts: Min: 1, Avg: 1.0, Max: 1, Diff: 0, Sum: 8]
      [GC Worker Other (ms): Min: 0.0, Avg: 0.0, Max: 0.0, Diff: 0.0, Sum: 0.1]
      [GC Worker Total (ms): Min: 3.5, Avg: 3.5, Max: 3.6, Diff: 0.1, Sum: 28.1]
      [GC Worker End (ms): Min: 691.9, Avg: 692.0, Max: 692.0, Diff: 0.0]
   [Code Root Fixup: 0.0 ms]
   [Code Root Purge: 0.0 ms]
   [Clear CT: 0.3 ms]
   [Other: 0.6 ms]
      [Choose CSet: 0.0 ms]
      [Ref Proc: 0.2 ms]
      [Ref Enq: 0.0 ms]
      [Redirty Cards: 0.1 ms]
      [Humongous Register: 0.1 ms]
      [Humongous Reclaim: 0.0 ms]
      [Free CSet: 0.0 ms]
   [Eden: 47.0M(47.0M)->0.0B(18.0M) Survivors: 5120.0K->7168.0K Heap: 403.9M(512.0M)->364.9M(512.0M)]
 [Times: user=0.00 sys=0.00, real=0.01 secs] 
2020-10-25T20:58:14.344+0800: 0.696: [GC pause (G1 Evacuation Pause) (mixed), 0.0050662 secs]
   [Parallel Time: 4.5 ms, GC Workers: 8]
      [GC Worker Start (ms): Min: 696.1, Avg: 696.1, Max: 696.2, Diff: 0.1]
      [Ext Root Scanning (ms): Min: 0.1, Avg: 0.1, Max: 0.2, Diff: 0.1, Sum: 0.9]
      [Update RS (ms): Min: 0.2, Avg: 0.2, Max: 0.2, Diff: 0.0, Sum: 1.9]
         [Processed Buffers: Min: 4, Avg: 4.0, Max: 4, Diff: 0, Sum: 32]
      [Scan RS (ms): Min: 0.0, Avg: 0.0, Max: 0.1, Diff: 0.1, Sum: 0.3]
      [Code Root Scanning (ms): Min: 0.0, Avg: 0.0, Max: 0.0, Diff: 0.0, Sum: 0.0]
      [Object Copy (ms): Min: 3.9, Avg: 4.0, Max: 4.0, Diff: 0.1, Sum: 31.7]
      [Termination (ms): Min: 0.0, Avg: 0.0, Max: 0.1, Diff: 0.1, Sum: 0.3]
         [Termination Attempts: Min: 1, Avg: 1.9, Max: 6, Diff: 5, Sum: 15]
      [GC Worker Other (ms): Min: 0.0, Avg: 0.0, Max: 0.0, Diff: 0.0, Sum: 0.1]
      [GC Worker Total (ms): Min: 4.4, Avg: 4.4, Max: 4.4, Diff: 0.1, Sum: 35.2]
      [GC Worker End (ms): Min: 700.5, Avg: 700.5, Max: 700.5, Diff: 0.0]
   [Code Root Fixup: 0.0 ms]
   [Code Root Purge: 0.0 ms]
   [Clear CT: 0.1 ms]
   [Other: 0.5 ms]
      [Choose CSet: 0.0 ms]
      [Ref Proc: 0.1 ms]
      [Ref Enq: 0.0 ms]
      [Redirty Cards: 0.1 ms]
      [Humongous Register: 0.1 ms]
      [Humongous Reclaim: 0.0 ms]
      [Free CSet: 0.1 ms]
   [Eden: 18.0M(18.0M)->0.0B(43.0M) Survivors: 7168.0K->4096.0K Heap: 385.7M(512.0M)->348.9M(512.0M)]
 [Times: user=0.00 sys=0.00, real=0.00 secs] 
2020-10-25T20:58:14.349+0800: 0.702: [GC pause (G1 Humongous Allocation) (young) (initial-mark), 0.0014298 secs]
   [Parallel Time: 0.7 ms, GC Workers: 8]
      [GC Worker Start (ms): Min: 701.7, Avg: 701.7, Max: 701.7, Diff: 0.1]
      [Ext Root Scanning (ms): Min: 0.1, Avg: 0.1, Max: 0.1, Diff: 0.1, Sum: 0.9]
      [Update RS (ms): Min: 0.0, Avg: 0.1, Max: 0.2, Diff: 0.2, Sum: 0.9]
         [Processed Buffers: Min: 1, Avg: 1.1, Max: 2, Diff: 1, Sum: 9]
      [Scan RS (ms): Min: 0.0, Avg: 0.0, Max: 0.0, Diff: 0.0, Sum: 0.0]
      [Code Root Scanning (ms): Min: 0.0, Avg: 0.0, Max: 0.0, Diff: 0.0, Sum: 0.0]
      [Object Copy (ms): Min: 0.3, Avg: 0.4, Max: 0.5, Diff: 0.2, Sum: 3.0]
      [Termination (ms): Min: 0.0, Avg: 0.0, Max: 0.1, Diff: 0.1, Sum: 0.4]
         [Termination Attempts: Min: 1, Avg: 1.0, Max: 1, Diff: 0, Sum: 8]
      [GC Worker Other (ms): Min: 0.0, Avg: 0.0, Max: 0.0, Diff: 0.0, Sum: 0.1]
      [GC Worker Total (ms): Min: 0.6, Avg: 0.7, Max: 0.7, Diff: 0.1, Sum: 5.3]
      [GC Worker End (ms): Min: 702.4, Avg: 702.4, Max: 702.4, Diff: 0.0]
   [Code Root Fixup: 0.0 ms]
   [Code Root Purge: 0.0 ms]
   [Clear CT: 0.1 ms]
   [Other: 0.6 ms]
      [Choose CSet: 0.0 ms]
      [Ref Proc: 0.1 ms]
      [Ref Enq: 0.0 ms]
      [Redirty Cards: 0.3 ms]
      [Humongous Register: 0.1 ms]
      [Humongous Reclaim: 0.0 ms]
      [Free CSet: 0.0 ms]
   [Eden: 1024.0K(43.0M)->0.0B(43.0M) Survivors: 4096.0K->1024.0K Heap: 349.9M(512.0M)->348.8M(512.0M)]
 [Times: user=0.00 sys=0.00, real=0.00 secs] 
2020-10-25T20:58:14.351+0800: 0.703: [GC concurrent-root-region-scan-start]
2020-10-25T20:58:14.351+0800: 0.703: [GC concurrent-root-region-scan-end, 0.0000403 secs]
2020-10-25T20:58:14.351+0800: 0.703: [GC concurrent-mark-start]
2020-10-25T20:58:14.353+0800: 0.705: [GC concurrent-mark-end, 0.0016500 secs]
2020-10-25T20:58:14.353+0800: 0.705: [GC remark 2020-10-25T20:58:14.353+0800: 0.705: [Finalize Marking, 0.0003255 secs] 2020-10-25T20:58:14.353+0800: 0.705: [GC ref-proc, 0.0002065 secs] 2020-10-25T20:58:14.353+0800: 0.706: [Unloading, 0.0003815 secs], 0.0017764 secs]
 [Times: user=0.00 sys=0.00, real=0.00 secs] 
2020-10-25T20:58:14.355+0800: 0.707: [GC cleanup 363M->363M(512M), 0.0009691 secs]
 [Times: user=0.00 sys=0.00, real=0.00 secs] 
2020-10-25T20:58:14.365+0800: 0.717: [GC pause (G1 Evacuation Pause) (young), 0.0035775 secs]
   [Parallel Time: 2.6 ms, GC Workers: 8]
      [GC Worker Start (ms): Min: 717.1, Avg: 717.1, Max: 717.2, Diff: 0.1]
      [Ext Root Scanning (ms): Min: 0.1, Avg: 0.1, Max: 0.2, Diff: 0.1, Sum: 0.9]
      [Update RS (ms): Min: 0.6, Avg: 0.6, Max: 0.6, Diff: 0.0, Sum: 5.0]
         [Processed Buffers: Min: 6, Avg: 9.1, Max: 10, Diff: 4, Sum: 73]
      [Scan RS (ms): Min: 0.0, Avg: 0.0, Max: 0.0, Diff: 0.0, Sum: 0.0]
      [Code Root Scanning (ms): Min: 0.0, Avg: 0.0, Max: 0.0, Diff: 0.0, Sum: 0.0]
      [Object Copy (ms): Min: 1.7, Avg: 1.7, Max: 1.8, Diff: 0.1, Sum: 13.9]
      [Termination (ms): Min: 0.0, Avg: 0.0, Max: 0.1, Diff: 0.1, Sum: 0.4]
         [Termination Attempts: Min: 1, Avg: 1.6, Max: 2, Diff: 1, Sum: 13]
      [GC Worker Other (ms): Min: 0.0, Avg: 0.0, Max: 0.0, Diff: 0.0, Sum: 0.1]
      [GC Worker Total (ms): Min: 2.5, Avg: 2.5, Max: 2.6, Diff: 0.1, Sum: 20.2]
      [GC Worker End (ms): Min: 719.7, Avg: 719.7, Max: 719.7, Diff: 0.0]
   [Code Root Fixup: 0.0 ms]
   [Code Root Purge: 0.0 ms]
   [Clear CT: 0.2 ms]
   [Other: 0.7 ms]
      [Choose CSet: 0.0 ms]
      [Ref Proc: 0.2 ms]
      [Ref Enq: 0.0 ms]
      [Redirty Cards: 0.3 ms]
      [Humongous Register: 0.1 ms]
      [Humongous Reclaim: 0.0 ms]
      [Free CSet: 0.0 ms]
   [Eden: 43.0M(43.0M)->0.0B(19.0M) Survivors: 1024.0K->6144.0K Heap: 403.8M(512.0M)->363.5M(512.0M)]
 [Times: user=0.00 sys=0.00, real=0.00 secs] 
2020-10-25T20:58:14.371+0800: 0.724: [GC pause (G1 Evacuation Pause) (mixed), 0.0056514 secs]
   [Parallel Time: 4.8 ms, GC Workers: 8]
      [GC Worker Start (ms): Min: 723.8, Avg: 723.8, Max: 723.9, Diff: 0.1]
      [Ext Root Scanning (ms): Min: 0.1, Avg: 0.1, Max: 0.1, Diff: 0.1, Sum: 0.9]
      [Update RS (ms): Min: 0.4, Avg: 0.4, Max: 0.4, Diff: 0.0, Sum: 3.1]
         [Processed Buffers: Min: 6, Avg: 6.1, Max: 7, Diff: 1, Sum: 49]
      [Scan RS (ms): Min: 0.0, Avg: 0.0, Max: 0.1, Diff: 0.1, Sum: 0.2]
      [Code Root Scanning (ms): Min: 0.0, Avg: 0.0, Max: 0.0, Diff: 0.0, Sum: 0.0]
      [Object Copy (ms): Min: 4.0, Avg: 4.1, Max: 4.1, Diff: 0.1, Sum: 32.8]
      [Termination (ms): Min: 0.0, Avg: 0.0, Max: 0.1, Diff: 0.1, Sum: 0.4]
         [Termination Attempts: Min: 1, Avg: 1.0, Max: 1, Diff: 0, Sum: 8]
      [GC Worker Other (ms): Min: 0.0, Avg: 0.0, Max: 0.0, Diff: 0.0, Sum: 0.1]
      [GC Worker Total (ms): Min: 4.6, Avg: 4.7, Max: 4.7, Diff: 0.1, Sum: 37.4]
      [GC Worker End (ms): Min: 728.5, Avg: 728.5, Max: 728.5, Diff: 0.0]
   [Code Root Fixup: 0.0 ms]
   [Code Root Purge: 0.0 ms]
   [Clear CT: 0.2 ms]
   [Other: 0.7 ms]
      [Choose CSet: 0.0 ms]
      [Ref Proc: 0.1 ms]
      [Ref Enq: 0.0 ms]
      [Redirty Cards: 0.3 ms]
      [Humongous Register: 0.1 ms]
      [Humongous Reclaim: 0.0 ms]
      [Free CSet: 0.1 ms]
   [Eden: 19.0M(19.0M)->0.0B(39.0M) Survivors: 6144.0K->4096.0K Heap: 387.6M(512.0M)->355.1M(512.0M)]
 [Times: user=0.02 sys=0.00, real=0.01 secs] 
2020-10-25T20:58:14.378+0800: 0.730: [GC pause (G1 Humongous Allocation) (young) (initial-mark), 0.0012645 secs]
   [Parallel Time: 0.8 ms, GC Workers: 8]
      [GC Worker Start (ms): Min: 730.0, Avg: 730.0, Max: 730.0, Diff: 0.1]
      [Ext Root Scanning (ms): Min: 0.1, Avg: 0.1, Max: 0.2, Diff: 0.1, Sum: 0.9]
      [Update RS (ms): Min: 0.0, Avg: 0.1, Max: 0.2, Diff: 0.2, Sum: 0.7]
         [Processed Buffers: Min: 1, Avg: 1.1, Max: 2, Diff: 1, Sum: 9]
      [Scan RS (ms): Min: 0.0, Avg: 0.0, Max: 0.0, Diff: 0.0, Sum: 0.0]
      [Code Root Scanning (ms): Min: 0.0, Avg: 0.0, Max: 0.0, Diff: 0.0, Sum: 0.0]
      [Object Copy (ms): Min: 0.3, Avg: 0.4, Max: 0.5, Diff: 0.2, Sum: 3.3]
      [Termination (ms): Min: 0.0, Avg: 0.1, Max: 0.1, Diff: 0.1, Sum: 0.6]
         [Termination Attempts: Min: 1, Avg: 1.0, Max: 1, Diff: 0, Sum: 8]
      [GC Worker Other (ms): Min: 0.0, Avg: 0.0, Max: 0.0, Diff: 0.0, Sum: 0.0]
      [GC Worker Total (ms): Min: 0.7, Avg: 0.7, Max: 0.7, Diff: 0.1, Sum: 5.6]
      [GC Worker End (ms): Min: 730.7, Avg: 730.7, Max: 730.7, Diff: 0.0]
   [Code Root Fixup: 0.0 ms]
   [Code Root Purge: 0.0 ms]
   [Clear CT: 0.1 ms]
   [Other: 0.3 ms]
      [Choose CSet: 0.0 ms]
      [Ref Proc: 0.1 ms]
      [Ref Enq: 0.0 ms]
      [Redirty Cards: 0.1 ms]
      [Humongous Register: 0.1 ms]
      [Humongous Reclaim: 0.0 ms]
      [Free CSet: 0.0 ms]
   [Eden: 3072.0K(39.0M)->0.0B(40.0M) Survivors: 4096.0K->1024.0K Heap: 357.7M(512.0M)->355.1M(512.0M)]
 [Times: user=0.00 sys=0.00, real=0.00 secs] 
2020-10-25T20:58:14.379+0800: 0.731: [GC concurrent-root-region-scan-start]
2020-10-25T20:58:14.379+0800: 0.731: [GC concurrent-root-region-scan-end, 0.0000456 secs]
2020-10-25T20:58:14.379+0800: 0.731: [GC concurrent-mark-start]
2020-10-25T20:58:14.381+0800: 0.733: [GC concurrent-mark-end, 0.0016334 secs]
2020-10-25T20:58:14.381+0800: 0.733: [GC remark 2020-10-25T20:58:14.381+0800: 0.733: [Finalize Marking, 0.0001769 secs] 2020-10-25T20:58:14.381+0800: 0.733: [GC ref-proc, 0.0002199 secs] 2020-10-25T20:58:14.381+0800: 0.734: [Unloading, 0.0004680 secs], 0.0016718 secs]
 [Times: user=0.00 sys=0.00, real=0.00 secs] 
2020-10-25T20:58:14.383+0800: 0.735: [GC cleanup 368M->368M(512M), 0.0009905 secs]
 [Times: user=0.00 sys=0.00, real=0.00 secs] 
2020-10-25T20:58:14.390+0800: 0.742: [GC pause (G1 Evacuation Pause) (young), 0.0029630 secs]
   [Parallel Time: 2.4 ms, GC Workers: 8]
      [GC Worker Start (ms): Min: 741.9, Avg: 741.9, Max: 742.0, Diff: 0.1]
      [Ext Root Scanning (ms): Min: 0.1, Avg: 0.1, Max: 0.2, Diff: 0.1, Sum: 0.9]
      [Update RS (ms): Min: 0.5, Avg: 0.6, Max: 0.8, Diff: 0.3, Sum: 4.6]
         [Processed Buffers: Min: 4, Avg: 7.6, Max: 9, Diff: 5, Sum: 61]
      [Scan RS (ms): Min: 0.0, Avg: 0.0, Max: 0.0, Diff: 0.0, Sum: 0.0]
      [Code Root Scanning (ms): Min: 0.0, Avg: 0.0, Max: 0.0, Diff: 0.0, Sum: 0.0]
      [Object Copy (ms): Min: 1.2, Avg: 1.5, Max: 1.6, Diff: 0.4, Sum: 11.7]
      [Termination (ms): Min: 0.0, Avg: 0.1, Max: 0.1, Diff: 0.1, Sum: 0.6]
         [Termination Attempts: Min: 1, Avg: 1.6, Max: 2, Diff: 1, Sum: 13]
      [GC Worker Other (ms): Min: 0.0, Avg: 0.0, Max: 0.0, Diff: 0.0, Sum: 0.1]
      [GC Worker Total (ms): Min: 2.2, Avg: 2.2, Max: 2.3, Diff: 0.1, Sum: 17.9]
      [GC Worker End (ms): Min: 744.2, Avg: 744.2, Max: 744.2, Diff: 0.0]
   [Code Root Fixup: 0.0 ms]
   [Code Root Purge: 0.0 ms]
   [Clear CT: 0.1 ms]
   [Other: 0.5 ms]
      [Choose CSet: 0.0 ms]
      [Ref Proc: 0.1 ms]
      [Ref Enq: 0.0 ms]
      [Redirty Cards: 0.1 ms]
      [Humongous Register: 0.1 ms]
      [Humongous Reclaim: 0.0 ms]
      [Free CSet: 0.0 ms]
   [Eden: 40.0M(40.0M)->0.0B(19.0M) Survivors: 1024.0K->6144.0K Heap: 411.4M(512.0M)->374.5M(512.0M)]
 [Times: user=0.00 sys=0.00, real=0.00 secs] 
2020-10-25T20:58:14.397+0800: 0.749: [GC pause (G1 Evacuation Pause) (mixed), 0.0056454 secs]
   [Parallel Time: 4.8 ms, GC Workers: 8]
      [GC Worker Start (ms): Min: 748.9, Avg: 749.0, Max: 749.0, Diff: 0.1]
      [Ext Root Scanning (ms): Min: 0.1, Avg: 0.1, Max: 0.1, Diff: 0.1, Sum: 0.9]
      [Update RS (ms): Min: 0.5, Avg: 0.5, Max: 0.5, Diff: 0.1, Sum: 3.8]
         [Processed Buffers: Min: 7, Avg: 7.3, Max: 8, Diff: 1, Sum: 58]
      [Scan RS (ms): Min: 0.0, Avg: 0.0, Max: 0.1, Diff: 0.1, Sum: 0.3]
      [Code Root Scanning (ms): Min: 0.0, Avg: 0.0, Max: 0.0, Diff: 0.0, Sum: 0.0]
      [Object Copy (ms): Min: 4.0, Avg: 4.0, Max: 4.1, Diff: 0.1, Sum: 32.1]
      [Termination (ms): Min: 0.0, Avg: 0.0, Max: 0.1, Diff: 0.1, Sum: 0.3]
         [Termination Attempts: Min: 1, Avg: 1.0, Max: 1, Diff: 0, Sum: 8]
      [GC Worker Other (ms): Min: 0.0, Avg: 0.0, Max: 0.0, Diff: 0.0, Sum: 0.1]
      [GC Worker Total (ms): Min: 4.6, Avg: 4.7, Max: 4.7, Diff: 0.1, Sum: 37.4]
      [GC Worker End (ms): Min: 753.6, Avg: 753.6, Max: 753.6, Diff: 0.0]
   [Code Root Fixup: 0.0 ms]
   [Code Root Purge: 0.0 ms]
   [Clear CT: 0.2 ms]
   [Other: 0.7 ms]
      [Choose CSet: 0.0 ms]
      [Ref Proc: 0.2 ms]
      [Ref Enq: 0.0 ms]
      [Redirty Cards: 0.3 ms]
      [Humongous Register: 0.1 ms]
      [Humongous Reclaim: 0.0 ms]
      [Free CSet: 0.1 ms]
   [Eden: 19.0M(19.0M)->0.0B(32.0M) Survivors: 6144.0K->4096.0K Heap: 399.6M(512.0M)->360.9M(512.0M)]
 [Times: user=0.00 sys=0.00, real=0.01 secs] 
2020-10-25T20:58:14.403+0800: 0.755: [GC pause (G1 Humongous Allocation) (young) (initial-mark), 0.0015592 secs]
   [Parallel Time: 1.0 ms, GC Workers: 8]
      [GC Worker Start (ms): Min: 755.1, Avg: 755.1, Max: 755.1, Diff: 0.1]
      [Ext Root Scanning (ms): Min: 0.1, Avg: 0.1, Max: 0.2, Diff: 0.1, Sum: 0.9]
      [Update RS (ms): Min: 0.0, Avg: 0.1, Max: 0.3, Diff: 0.2, Sum: 0.7]
         [Processed Buffers: Min: 1, Avg: 1.3, Max: 2, Diff: 1, Sum: 10]
      [Scan RS (ms): Min: 0.0, Avg: 0.0, Max: 0.0, Diff: 0.0, Sum: 0.0]
      [Code Root Scanning (ms): Min: 0.0, Avg: 0.0, Max: 0.0, Diff: 0.0, Sum: 0.0]
      [Object Copy (ms): Min: 0.5, Avg: 0.6, Max: 0.7, Diff: 0.2, Sum: 5.2]
      [Termination (ms): Min: 0.0, Avg: 0.1, Max: 0.1, Diff: 0.1, Sum: 0.4]
         [Termination Attempts: Min: 1, Avg: 1.0, Max: 1, Diff: 0, Sum: 8]
      [GC Worker Other (ms): Min: 0.0, Avg: 0.0, Max: 0.0, Diff: 0.0, Sum: 0.0]
      [GC Worker Total (ms): Min: 0.9, Avg: 0.9, Max: 0.9, Diff: 0.1, Sum: 7.3]
      [GC Worker End (ms): Min: 756.0, Avg: 756.0, Max: 756.0, Diff: 0.0]
   [Code Root Fixup: 0.0 ms]
   [Code Root Purge: 0.0 ms]
   [Clear CT: 0.1 ms]
   [Other: 0.4 ms]
      [Choose CSet: 0.0 ms]
      [Ref Proc: 0.2 ms]
      [Ref Enq: 0.0 ms]
      [Redirty Cards: 0.1 ms]
      [Humongous Register: 0.1 ms]
      [Humongous Reclaim: 0.0 ms]
      [Free CSet: 0.0 ms]
   [Eden: 3072.0K(32.0M)->0.0B(32.0M) Survivors: 4096.0K->2048.0K Heap: 363.9M(512.0M)->361.5M(512.0M)]
 [Times: user=0.09 sys=0.03, real=0.00 secs] 
2020-10-25T20:58:14.405+0800: 0.757: [GC concurrent-root-region-scan-start]
2020-10-25T20:58:14.405+0800: 0.757: [GC concurrent-root-region-scan-end, 0.0001263 secs]
2020-10-25T20:58:14.405+0800: 0.757: [GC concurrent-mark-start]
2020-10-25T20:58:14.407+0800: 0.759: [GC concurrent-mark-end, 0.0017629 secs]
2020-10-25T20:58:14.407+0800: 0.759: [GC remark 2020-10-25T20:58:14.407+0800: 0.759: [Finalize Marking, 0.0001514 secs] 2020-10-25T20:58:14.407+0800: 0.759: [GC ref-proc, 0.0002142 secs] 2020-10-25T20:58:14.407+0800: 0.759: [Unloading, 0.0004688 secs], 0.0016588 secs]
 [Times: user=0.00 sys=0.00, real=0.00 secs] 
2020-10-25T20:58:14.409+0800: 0.761: [GC cleanup 372M->372M(512M), 0.0009636 secs]
 [Times: user=0.00 sys=0.00, real=0.00 secs] 
2020-10-25T20:58:14.414+0800: 0.766: [GC pause (G1 Evacuation Pause) (young), 0.0029813 secs]
   [Parallel Time: 2.2 ms, GC Workers: 8]
      [GC Worker Start (ms): Min: 766.6, Avg: 766.7, Max: 766.7, Diff: 0.1]
      [Ext Root Scanning (ms): Min: 0.1, Avg: 0.1, Max: 0.2, Diff: 0.1, Sum: 0.9]
      [Update RS (ms): Min: 0.7, Avg: 0.7, Max: 0.7, Diff: 0.0, Sum: 5.4]
         [Processed Buffers: Min: 7, Avg: 9.9, Max: 11, Diff: 4, Sum: 79]
      [Scan RS (ms): Min: 0.0, Avg: 0.0, Max: 0.0, Diff: 0.0, Sum: 0.0]
      [Code Root Scanning (ms): Min: 0.0, Avg: 0.0, Max: 0.0, Diff: 0.0, Sum: 0.0]
      [Object Copy (ms): Min: 1.2, Avg: 1.3, Max: 1.3, Diff: 0.1, Sum: 10.2]
      [Termination (ms): Min: 0.0, Avg: 0.1, Max: 0.1, Diff: 0.1, Sum: 0.5]
         [Termination Attempts: Min: 1, Avg: 1.6, Max: 2, Diff: 1, Sum: 13]
      [GC Worker Other (ms): Min: 0.0, Avg: 0.0, Max: 0.0, Diff: 0.0, Sum: 0.1]
      [GC Worker Total (ms): Min: 2.1, Avg: 2.1, Max: 2.2, Diff: 0.1, Sum: 17.0]
      [GC Worker End (ms): Min: 768.8, Avg: 768.8, Max: 768.8, Diff: 0.0]
   [Code Root Fixup: 0.0 ms]
   [Code Root Purge: 0.0 ms]
   [Clear CT: 0.3 ms]
   [Other: 0.5 ms]
      [Choose CSet: 0.0 ms]
      [Ref Proc: 0.1 ms]
      [Ref Enq: 0.0 ms]
      [Redirty Cards: 0.2 ms]
      [Humongous Register: 0.1 ms]
      [Humongous Reclaim: 0.0 ms]
      [Free CSet: 0.0 ms]
   [Eden: 32.0M(32.0M)->0.0B(20.0M) Survivors: 2048.0K->5120.0K Heap: 404.0M(512.0M)->372.9M(512.0M)]
 [Times: user=0.00 sys=0.00, real=0.00 secs] 
2020-10-25T20:58:14.422+0800: 0.774: [GC pause (G1 Evacuation Pause) (mixed), 0.0052060 secs]
   [Parallel Time: 4.7 ms, GC Workers: 8]
      [GC Worker Start (ms): Min: 773.8, Avg: 773.9, Max: 773.9, Diff: 0.1]
      [Ext Root Scanning (ms): Min: 0.1, Avg: 0.1, Max: 0.2, Diff: 0.1, Sum: 0.9]
      [Update RS (ms): Min: 0.3, Avg: 0.4, Max: 0.4, Diff: 0.1, Sum: 2.9]
         [Processed Buffers: Min: 5, Avg: 5.8, Max: 6, Diff: 1, Sum: 46]
      [Scan RS (ms): Min: 0.0, Avg: 0.0, Max: 0.0, Diff: 0.0, Sum: 0.1]
      [Code Root Scanning (ms): Min: 0.0, Avg: 0.0, Max: 0.0, Diff: 0.0, Sum: 0.0]
      [Object Copy (ms): Min: 4.0, Avg: 4.0, Max: 4.0, Diff: 0.1, Sum: 31.9]
      [Termination (ms): Min: 0.0, Avg: 0.0, Max: 0.1, Diff: 0.1, Sum: 0.2]
         [Termination Attempts: Min: 1, Avg: 1.1, Max: 2, Diff: 1, Sum: 9]
      [GC Worker Other (ms): Min: 0.0, Avg: 0.0, Max: 0.0, Diff: 0.0, Sum: 0.1]
      [GC Worker Total (ms): Min: 4.5, Avg: 4.5, Max: 4.6, Diff: 0.1, Sum: 36.2]
      [GC Worker End (ms): Min: 778.4, Avg: 778.4, Max: 778.4, Diff: 0.0]
   [Code Root Fixup: 0.0 ms]
   [Code Root Purge: 0.0 ms]
   [Clear CT: 0.1 ms]
   [Other: 0.4 ms]
      [Choose CSet: 0.0 ms]
      [Ref Proc: 0.1 ms]
      [Ref Enq: 0.0 ms]
      [Redirty Cards: 0.1 ms]
      [Humongous Register: 0.1 ms]
      [Humongous Reclaim: 0.0 ms]
      [Free CSet: 0.0 ms]
   [Eden: 20.0M(20.0M)->0.0B(26.0M) Survivors: 5120.0K->4096.0K Heap: 397.6M(512.0M)->366.9M(512.0M)]
 [Times: user=0.00 sys=0.00, real=0.01 secs] 
2020-10-25T20:58:14.427+0800: 0.779: [GC pause (G1 Humongous Allocation) (young) (initial-mark), 0.0014063 secs]
   [Parallel Time: 0.8 ms, GC Workers: 8]
      [GC Worker Start (ms): Min: 779.5, Avg: 779.6, Max: 779.6, Diff: 0.0]
      [Ext Root Scanning (ms): Min: 0.1, Avg: 0.1, Max: 0.1, Diff: 0.0, Sum: 1.0]
      [Update RS (ms): Min: 0.0, Avg: 0.1, Max: 0.2, Diff: 0.1, Sum: 0.6]
         [Processed Buffers: Min: 1, Avg: 1.1, Max: 2, Diff: 1, Sum: 9]
      [Scan RS (ms): Min: 0.0, Avg: 0.0, Max: 0.0, Diff: 0.0, Sum: 0.0]
      [Code Root Scanning (ms): Min: 0.0, Avg: 0.0, Max: 0.0, Diff: 0.0, Sum: 0.0]
      [Object Copy (ms): Min: 0.3, Avg: 0.5, Max: 0.5, Diff: 0.2, Sum: 3.6]
      [Termination (ms): Min: 0.0, Avg: 0.0, Max: 0.1, Diff: 0.1, Sum: 0.4]
         [Termination Attempts: Min: 1, Avg: 1.0, Max: 1, Diff: 0, Sum: 8]
      [GC Worker Other (ms): Min: 0.0, Avg: 0.0, Max: 0.0, Diff: 0.0, Sum: 0.1]
      [GC Worker Total (ms): Min: 0.7, Avg: 0.7, Max: 0.7, Diff: 0.0, Sum: 5.6]
      [GC Worker End (ms): Min: 780.3, Avg: 780.3, Max: 780.3, Diff: 0.0]
   [Code Root Fixup: 0.0 ms]
   [Code Root Purge: 0.0 ms]
   [Clear CT: 0.1 ms]
   [Other: 0.5 ms]
      [Choose CSet: 0.0 ms]
      [Ref Proc: 0.1 ms]
      [Ref Enq: 0.0 ms]
      [Redirty Cards: 0.1 ms]
      [Humongous Register: 0.1 ms]
      [Humongous Reclaim: 0.0 ms]
      [Free CSet: 0.0 ms]
   [Eden: 2048.0K(26.0M)->0.0B(27.0M) Survivors: 4096.0K->1024.0K Heap: 368.3M(512.0M)->366.6M(512.0M)]
 [Times: user=0.00 sys=0.00, real=0.00 secs] 
2020-10-25T20:58:14.429+0800: 0.781: [GC concurrent-root-region-scan-start]
2020-10-25T20:58:14.429+0800: 0.781: [GC concurrent-root-region-scan-end, 0.0001334 secs]
2020-10-25T20:58:14.429+0800: 0.781: [GC concurrent-mark-start]
2020-10-25T20:58:14.432+0800: 0.783: [GC concurrent-mark-end, 0.0024305 secs]
2020-10-25T20:58:14.432+0800: 0.784: [GC remark 2020-10-25T20:58:14.432+0800: 0.784: [Finalize Marking, 0.0003146 secs] 2020-10-25T20:58:14.432+0800: 0.784: [GC ref-proc, 0.0002070 secs] 2020-10-25T20:58:14.432+0800: 0.784: [Unloading, 0.0004492 secs], 0.0017655 secs]
 [Times: user=0.00 sys=0.00, real=0.00 secs] 
2020-10-25T20:58:14.434+0800: 0.786: [GC cleanup 384M->384M(512M), 0.0007964 secs]
 [Times: user=0.00 sys=0.00, real=0.00 secs] 
2020-10-25T20:58:14.437+0800: 0.789: [GC pause (G1 Evacuation Pause) (young), 0.0029226 secs]
   [Parallel Time: 2.2 ms, GC Workers: 8]
      [GC Worker Start (ms): Min: 789.6, Avg: 789.6, Max: 789.6, Diff: 0.1]
      [Ext Root Scanning (ms): Min: 0.1, Avg: 0.1, Max: 0.2, Diff: 0.1, Sum: 0.9]
      [Update RS (ms): Min: 0.7, Avg: 0.7, Max: 0.7, Diff: 0.1, Sum: 5.7]
         [Processed Buffers: Min: 10, Avg: 11.1, Max: 13, Diff: 3, Sum: 89]
      [Scan RS (ms): Min: 0.0, Avg: 0.0, Max: 0.0, Diff: 0.0, Sum: 0.0]
      [Code Root Scanning (ms): Min: 0.0, Avg: 0.0, Max: 0.0, Diff: 0.0, Sum: 0.0]
      [Object Copy (ms): Min: 1.2, Avg: 1.2, Max: 1.3, Diff: 0.1, Sum: 9.7]
      [Termination (ms): Min: 0.0, Avg: 0.0, Max: 0.1, Diff: 0.1, Sum: 0.3]
         [Termination Attempts: Min: 1, Avg: 1.0, Max: 1, Diff: 0, Sum: 8]
      [GC Worker Other (ms): Min: 0.0, Avg: 0.0, Max: 0.0, Diff: 0.0, Sum: 0.1]
      [GC Worker Total (ms): Min: 2.1, Avg: 2.1, Max: 2.1, Diff: 0.1, Sum: 16.7]
      [GC Worker End (ms): Min: 791.7, Avg: 791.7, Max: 791.7, Diff: 0.0]
   [Code Root Fixup: 0.0 ms]
   [Code Root Purge: 0.0 ms]
   [Clear CT: 0.2 ms]
   [Other: 0.5 ms]
      [Choose CSet: 0.0 ms]
      [Ref Proc: 0.1 ms]
      [Ref Enq: 0.0 ms]
      [Redirty Cards: 0.2 ms]
      [Humongous Register: 0.1 ms]
      [Humongous Reclaim: 0.0 ms]
      [Free CSet: 0.0 ms]
   [Eden: 27.0M(27.0M)->0.0B(21.0M) Survivors: 1024.0K->4096.0K Heap: 403.4M(512.0M)->376.9M(512.0M)]
 [Times: user=0.00 sys=0.00, real=0.00 secs] 
2020-10-25T20:58:14.444+0800: 0.796: [GC pause (G1 Evacuation Pause) (mixed), 0.0051622 secs]
   [Parallel Time: 4.2 ms, GC Workers: 8]
      [GC Worker Start (ms): Min: 796.5, Avg: 796.5, Max: 796.6, Diff: 0.1]
      [Ext Root Scanning (ms): Min: 0.0, Avg: 0.1, Max: 0.2, Diff: 0.1, Sum: 0.9]
      [Update RS (ms): Min: 0.5, Avg: 0.6, Max: 0.6, Diff: 0.1, Sum: 4.6]
         [Processed Buffers: Min: 8, Avg: 8.9, Max: 10, Diff: 2, Sum: 71]
      [Scan RS (ms): Min: 0.0, Avg: 0.0, Max: 0.0, Diff: 0.0, Sum: 0.2]
      [Code Root Scanning (ms): Min: 0.0, Avg: 0.0, Max: 0.0, Diff: 0.0, Sum: 0.0]
      [Object Copy (ms): Min: 3.3, Avg: 3.3, Max: 3.4, Diff: 0.2, Sum: 26.8]
      [Termination (ms): Min: 0.0, Avg: 0.1, Max: 0.1, Diff: 0.1, Sum: 0.5]
         [Termination Attempts: Min: 1, Avg: 1.0, Max: 1, Diff: 0, Sum: 8]
      [GC Worker Other (ms): Min: 0.0, Avg: 0.0, Max: 0.0, Diff: 0.0, Sum: 0.1]
      [GC Worker Total (ms): Min: 4.0, Avg: 4.1, Max: 4.2, Diff: 0.1, Sum: 33.0]
      [GC Worker End (ms): Min: 800.6, Avg: 800.6, Max: 800.6, Diff: 0.0]
   [Code Root Fixup: 0.0 ms]
   [Code Root Purge: 0.0 ms]
   [Clear CT: 0.2 ms]
   [Other: 0.8 ms]
      [Choose CSet: 0.0 ms]
      [Ref Proc: 0.1 ms]
      [Ref Enq: 0.0 ms]
      [Redirty Cards: 0.4 ms]
      [Humongous Register: 0.1 ms]
      [Humongous Reclaim: 0.1 ms]
      [Free CSet: 0.0 ms]
   [Eden: 21.0M(21.0M)->0.0B(23.0M) Survivors: 4096.0K->4096.0K Heap: 405.6M(512.0M)->369.6M(512.0M)]
 [Times: user=0.00 sys=0.00, real=0.01 secs] 
2020-10-25T20:58:14.450+0800: 0.802: [GC pause (G1 Humongous Allocation) (young) (initial-mark), 0.0018510 secs]
   [Parallel Time: 1.0 ms, GC Workers: 8]
      [GC Worker Start (ms): Min: 802.2, Avg: 802.2, Max: 802.2, Diff: 0.0]
      [Ext Root Scanning (ms): Min: 0.1, Avg: 0.1, Max: 0.1, Diff: 0.0, Sum: 0.9]
      [Update RS (ms): Min: 0.0, Avg: 0.1, Max: 0.1, Diff: 0.1, Sum: 0.5]
         [Processed Buffers: Min: 1, Avg: 1.1, Max: 2, Diff: 1, Sum: 9]
      [Scan RS (ms): Min: 0.0, Avg: 0.0, Max: 0.0, Diff: 0.0, Sum: 0.0]
      [Code Root Scanning (ms): Min: 0.0, Avg: 0.0, Max: 0.0, Diff: 0.0, Sum: 0.0]
      [Object Copy (ms): Min: 0.5, Avg: 0.6, Max: 0.6, Diff: 0.1, Sum: 4.6]
      [Termination (ms): Min: 0.0, Avg: 0.1, Max: 0.1, Diff: 0.1, Sum: 0.5]
         [Termination Attempts: Min: 1, Avg: 1.0, Max: 1, Diff: 0, Sum: 8]
      [GC Worker Other (ms): Min: 0.0, Avg: 0.0, Max: 0.0, Diff: 0.0, Sum: 0.0]
      [GC Worker Total (ms): Min: 0.8, Avg: 0.8, Max: 0.9, Diff: 0.0, Sum: 6.6]
      [GC Worker End (ms): Min: 803.0, Avg: 803.0, Max: 803.0, Diff: 0.0]
   [Code Root Fixup: 0.0 ms]
   [Code Root Purge: 0.0 ms]
   [Clear CT: 0.1 ms]
   [Other: 0.7 ms]
      [Choose CSet: 0.0 ms]
      [Ref Proc: 0.2 ms]
      [Ref Enq: 0.0 ms]
      [Redirty Cards: 0.3 ms]
      [Humongous Register: 0.1 ms]
      [Humongous Reclaim: 0.0 ms]
      [Free CSet: 0.0 ms]
   [Eden: 3072.0K(23.0M)->0.0B(24.0M) Survivors: 4096.0K->1024.0K Heap: 372.2M(512.0M)->370.2M(512.0M)]
 [Times: user=0.13 sys=0.00, real=0.00 secs] 
2020-10-25T20:58:14.452+0800: 0.804: [GC concurrent-root-region-scan-start]
2020-10-25T20:58:14.452+0800: 0.804: [GC concurrent-root-region-scan-end, 0.0002073 secs]
2020-10-25T20:58:14.452+0800: 0.804: [GC concurrent-mark-start]
2020-10-25T20:58:14.454+0800: 0.806: [GC concurrent-mark-end, 0.0018193 secs]
2020-10-25T20:58:14.454+0800: 0.806: [GC remark 2020-10-25T20:58:14.454+0800: 0.806: [Finalize Marking, 0.0001977 secs] 2020-10-25T20:58:14.455+0800: 0.806: [GC ref-proc, 0.0002624 secs] 2020-10-25T20:58:14.455+0800: 0.807: [Unloading, 0.0005515 secs], 0.0019312 secs]
 [Times: user=0.00 sys=0.00, real=0.00 secs] 
2020-10-25T20:58:14.456+0800: 0.808: [GC cleanup 385M->385M(512M), 0.0008579 secs]
 [Times: user=0.00 sys=0.00, real=0.00 secs] 
2020-10-25T20:58:14.460+0800: 0.812: [GC pause (G1 Evacuation Pause) (young), 0.0025528 secs]
   [Parallel Time: 2.1 ms, GC Workers: 8]
      [GC Worker Start (ms): Min: 811.8, Avg: 811.9, Max: 811.9, Diff: 0.1]
      [Ext Root Scanning (ms): Min: 0.1, Avg: 0.1, Max: 0.2, Diff: 0.1, Sum: 0.9]
      [Update RS (ms): Min: 0.6, Avg: 0.6, Max: 0.6, Diff: 0.0, Sum: 5.0]
         [Processed Buffers: Min: 9, Avg: 9.5, Max: 10, Diff: 1, Sum: 76]
      [Scan RS (ms): Min: 0.0, Avg: 0.0, Max: 0.0, Diff: 0.0, Sum: 0.0]
      [Code Root Scanning (ms): Min: 0.0, Avg: 0.0, Max: 0.0, Diff: 0.0, Sum: 0.0]
      [Object Copy (ms): Min: 1.1, Avg: 1.2, Max: 1.2, Diff: 0.1, Sum: 9.5]
      [Termination (ms): Min: 0.0, Avg: 0.1, Max: 0.1, Diff: 0.1, Sum: 0.5]
         [Termination Attempts: Min: 1, Avg: 1.0, Max: 1, Diff: 0, Sum: 8]
      [GC Worker Other (ms): Min: 0.0, Avg: 0.0, Max: 0.0, Diff: 0.0, Sum: 0.0]
      [GC Worker Total (ms): Min: 2.0, Avg: 2.0, Max: 2.0, Diff: 0.1, Sum: 16.0]
      [GC Worker End (ms): Min: 813.9, Avg: 813.9, Max: 813.9, Diff: 0.0]
   [Code Root Fixup: 0.0 ms]
   [Code Root Purge: 0.0 ms]
   [Clear CT: 0.1 ms]
   [Other: 0.4 ms]
      [Choose CSet: 0.0 ms]
      [Ref Proc: 0.1 ms]
      [Ref Enq: 0.0 ms]
      [Redirty Cards: 0.1 ms]
      [Humongous Register: 0.1 ms]
      [Humongous Reclaim: 0.0 ms]
      [Free CSet: 0.0 ms]
   [Eden: 24.0M(24.0M)->0.0B(21.0M) Survivors: 1024.0K->4096.0K Heap: 402.6M(512.0M)->382.4M(512.0M)]
 [Times: user=0.00 sys=0.00, real=0.00 secs] 
2020-10-25T20:58:14.466+0800: 0.818: [GC pause (G1 Evacuation Pause) (mixed), 0.0057096 secs]
   [Parallel Time: 5.0 ms, GC Workers: 8]
      [GC Worker Start (ms): Min: 818.2, Avg: 818.2, Max: 818.2, Diff: 0.1]
      [Ext Root Scanning (ms): Min: 0.1, Avg: 0.1, Max: 0.2, Diff: 0.1, Sum: 0.9]
      [Update RS (ms): Min: 0.4, Avg: 0.5, Max: 0.5, Diff: 0.0, Sum: 3.7]
         [Processed Buffers: Min: 7, Avg: 7.1, Max: 8, Diff: 1, Sum: 57]
      [Scan RS (ms): Min: 0.0, Avg: 0.0, Max: 0.1, Diff: 0.1, Sum: 0.3]
      [Code Root Scanning (ms): Min: 0.0, Avg: 0.0, Max: 0.0, Diff: 0.0, Sum: 0.0]
      [Object Copy (ms): Min: 4.2, Avg: 4.2, Max: 4.3, Diff: 0.1, Sum: 33.8]
      [Termination (ms): Min: 0.0, Avg: 0.1, Max: 0.1, Diff: 0.1, Sum: 0.5]
         [Termination Attempts: Min: 1, Avg: 1.0, Max: 1, Diff: 0, Sum: 8]
      [GC Worker Other (ms): Min: 0.0, Avg: 0.0, Max: 0.0, Diff: 0.0, Sum: 0.1]
      [GC Worker Total (ms): Min: 4.9, Avg: 4.9, Max: 5.0, Diff: 0.1, Sum: 39.3]
      [GC Worker End (ms): Min: 823.1, Avg: 823.1, Max: 823.1, Diff: 0.0]
   [Code Root Fixup: 0.0 ms]
   [Code Root Purge: 0.0 ms]
   [Clear CT: 0.1 ms]
   [Other: 0.5 ms]
      [Choose CSet: 0.0 ms]
      [Ref Proc: 0.2 ms]
      [Ref Enq: 0.0 ms]
      [Redirty Cards: 0.1 ms]
      [Humongous Register: 0.1 ms]
      [Humongous Reclaim: 0.0 ms]
      [Free CSet: 0.1 ms]
   [Eden: 21.0M(21.0M)->0.0B(21.0M) Survivors: 4096.0K->4096.0K Heap: 409.2M(512.0M)->374.6M(512.0M)]
 [Times: user=0.00 sys=0.00, real=0.01 secs] 
2020-10-25T20:58:14.472+0800: 0.824: [GC pause (G1 Humongous Allocation) (young) (initial-mark), 0.0018865 secs]
   [Parallel Time: 1.0 ms, GC Workers: 8]
      [GC Worker Start (ms): Min: 824.3, Avg: 824.4, Max: 824.4, Diff: 0.1]
      [Ext Root Scanning (ms): Min: 0.0, Avg: 0.1, Max: 0.2, Diff: 0.1, Sum: 1.0]
      [Update RS (ms): Min: 0.0, Avg: 0.1, Max: 0.2, Diff: 0.2, Sum: 0.9]
         [Processed Buffers: Min: 0, Avg: 1.1, Max: 2, Diff: 2, Sum: 9]
      [Scan RS (ms): Min: 0.0, Avg: 0.0, Max: 0.0, Diff: 0.0, Sum: 0.0]
      [Code Root Scanning (ms): Min: 0.0, Avg: 0.0, Max: 0.0, Diff: 0.0, Sum: 0.0]
      [Object Copy (ms): Min: 0.4, Avg: 0.5, Max: 0.5, Diff: 0.2, Sum: 3.8]
      [Termination (ms): Min: 0.0, Avg: 0.0, Max: 0.1, Diff: 0.1, Sum: 0.3]
         [Termination Attempts: Min: 1, Avg: 1.0, Max: 1, Diff: 0, Sum: 8]
      [GC Worker Other (ms): Min: 0.0, Avg: 0.0, Max: 0.0, Diff: 0.0, Sum: 0.1]
      [GC Worker Total (ms): Min: 0.7, Avg: 0.8, Max: 0.8, Diff: 0.1, Sum: 6.1]
      [GC Worker End (ms): Min: 825.1, Avg: 825.1, Max: 825.1, Diff: 0.0]
   [Code Root Fixup: 0.0 ms]
   [Code Root Purge: 0.0 ms]
   [Clear CT: 0.2 ms]
   [Other: 0.7 ms]
      [Choose CSet: 0.0 ms]
      [Ref Proc: 0.2 ms]
      [Ref Enq: 0.0 ms]
      [Redirty Cards: 0.3 ms]
      [Humongous Register: 0.1 ms]
      [Humongous Reclaim: 0.0 ms]
      [Free CSet: 0.0 ms]
   [Eden: 2048.0K(21.0M)->0.0B(24.0M) Survivors: 4096.0K->1024.0K Heap: 375.8M(512.0M)->375.2M(512.0M)]
 [Times: user=0.00 sys=0.00, real=0.00 secs] 
2020-10-25T20:58:14.474+0800: 0.826: [GC concurrent-root-region-scan-start]
2020-10-25T20:58:14.475+0800: 0.826: [GC concurrent-root-region-scan-end, 0.0001355 secs]
2020-10-25T20:58:14.475+0800: 0.826: [GC concurrent-mark-start]
2020-10-25T20:58:14.476+0800: 0.828: [GC concurrent-mark-end, 0.0015324 secs]
2020-10-25T20:58:14.476+0800: 0.828: [GC remark 2020-10-25T20:58:14.476+0800: 0.828: [Finalize Marking, 0.0001337 secs] 2020-10-25T20:58:14.476+0800: 0.828: [GC ref-proc, 0.0002842 secs] 2020-10-25T20:58:14.477+0800: 0.829: [Unloading, 0.0005074 secs], 0.0018086 secs]
 [Times: user=0.00 sys=0.00, real=0.00 secs] 
2020-10-25T20:58:14.478+0800: 0.830: [GC cleanup 387M->387M(512M), 0.0006140 secs]
 [Times: user=0.00 sys=0.00, real=0.00 secs] 
2020-10-25T20:58:14.481+0800: 0.833: [GC pause (G1 Evacuation Pause) (young), 0.0022597 secs]
   [Parallel Time: 1.7 ms, GC Workers: 8]
      [GC Worker Start (ms): Min: 833.5, Avg: 833.5, Max: 833.5, Diff: 0.1]
      [Ext Root Scanning (ms): Min: 0.1, Avg: 0.1, Max: 0.1, Diff: 0.1, Sum: 0.9]
      [Update RS (ms): Min: 0.4, Avg: 0.5, Max: 0.5, Diff: 0.0, Sum: 3.6]
         [Processed Buffers: Min: 7, Avg: 7.4, Max: 9, Diff: 2, Sum: 59]
      [Scan RS (ms): Min: 0.0, Avg: 0.0, Max: 0.0, Diff: 0.0, Sum: 0.0]
      [Code Root Scanning (ms): Min: 0.0, Avg: 0.0, Max: 0.0, Diff: 0.0, Sum: 0.0]
      [Object Copy (ms): Min: 1.0, Avg: 1.0, Max: 1.1, Diff: 0.1, Sum: 8.1]
      [Termination (ms): Min: 0.0, Avg: 0.1, Max: 0.1, Diff: 0.1, Sum: 0.4]
         [Termination Attempts: Min: 1, Avg: 1.0, Max: 1, Diff: 0, Sum: 8]
      [GC Worker Other (ms): Min: 0.0, Avg: 0.0, Max: 0.0, Diff: 0.0, Sum: 0.1]
      [GC Worker Total (ms): Min: 1.6, Avg: 1.6, Max: 1.7, Diff: 0.0, Sum: 13.1]
      [GC Worker End (ms): Min: 835.1, Avg: 835.1, Max: 835.1, Diff: 0.0]
   [Code Root Fixup: 0.0 ms]
   [Code Root Purge: 0.0 ms]
   [Clear CT: 0.1 ms]
   [Other: 0.4 ms]
      [Choose CSet: 0.0 ms]
      [Ref Proc: 0.1 ms]
      [Ref Enq: 0.0 ms]
      [Redirty Cards: 0.1 ms]
      [Humongous Register: 0.1 ms]
      [Humongous Reclaim: 0.0 ms]
      [Free CSet: 0.0 ms]
   [Eden: 24.0M(24.0M)->0.0B(21.0M) Survivors: 1024.0K->4096.0K Heap: 405.2M(512.0M)->386.3M(512.0M)]
 [Times: user=0.02 sys=0.00, real=0.00 secs] 
2020-10-25T20:58:14.488+0800: 0.841: [GC pause (G1 Evacuation Pause) (mixed) (to-space exhausted), 0.0060244 secs]
   [Parallel Time: 4.8 ms, GC Workers: 8]
      [GC Worker Start (ms): Min: 840.9, Avg: 841.0, Max: 841.0, Diff: 0.1]
      [Ext Root Scanning (ms): Min: 0.1, Avg: 0.1, Max: 0.2, Diff: 0.1, Sum: 1.0]
      [Update RS (ms): Min: 0.5, Avg: 0.5, Max: 0.5, Diff: 0.0, Sum: 4.1]
         [Processed Buffers: Min: 3, Avg: 7.5, Max: 10, Diff: 7, Sum: 60]
      [Scan RS (ms): Min: 0.0, Avg: 0.0, Max: 0.1, Diff: 0.1, Sum: 0.3]
      [Code Root Scanning (ms): Min: 0.0, Avg: 0.0, Max: 0.0, Diff: 0.0, Sum: 0.0]
      [Object Copy (ms): Min: 3.9, Avg: 4.0, Max: 4.0, Diff: 0.1, Sum: 31.7]
      [Termination (ms): Min: 0.0, Avg: 0.1, Max: 0.1, Diff: 0.1, Sum: 0.4]
         [Termination Attempts: Min: 1, Avg: 1.6, Max: 4, Diff: 3, Sum: 13]
      [GC Worker Other (ms): Min: 0.0, Avg: 0.0, Max: 0.0, Diff: 0.0, Sum: 0.1]
      [GC Worker Total (ms): Min: 4.7, Avg: 4.7, Max: 4.7, Diff: 0.1, Sum: 37.7]
      [GC Worker End (ms): Min: 845.7, Avg: 845.7, Max: 845.7, Diff: 0.0]
   [Code Root Fixup: 0.0 ms]
   [Code Root Purge: 0.0 ms]
   [Clear CT: 0.3 ms]
   [Other: 0.9 ms]
      [Evacuation Failure: 0.3 ms]
      [Choose CSet: 0.0 ms]
      [Ref Proc: 0.1 ms]
      [Ref Enq: 0.0 ms]
      [Redirty Cards: 0.3 ms]
      [Humongous Register: 0.1 ms]
      [Humongous Reclaim: 0.0 ms]
      [Free CSet: 0.0 ms]
   [Eden: 21.0M(21.0M)->0.0B(21.0M) Survivors: 4096.0K->4096.0K Heap: 413.4M(512.0M)->397.1M(512.0M)]
 [Times: user=0.00 sys=0.00, real=0.01 secs] 
2020-10-25T20:58:14.495+0800: 0.848: [GC pause (G1 Humongous Allocation) (young) (initial-mark), 0.0020810 secs]
   [Parallel Time: 1.2 ms, GC Workers: 8]
      [GC Worker Start (ms): Min: 848.4, Avg: 848.4, Max: 848.5, Diff: 0.1]
      [Ext Root Scanning (ms): Min: 0.1, Avg: 0.1, Max: 0.1, Diff: 0.1, Sum: 0.9]
      [Update RS (ms): Min: 0.1, Avg: 0.1, Max: 0.3, Diff: 0.2, Sum: 0.9]
         [Processed Buffers: Min: 1, Avg: 2.0, Max: 5, Diff: 4, Sum: 16]
      [Scan RS (ms): Min: 0.0, Avg: 0.0, Max: 0.0, Diff: 0.0, Sum: 0.0]
      [Code Root Scanning (ms): Min: 0.0, Avg: 0.0, Max: 0.0, Diff: 0.0, Sum: 0.0]
      [Object Copy (ms): Min: 0.4, Avg: 0.7, Max: 0.8, Diff: 0.4, Sum: 5.6]
      [Termination (ms): Min: 0.0, Avg: 0.1, Max: 0.2, Diff: 0.2, Sum: 0.6]
         [Termination Attempts: Min: 1, Avg: 1.0, Max: 1, Diff: 0, Sum: 8]
      [GC Worker Other (ms): Min: 0.0, Avg: 0.0, Max: 0.0, Diff: 0.0, Sum: 0.1]
      [GC Worker Total (ms): Min: 1.0, Avg: 1.0, Max: 1.0, Diff: 0.1, Sum: 8.1]
      [GC Worker End (ms): Min: 849.4, Avg: 849.5, Max: 849.5, Diff: 0.0]
   [Code Root Fixup: 0.0 ms]
   [Code Root Purge: 0.0 ms]
   [Clear CT: 0.2 ms]
   [Other: 0.7 ms]
      [Choose CSet: 0.0 ms]
      [Ref Proc: 0.3 ms]
      [Ref Enq: 0.0 ms]
      [Redirty Cards: 0.2 ms]
      [Humongous Register: 0.1 ms]
      [Humongous Reclaim: 0.0 ms]
      [Free CSet: 0.0 ms]
   [Eden: 7168.0K(21.0M)->0.0B(22.0M) Survivors: 4096.0K->3072.0K Heap: 403.5M(512.0M)->399.2M(512.0M)]
 [Times: user=0.13 sys=0.00, real=0.00 secs] 
2020-10-25T20:58:14.498+0800: 0.850: [GC concurrent-root-region-scan-start]
2020-10-25T20:58:14.498+0800: 0.851: [GC concurrent-root-region-scan-end, 0.0001432 secs]
2020-10-25T20:58:14.498+0800: 0.851: [GC concurrent-mark-start]
2020-10-25T20:58:14.500+0800: 0.852: [GC concurrent-mark-end, 0.0016377 secs]
2020-10-25T20:58:14.500+0800: 0.852: [GC remark 2020-10-25T20:58:14.500+0800: 0.852: [Finalize Marking, 0.0001224 secs] 2020-10-25T20:58:14.500+0800: 0.853: [GC ref-proc, 0.0002344 secs] 2020-10-25T20:58:14.500+0800: 0.853: [Unloading, 0.0005465 secs], 0.0017353 secs]
 [Times: user=0.00 sys=0.00, real=0.00 secs] 
2020-10-25T20:58:14.502+0800: 0.854: [GC cleanup 415M->415M(512M), 0.0009786 secs]
 [Times: user=0.00 sys=0.00, real=0.00 secs] 
2020-10-25T20:58:14.505+0800: 0.858: [GC pause (G1 Evacuation Pause) (young), 0.0028613 secs]
   [Parallel Time: 2.3 ms, GC Workers: 8]
      [GC Worker Start (ms): Min: 857.6, Avg: 857.7, Max: 857.8, Diff: 0.2]
      [Ext Root Scanning (ms): Min: 0.0, Avg: 0.1, Max: 0.2, Diff: 0.2, Sum: 0.9]
      [Update RS (ms): Min: 0.7, Avg: 0.7, Max: 0.7, Diff: 0.1, Sum: 5.4]
         [Processed Buffers: Min: 10, Avg: 10.4, Max: 11, Diff: 1, Sum: 83]
      [Scan RS (ms): Min: 0.0, Avg: 0.0, Max: 0.0, Diff: 0.0, Sum: 0.0]
      [Code Root Scanning (ms): Min: 0.0, Avg: 0.0, Max: 0.0, Diff: 0.0, Sum: 0.0]
      [Object Copy (ms): Min: 1.3, Avg: 1.3, Max: 1.4, Diff: 0.1, Sum: 10.5]
      [Termination (ms): Min: 0.0, Avg: 0.1, Max: 0.1, Diff: 0.1, Sum: 0.5]
         [Termination Attempts: Min: 1, Avg: 1.0, Max: 1, Diff: 0, Sum: 8]
      [GC Worker Other (ms): Min: 0.0, Avg: 0.0, Max: 0.0, Diff: 0.0, Sum: 0.1]
      [GC Worker Total (ms): Min: 2.0, Avg: 2.2, Max: 2.3, Diff: 0.2, Sum: 17.4]
      [GC Worker End (ms): Min: 859.9, Avg: 859.9, Max: 859.9, Diff: 0.0]
   [Code Root Fixup: 0.0 ms]
   [Code Root Purge: 0.0 ms]
   [Clear CT: 0.1 ms]
   [Other: 0.4 ms]
      [Choose CSet: 0.0 ms]
      [Ref Proc: 0.1 ms]
      [Ref Enq: 0.0 ms]
      [Redirty Cards: 0.1 ms]
      [Humongous Register: 0.1 ms]
      [Humongous Reclaim: 0.1 ms]
      [Free CSet: 0.0 ms]
   [Eden: 22.0M(22.0M)->0.0B(21.0M) Survivors: 3072.0K->4096.0K Heap: 430.3M(512.0M)->408.5M(512.0M)]
 [Times: user=0.00 sys=0.00, real=0.00 secs] 
2020-10-25T20:58:14.514+0800: 0.867: [GC pause (G1 Evacuation Pause) (mixed) (to-space exhausted), 0.0035658 secs]
   [Parallel Time: 2.7 ms, GC Workers: 8]
      [GC Worker Start (ms): Min: 867.3, Avg: 867.3, Max: 867.4, Diff: 0.2]
      [Ext Root Scanning (ms): Min: 0.0, Avg: 0.1, Max: 0.1, Diff: 0.1, Sum: 0.8]
      [Update RS (ms): Min: 0.5, Avg: 0.8, Max: 2.3, Diff: 1.8, Sum: 6.2]
         [Processed Buffers: Min: 0, Avg: 6.3, Max: 10, Diff: 10, Sum: 50]
      [Scan RS (ms): Min: 0.0, Avg: 0.0, Max: 0.1, Diff: 0.1, Sum: 0.3]
      [Code Root Scanning (ms): Min: 0.0, Avg: 0.0, Max: 0.0, Diff: 0.0, Sum: 0.0]
      [Object Copy (ms): Min: 0.1, Avg: 1.6, Max: 1.9, Diff: 1.8, Sum: 12.8]
      [Termination (ms): Min: 0.0, Avg: 0.0, Max: 0.0, Diff: 0.0, Sum: 0.2]
         [Termination Attempts: Min: 1, Avg: 1.4, Max: 3, Diff: 2, Sum: 11]
      [GC Worker Other (ms): Min: 0.0, Avg: 0.0, Max: 0.0, Diff: 0.0, Sum: 0.0]
      [GC Worker Total (ms): Min: 2.4, Avg: 2.5, Max: 2.6, Diff: 0.2, Sum: 20.4]
      [GC Worker End (ms): Min: 869.8, Avg: 869.8, Max: 869.9, Diff: 0.0]
   [Code Root Fixup: 0.0 ms]
   [Code Root Purge: 0.0 ms]
   [Clear CT: 0.3 ms]
   [Other: 0.6 ms]
      [Evacuation Failure: 0.2 ms]
      [Choose CSet: 0.0 ms]
      [Ref Proc: 0.1 ms]
      [Ref Enq: 0.0 ms]
      [Redirty Cards: 0.1 ms]
      [Humongous Register: 0.1 ms]
      [Humongous Reclaim: 0.0 ms]
      [Free CSet: 0.0 ms]
   [Eden: 21.0M(21.0M)->0.0B(22.0M) Survivors: 4096.0K->3072.0K Heap: 434.5M(512.0M)->416.0M(512.0M)]
 [Times: user=0.00 sys=0.00, real=0.00 secs] 
2020-10-25T20:58:14.522+0800: 0.875: [GC pause (G1 Evacuation Pause) (mixed) (to-space exhausted), 0.0019334 secs]
   [Parallel Time: 1.2 ms, GC Workers: 8]
      [GC Worker Start (ms): Min: 875.2, Avg: 875.2, Max: 875.4, Diff: 0.2]
      [Ext Root Scanning (ms): Min: 0.0, Avg: 0.1, Max: 0.2, Diff: 0.2, Sum: 0.9]
      [Update RS (ms): Min: 0.7, Avg: 0.7, Max: 0.7, Diff: 0.0, Sum: 5.3]
         [Processed Buffers: Min: 0, Avg: 9.9, Max: 13, Diff: 13, Sum: 79]
      [Scan RS (ms): Min: 0.0, Avg: 0.0, Max: 0.0, Diff: 0.0, Sum: 0.1]
      [Code Root Scanning (ms): Min: 0.0, Avg: 0.0, Max: 0.0, Diff: 0.0, Sum: 0.0]
      [Object Copy (ms): Min: 0.3, Avg: 0.3, Max: 0.3, Diff: 0.0, Sum: 2.5]
      [Termination (ms): Min: 0.0, Avg: 0.0, Max: 0.0, Diff: 0.0, Sum: 0.2]
         [Termination Attempts: Min: 1, Avg: 1.0, Max: 1, Diff: 0, Sum: 8]
      [GC Worker Other (ms): Min: 0.0, Avg: 0.0, Max: 0.0, Diff: 0.0, Sum: 0.1]
      [GC Worker Total (ms): Min: 1.0, Avg: 1.1, Max: 1.2, Diff: 0.2, Sum: 9.0]
      [GC Worker End (ms): Min: 876.4, Avg: 876.4, Max: 876.4, Diff: 0.0]
   [Code Root Fixup: 0.0 ms]
   [Code Root Purge: 0.0 ms]
   [Clear CT: 0.2 ms]
   [Other: 0.5 ms]
      [Evacuation Failure: 0.1 ms]
      [Choose CSet: 0.0 ms]
      [Ref Proc: 0.1 ms]
      [Ref Enq: 0.0 ms]
      [Redirty Cards: 0.1 ms]
      [Humongous Register: 0.1 ms]
      [Humongous Reclaim: 0.0 ms]
      [Free CSet: 0.0 ms]
   [Eden: 22.0M(22.0M)->0.0B(24.0M) Survivors: 3072.0K->1024.0K Heap: 445.7M(512.0M)->433.7M(512.0M)]
 [Times: user=0.00 sys=0.00, real=0.00 secs] 
2020-10-25T20:58:14.525+0800: 0.877: [GC pause (G1 Humongous Allocation) (young) (initial-mark), 0.0010284 secs]
   [Parallel Time: 0.5 ms, GC Workers: 8]
      [GC Worker Start (ms): Min: 877.5, Avg: 877.6, Max: 877.7, Diff: 0.2]
      [Ext Root Scanning (ms): Min: 0.0, Avg: 0.1, Max: 0.2, Diff: 0.2, Sum: 1.0]
      [Update RS (ms): Min: 0.0, Avg: 0.0, Max: 0.1, Diff: 0.1, Sum: 0.4]
         [Processed Buffers: Min: 0, Avg: 2.4, Max: 4, Diff: 4, Sum: 19]
      [Scan RS (ms): Min: 0.0, Avg: 0.0, Max: 0.0, Diff: 0.0, Sum: 0.0]
      [Code Root Scanning (ms): Min: 0.0, Avg: 0.0, Max: 0.0, Diff: 0.0, Sum: 0.0]
      [Object Copy (ms): Min: 0.1, Avg: 0.2, Max: 0.2, Diff: 0.1, Sum: 1.3]
      [Termination (ms): Min: 0.0, Avg: 0.0, Max: 0.1, Diff: 0.1, Sum: 0.3]
         [Termination Attempts: Min: 1, Avg: 1.0, Max: 1, Diff: 0, Sum: 8]
      [GC Worker Other (ms): Min: 0.0, Avg: 0.0, Max: 0.0, Diff: 0.0, Sum: 0.0]
      [GC Worker Total (ms): Min: 0.3, Avg: 0.4, Max: 0.4, Diff: 0.2, Sum: 3.1]
      [GC Worker End (ms): Min: 878.0, Avg: 878.0, Max: 878.0, Diff: 0.0]
   [Code Root Fixup: 0.0 ms]
   [Code Root Purge: 0.0 ms]
   [Clear CT: 0.1 ms]
   [Other: 0.4 ms]
      [Choose CSet: 0.0 ms]
      [Ref Proc: 0.2 ms]
      [Ref Enq: 0.0 ms]
      [Redirty Cards: 0.1 ms]
      [Humongous Register: 0.1 ms]
      [Humongous Reclaim: 0.0 ms]
      [Free CSet: 0.0 ms]
   [Eden: 2048.0K(24.0M)->0.0B(23.0M) Survivors: 1024.0K->2048.0K Heap: 435.6M(512.0M)->434.4M(512.0M)]
 [Times: user=0.00 sys=0.00, real=0.00 secs] 
2020-10-25T20:58:14.526+0800: 0.879: [GC concurrent-root-region-scan-start]
2020-10-25T20:58:14.526+0800: 0.879: [GC concurrent-root-region-scan-end, 0.0001241 secs]
2020-10-25T20:58:14.526+0800: 0.879: [GC concurrent-mark-start]
2020-10-25T20:58:14.528+0800: 0.881: [GC concurrent-mark-end, 0.0017753 secs]
2020-10-25T20:58:14.528+0800: 0.881: [GC remark 2020-10-25T20:58:14.528+0800: 0.881: [Finalize Marking, 0.0001398 secs] 2020-10-25T20:58:14.528+0800: 0.881: [GC ref-proc, 0.0003072 secs] 2020-10-25T20:58:14.529+0800: 0.881: [Unloading, 0.0004919 secs], 0.0018848 secs]
 [Times: user=0.00 sys=0.00, real=0.00 secs] 
2020-10-25T20:58:14.530+0800: 0.883: [GC cleanup 441M->439M(512M), 0.0007218 secs]
 [Times: user=0.00 sys=0.00, real=0.00 secs] 
2020-10-25T20:58:14.531+0800: 0.884: [GC concurrent-cleanup-start]
2020-10-25T20:58:14.531+0800: 0.884: [GC concurrent-cleanup-end, 0.0000093 secs]
2020-10-25T20:58:14.533+0800: 0.886: [GC pause (G1 Humongous Allocation) (young) (to-space exhausted), 0.0012417 secs]
   [Parallel Time: 0.7 ms, GC Workers: 8]
      [GC Worker Start (ms): Min: 885.9, Avg: 885.9, Max: 886.0, Diff: 0.2]
      [Ext Root Scanning (ms): Min: 0.0, Avg: 0.1, Max: 0.1, Diff: 0.1, Sum: 0.8]
      [Update RS (ms): Min: 0.3, Avg: 0.3, Max: 0.3, Diff: 0.0, Sum: 2.4]
         [Processed Buffers: Min: 0, Avg: 3.9, Max: 7, Diff: 7, Sum: 31]
      [Scan RS (ms): Min: 0.0, Avg: 0.0, Max: 0.0, Diff: 0.0, Sum: 0.0]
      [Code Root Scanning (ms): Min: 0.0, Avg: 0.0, Max: 0.0, Diff: 0.0, Sum: 0.0]
      [Object Copy (ms): Min: 0.1, Avg: 0.1, Max: 0.1, Diff: 0.1, Sum: 0.8]
      [Termination (ms): Min: 0.0, Avg: 0.0, Max: 0.0, Diff: 0.0, Sum: 0.2]
         [Termination Attempts: Min: 1, Avg: 1.1, Max: 2, Diff: 1, Sum: 9]
      [GC Worker Other (ms): Min: 0.0, Avg: 0.0, Max: 0.0, Diff: 0.0, Sum: 0.0]
      [GC Worker Total (ms): Min: 0.4, Avg: 0.5, Max: 0.6, Diff: 0.2, Sum: 4.3]
      [GC Worker End (ms): Min: 886.5, Avg: 886.5, Max: 886.5, Diff: 0.0]
   [Code Root Fixup: 0.0 ms]
   [Code Root Purge: 0.0 ms]
   [Clear CT: 0.1 ms]
   [Other: 0.5 ms]
      [Evacuation Failure: 0.1 ms]
      [Choose CSet: 0.0 ms]
      [Ref Proc: 0.1 ms]
      [Ref Enq: 0.0 ms]
      [Redirty Cards: 0.1 ms]
      [Humongous Register: 0.1 ms]
      [Humongous Reclaim: 0.0 ms]
      [Free CSet: 0.0 ms]
   [Eden: 16.0M(23.0M)->0.0B(25.0M) Survivors: 2048.0K->0.0B Heap: 450.5M(512.0M)->444.9M(512.0M)]
 [Times: user=0.00 sys=0.00, real=0.00 secs] 
2020-10-25T20:58:14.536+0800: 0.888: [GC pause (G1 Evacuation Pause) (mixed) (to-space exhausted), 0.0013167 secs]
   [Parallel Time: 0.6 ms, GC Workers: 8]
      [GC Worker Start (ms): Min: 888.5, Avg: 888.6, Max: 888.9, Diff: 0.4]
      [Ext Root Scanning (ms): Min: 0.0, Avg: 0.1, Max: 0.1, Diff: 0.1, Sum: 0.8]
      [Update RS (ms): Min: 0.0, Avg: 0.1, Max: 0.2, Diff: 0.2, Sum: 1.0]
         [Processed Buffers: Min: 0, Avg: 3.4, Max: 6, Diff: 6, Sum: 27]
      [Scan RS (ms): Min: 0.0, Avg: 0.0, Max: 0.1, Diff: 0.1, Sum: 0.2]
      [Code Root Scanning (ms): Min: 0.0, Avg: 0.0, Max: 0.0, Diff: 0.0, Sum: 0.0]
      [Object Copy (ms): Min: 0.1, Avg: 0.1, Max: 0.1, Diff: 0.0, Sum: 1.0]
      [Termination (ms): Min: 0.0, Avg: 0.0, Max: 0.0, Diff: 0.0, Sum: 0.2]
         [Termination Attempts: Min: 1, Avg: 1.1, Max: 2, Diff: 1, Sum: 9]
      [GC Worker Other (ms): Min: 0.0, Avg: 0.0, Max: 0.0, Diff: 0.0, Sum: 0.1]
      [GC Worker Total (ms): Min: 0.1, Avg: 0.4, Max: 0.5, Diff: 0.4, Sum: 3.1]
      [GC Worker End (ms): Min: 889.0, Avg: 889.0, Max: 889.0, Diff: 0.0]
   [Code Root Fixup: 0.0 ms]
   [Code Root Purge: 0.0 ms]
   [Clear CT: 0.1 ms]
   [Other: 0.6 ms]
      [Evacuation Failure: 0.1 ms]
      [Choose CSet: 0.0 ms]
      [Ref Proc: 0.1 ms]
      [Ref Enq: 0.0 ms]
      [Redirty Cards: 0.1 ms]
      [Humongous Register: 0.1 ms]
      [Humongous Reclaim: 0.0 ms]
      [Free CSet: 0.0 ms]
   [Eden: 6144.0K(25.0M)->0.0B(25.0M) Survivors: 0.0B->0.0B Heap: 452.0M(512.0M)->449.8M(512.0M)]
 [Times: user=0.00 sys=0.00, real=0.00 secs] 
2020-10-25T20:58:14.537+0800: 0.890: [GC pause (G1 Humongous Allocation) (mixed) (to-space exhausted), 0.0013938 secs]
   [Parallel Time: 0.8 ms, GC Workers: 8]
      [GC Worker Start (ms): Min: 890.3, Avg: 890.3, Max: 890.5, Diff: 0.3]
      [Ext Root Scanning (ms): Min: 0.0, Avg: 0.1, Max: 0.1, Diff: 0.1, Sum: 0.7]
      [Update RS (ms): Min: 0.0, Avg: 0.1, Max: 0.1, Diff: 0.1, Sum: 0.7]
         [Processed Buffers: Min: 0, Avg: 2.8, Max: 5, Diff: 5, Sum: 22]
      [Scan RS (ms): Min: 0.0, Avg: 0.0, Max: 0.1, Diff: 0.1, Sum: 0.2]
      [Code Root Scanning (ms): Min: 0.0, Avg: 0.0, Max: 0.0, Diff: 0.0, Sum: 0.0]
      [Object Copy (ms): Min: 0.4, Avg: 0.4, Max: 0.4, Diff: 0.0, Sum: 3.0]
      [Termination (ms): Min: 0.0, Avg: 0.0, Max: 0.0, Diff: 0.0, Sum: 0.2]
         [Termination Attempts: Min: 1, Avg: 1.0, Max: 1, Diff: 0, Sum: 8]
      [GC Worker Other (ms): Min: 0.0, Avg: 0.0, Max: 0.0, Diff: 0.0, Sum: 0.0]
      [GC Worker Total (ms): Min: 0.4, Avg: 0.6, Max: 0.7, Diff: 0.3, Sum: 4.8]
      [GC Worker End (ms): Min: 890.9, Avg: 890.9, Max: 891.0, Diff: 0.0]
   [Code Root Fixup: 0.0 ms]
   [Code Root Purge: 0.0 ms]
   [Clear CT: 0.1 ms]
   [Other: 0.5 ms]
      [Evacuation Failure: 0.1 ms]
      [Choose CSet: 0.0 ms]
      [Ref Proc: 0.1 ms]
      [Ref Enq: 0.0 ms]
      [Redirty Cards: 0.1 ms]
      [Humongous Register: 0.1 ms]
      [Humongous Reclaim: 0.0 ms]
      [Free CSet: 0.0 ms]
   [Eden: 2048.0K(25.0M)->0.0B(25.0M) Survivors: 0.0B->0.0B Heap: 452.5M(512.0M)->452.0M(512.0M)]
 [Times: user=0.00 sys=0.00, real=0.00 secs] 
2020-10-25T20:58:14.539+0800: 0.892: [GC pause (G1 Humongous Allocation) (mixed) (to-space exhausted), 0.0013217 secs]
   [Parallel Time: 0.8 ms, GC Workers: 8]
      [GC Worker Start (ms): Min: 891.9, Avg: 891.9, Max: 892.1, Diff: 0.3]
      [Ext Root Scanning (ms): Min: 0.0, Avg: 0.1, Max: 0.1, Diff: 0.1, Sum: 0.8]
      [Update RS (ms): Min: 0.0, Avg: 0.1, Max: 0.1, Diff: 0.1, Sum: 0.8]
         [Processed Buffers: Min: 0, Avg: 3.3, Max: 7, Diff: 7, Sum: 26]
      [Scan RS (ms): Min: 0.0, Avg: 0.0, Max: 0.1, Diff: 0.1, Sum: 0.2]
      [Code Root Scanning (ms): Min: 0.0, Avg: 0.0, Max: 0.0, Diff: 0.0, Sum: 0.0]
      [Object Copy (ms): Min: 0.3, Avg: 0.4, Max: 0.4, Diff: 0.1, Sum: 3.1]
      [Termination (ms): Min: 0.0, Avg: 0.0, Max: 0.1, Diff: 0.1, Sum: 0.3]
         [Termination Attempts: Min: 1, Avg: 1.0, Max: 1, Diff: 0, Sum: 8]
      [GC Worker Other (ms): Min: 0.0, Avg: 0.0, Max: 0.0, Diff: 0.0, Sum: 0.0]
      [GC Worker Total (ms): Min: 0.4, Avg: 0.6, Max: 0.7, Diff: 0.3, Sum: 5.1]
      [GC Worker End (ms): Min: 892.6, Avg: 892.6, Max: 892.6, Diff: 0.0]
   [Code Root Fixup: 0.0 ms]
   [Code Root Purge: 0.0 ms]
   [Clear CT: 0.1 ms]
   [Other: 0.4 ms]
      [Evacuation Failure: 0.1 ms]
      [Choose CSet: 0.0 ms]
      [Ref Proc: 0.1 ms]
      [Ref Enq: 0.0 ms]
      [Redirty Cards: 0.1 ms]
      [Humongous Register: 0.1 ms]
      [Humongous Reclaim: 0.0 ms]
      [Free CSet: 0.0 ms]
   [Eden: 0.0B(25.0M)->0.0B(25.0M) Survivors: 0.0B->0.0B Heap: 452.7M(512.0M)->452.7M(512.0M)]
 [Times: user=0.00 sys=0.00, real=0.00 secs] 
2020-10-25T20:58:14.541+0800: 0.893: [Full GC (Allocation Failure)  452M->330M(512M), 0.0364968 secs]
   [Eden: 0.0B(25.0M)->0.0B(35.0M) Survivors: 0.0B->0.0B Heap: 452.7M(512.0M)->330.7M(512.0M)], [Metaspace: 2705K->2705K(1056768K)]
 [Times: user=0.05 sys=0.00, real=0.04 secs] 
2020-10-25T20:58:14.578+0800: 0.930: [GC pause (G1 Humongous Allocation) (young) (initial-mark), 0.0009910 secs]
   [Parallel Time: 0.5 ms, GC Workers: 8]
      [GC Worker Start (ms): Min: 930.3, Avg: 930.3, Max: 930.4, Diff: 0.1]
      [Ext Root Scanning (ms): Min: 0.0, Avg: 0.2, Max: 0.2, Diff: 0.2, Sum: 1.2]
      [Update RS (ms): Min: 0.0, Avg: 0.1, Max: 0.2, Diff: 0.2, Sum: 0.6]
         [Processed Buffers: Min: 0, Avg: 0.9, Max: 2, Diff: 2, Sum: 7]
      [Scan RS (ms): Min: 0.0, Avg: 0.0, Max: 0.0, Diff: 0.0, Sum: 0.0]
      [Code Root Scanning (ms): Min: 0.0, Avg: 0.0, Max: 0.0, Diff: 0.0, Sum: 0.0]
      [Object Copy (ms): Min: 0.0, Avg: 0.0, Max: 0.0, Diff: 0.0, Sum: 0.0]
      [Termination (ms): Min: 0.0, Avg: 0.2, Max: 0.2, Diff: 0.2, Sum: 1.5]
         [Termination Attempts: Min: 1, Avg: 1.0, Max: 1, Diff: 0, Sum: 8]
      [GC Worker Other (ms): Min: 0.0, Avg: 0.0, Max: 0.0, Diff: 0.0, Sum: 0.0]
      [GC Worker Total (ms): Min: 0.3, Avg: 0.4, Max: 0.5, Diff: 0.1, Sum: 3.5]
      [GC Worker End (ms): Min: 930.7, Avg: 930.7, Max: 930.7, Diff: 0.0]
   [Code Root Fixup: 0.0 ms]
   [Code Root Purge: 0.0 ms]
   [Clear CT: 0.1 ms]
   [Other: 0.3 ms]
      [Choose CSet: 0.0 ms]
      [Ref Proc: 0.1 ms]
      [Ref Enq: 0.0 ms]
      [Redirty Cards: 0.1 ms]
      [Humongous Register: 0.1 ms]
      [Humongous Reclaim: 0.0 ms]
      [Free CSet: 0.0 ms]
   [Eden: 1024.0K(35.0M)->0.0B(36.0M) Survivors: 0.0B->0.0B Heap: 332.0M(512.0M)->331.5M(512.0M)]
 [Times: user=0.00 sys=0.00, real=0.00 secs] 
2020-10-25T20:58:14.579+0800: 0.931: [GC concurrent-root-region-scan-start]
2020-10-25T20:58:14.579+0800: 0.931: [GC concurrent-root-region-scan-end, 0.0000073 secs]
2020-10-25T20:58:14.579+0800: 0.931: [GC concurrent-mark-start]
2020-10-25T20:58:14.581+0800: 0.933: [GC concurrent-mark-end, 0.0017963 secs]
2020-10-25T20:58:14.581+0800: 0.933: [GC remark 2020-10-25T20:58:14.581+0800: 0.933: [Finalize Marking, 0.0001353 secs] 2020-10-25T20:58:14.581+0800: 0.933: [GC ref-proc, 0.0002138 secs] 2020-10-25T20:58:14.581+0800: 0.934: [Unloading, 0.0004518 secs], 0.0016935 secs]
 [Times: user=0.00 sys=0.00, real=0.00 secs] 
2020-10-25T20:58:14.583+0800: 0.935: [GC cleanup 346M->346M(512M), 0.0005613 secs]
 [Times: user=0.00 sys=0.00, real=0.00 secs] 
2020-10-25T20:58:14.587+0800: 0.940: [GC pause (G1 Evacuation Pause) (young), 0.0028866 secs]
   [Parallel Time: 2.3 ms, GC Workers: 8]
      [GC Worker Start (ms): Min: 940.2, Avg: 940.3, Max: 941.1, Diff: 0.9]
      [Ext Root Scanning (ms): Min: 0.0, Avg: 0.1, Max: 0.1, Diff: 0.1, Sum: 0.8]
      [Update RS (ms): Min: 0.0, Avg: 0.7, Max: 0.8, Diff: 0.8, Sum: 5.4]
         [Processed Buffers: Min: 0, Avg: 9.4, Max: 12, Diff: 12, Sum: 75]
      [Scan RS (ms): Min: 0.0, Avg: 0.0, Max: 0.0, Diff: 0.0, Sum: 0.0]
      [Code Root Scanning (ms): Min: 0.0, Avg: 0.0, Max: 0.0, Diff: 0.0, Sum: 0.0]
      [Object Copy (ms): Min: 1.2, Avg: 1.2, Max: 1.3, Diff: 0.2, Sum: 9.9]
      [Termination (ms): Min: 0.0, Avg: 0.1, Max: 0.1, Diff: 0.1, Sum: 0.7]
         [Termination Attempts: Min: 1, Avg: 1.0, Max: 1, Diff: 0, Sum: 8]
      [GC Worker Other (ms): Min: 0.0, Avg: 0.0, Max: 0.0, Diff: 0.0, Sum: 0.1]
      [GC Worker Total (ms): Min: 1.3, Avg: 2.1, Max: 2.2, Diff: 0.9, Sum: 16.8]
      [GC Worker End (ms): Min: 942.4, Avg: 942.4, Max: 942.4, Diff: 0.0]
   [Code Root Fixup: 0.0 ms]
   [Code Root Purge: 0.0 ms]
   [Clear CT: 0.1 ms]
   [Other: 0.5 ms]
      [Choose CSet: 0.0 ms]
      [Ref Proc: 0.1 ms]
      [Ref Enq: 0.0 ms]
      [Redirty Cards: 0.1 ms]
      [Humongous Register: 0.1 ms]
      [Humongous Reclaim: 0.0 ms]
      [Free CSet: 0.0 ms]
   [Eden: 36.0M(36.0M)->0.0B(25.0M) Survivors: 0.0B->5120.0K Heap: 376.6M(512.0M)->343.0M(512.0M)]
 [Times: user=0.00 sys=0.00, real=0.00 secs] 
2020-10-25T20:58:14.591+0800: 0.943: [GC pause (G1 Humongous Allocation) (young) (initial-mark), 0.0012902 secs]
   [Parallel Time: 0.9 ms, GC Workers: 8]
      [GC Worker Start (ms): Min: 943.2, Avg: 943.3, Max: 943.4, Diff: 0.1]
      [Ext Root Scanning (ms): Min: 0.0, Avg: 0.2, Max: 0.8, Diff: 0.8, Sum: 1.7]
      [Update RS (ms): Min: 0.0, Avg: 0.0, Max: 0.1, Diff: 0.1, Sum: 0.4]
         [Processed Buffers: Min: 0, Avg: 1.0, Max: 2, Diff: 2, Sum: 8]
      [Scan RS (ms): Min: 0.0, Avg: 0.0, Max: 0.0, Diff: 0.0, Sum: 0.0]
      [Code Root Scanning (ms): Min: 0.0, Avg: 0.0, Max: 0.0, Diff: 0.0, Sum: 0.0]
      [Object Copy (ms): Min: 0.0, Avg: 0.5, Max: 0.6, Diff: 0.6, Sum: 3.8]
      [Termination (ms): Min: 0.0, Avg: 0.0, Max: 0.1, Diff: 0.1, Sum: 0.3]
         [Termination Attempts: Min: 1, Avg: 1.0, Max: 1, Diff: 0, Sum: 8]
      [GC Worker Other (ms): Min: 0.0, Avg: 0.0, Max: 0.0, Diff: 0.0, Sum: 0.1]
      [GC Worker Total (ms): Min: 0.7, Avg: 0.8, Max: 0.8, Diff: 0.1, Sum: 6.3]
      [GC Worker End (ms): Min: 944.0, Avg: 944.0, Max: 944.1, Diff: 0.0]
   [Code Root Fixup: 0.0 ms]
   [Code Root Purge: 0.0 ms]
   [Clear CT: 0.1 ms]
   [Other: 0.3 ms]
      [Choose CSet: 0.0 ms]
      [Ref Proc: 0.1 ms]
      [Ref Enq: 0.0 ms]
      [Redirty Cards: 0.1 ms]
      [Humongous Register: 0.1 ms]
      [Humongous Reclaim: 0.0 ms]
      [Free CSet: 0.0 ms]
   [Eden: 1024.0K(25.0M)->0.0B(24.0M) Survivors: 5120.0K->1024.0K Heap: 343.7M(512.0M)->342.9M(512.0M)]
 [Times: user=0.00 sys=0.00, real=0.00 secs] 
2020-10-25T20:58:14.592+0800: 0.945: [GC concurrent-root-region-scan-start]
2020-10-25T20:58:14.592+0800: 0.945: [GC concurrent-root-region-scan-end, 0.0000351 secs]
2020-10-25T20:58:14.592+0800: 0.945: [GC concurrent-mark-start]
2020-10-25T20:58:14.594+0800: 0.946: [GC concurrent-mark-end, 0.0015099 secs]
2020-10-25T20:58:14.594+0800: 0.946: [GC remark 2020-10-25T20:58:14.594+0800: 0.946: [Finalize Marking, 0.0001558 secs] 2020-10-25T20:58:14.594+0800: 0.946: [GC ref-proc, 0.0003638 secs] 2020-10-25T20:58:14.594+0800: 0.947: [Unloading, 0.0004468 secs], 0.0018300 secs]
 [Times: user=0.00 sys=0.00, real=0.00 secs] 
2020-10-25T20:58:14.596+0800: 0.948: [GC cleanup 354M->354M(512M), 0.0005806 secs]
 [Times: user=0.00 sys=0.00, real=0.00 secs] 
2020-10-25T20:58:14.599+0800: 0.952: [GC pause (G1 Evacuation Pause) (young), 0.0025364 secs]
   [Parallel Time: 2.1 ms, GC Workers: 8]
      [GC Worker Start (ms): Min: 952.0, Avg: 952.3, Max: 953.9, Diff: 1.9]
      [Ext Root Scanning (ms): Min: 0.0, Avg: 0.1, Max: 0.2, Diff: 0.2, Sum: 0.7]
      [Update RS (ms): Min: 0.0, Avg: 0.5, Max: 0.6, Diff: 0.6, Sum: 3.6]
         [Processed Buffers: Min: 0, Avg: 6.9, Max: 10, Diff: 10, Sum: 55]
      [Scan RS (ms): Min: 0.0, Avg: 0.0, Max: 0.0, Diff: 0.0, Sum: 0.0]
      [Code Root Scanning (ms): Min: 0.0, Avg: 0.0, Max: 0.0, Diff: 0.0, Sum: 0.0]
      [Object Copy (ms): Min: 0.0, Avg: 1.0, Max: 1.2, Diff: 1.2, Sum: 7.9]
      [Termination (ms): Min: 0.0, Avg: 0.0, Max: 0.2, Diff: 0.2, Sum: 0.4]
         [Termination Attempts: Min: 1, Avg: 1.0, Max: 1, Diff: 0, Sum: 8]
      [GC Worker Other (ms): Min: 0.0, Avg: 0.0, Max: 0.0, Diff: 0.0, Sum: 0.1]
      [GC Worker Total (ms): Min: 0.1, Avg: 1.6, Max: 2.0, Diff: 1.9, Sum: 12.7]
      [GC Worker End (ms): Min: 953.9, Avg: 953.9, Max: 953.9, Diff: 0.0]
   [Code Root Fixup: 0.0 ms]
   [Code Root Purge: 0.0 ms]
   [Clear CT: 0.1 ms]
   [Other: 0.4 ms]
      [Choose CSet: 0.0 ms]
      [Ref Proc: 0.1 ms]
      [Ref Enq: 0.0 ms]
      [Redirty Cards: 0.1 ms]
      [Humongous Register: 0.1 ms]
      [Humongous Reclaim: 0.0 ms]
      [Free CSet: 0.0 ms]
   [Eden: 24.0M(24.0M)->0.0B(21.0M) Survivors: 1024.0K->4096.0K Heap: 372.9M(512.0M)->351.8M(512.0M)]
 [Times: user=0.00 sys=0.00, real=0.00 secs] 
2020-10-25T20:58:14.605+0800: 0.958: [GC pause (G1 Evacuation Pause) (mixed), 0.0028416 secs]
   [Parallel Time: 1.9 ms, GC Workers: 8]
      [GC Worker Start (ms): Min: 958.1, Avg: 958.1, Max: 958.3, Diff: 0.2]
      [Ext Root Scanning (ms): Min: 0.0, Avg: 0.1, Max: 0.2, Diff: 0.2, Sum: 0.9]
      [Update RS (ms): Min: 0.2, Avg: 0.2, Max: 0.3, Diff: 0.0, Sum: 1.9]
         [Processed Buffers: Min: 1, Avg: 3.3, Max: 4, Diff: 3, Sum: 26]
      [Scan RS (ms): Min: 0.0, Avg: 0.0, Max: 0.0, Diff: 0.0, Sum: 0.0]
      [Code Root Scanning (ms): Min: 0.0, Avg: 0.0, Max: 0.0, Diff: 0.0, Sum: 0.0]
      [Object Copy (ms): Min: 1.3, Avg: 1.4, Max: 1.4, Diff: 0.1, Sum: 11.0]
      [Termination (ms): Min: 0.0, Avg: 0.0, Max: 0.1, Diff: 0.1, Sum: 0.4]
         [Termination Attempts: Min: 1, Avg: 1.0, Max: 1, Diff: 0, Sum: 8]
      [GC Worker Other (ms): Min: 0.0, Avg: 0.0, Max: 0.0, Diff: 0.0, Sum: 0.1]
      [GC Worker Total (ms): Min: 1.7, Avg: 1.8, Max: 1.8, Diff: 0.2, Sum: 14.2]
      [GC Worker End (ms): Min: 959.9, Avg: 959.9, Max: 959.9, Diff: 0.0]
   [Code Root Fixup: 0.0 ms]
   [Code Root Purge: 0.0 ms]
   [Clear CT: 0.3 ms]
   [Other: 0.7 ms]
      [Choose CSet: 0.0 ms]
      [Ref Proc: 0.1 ms]
      [Ref Enq: 0.0 ms]
      [Redirty Cards: 0.3 ms]
      [Humongous Register: 0.1 ms]
      [Humongous Reclaim: 0.0 ms]
      [Free CSet: 0.0 ms]
   [Eden: 21.0M(21.0M)->0.0B(21.0M) Survivors: 4096.0K->4096.0K Heap: 375.0M(512.0M)->354.6M(512.0M)]
 [Times: user=0.02 sys=0.00, real=0.00 secs] 
2020-10-25T20:58:14.609+0800: 0.961: [GC pause (G1 Humongous Allocation) (young) (initial-mark), 0.0014361 secs]
   [Parallel Time: 0.9 ms, GC Workers: 8]
      [GC Worker Start (ms): Min: 961.2, Avg: 961.2, Max: 961.3, Diff: 0.2]
      [Ext Root Scanning (ms): Min: 0.0, Avg: 0.2, Max: 0.4, Diff: 0.4, Sum: 1.6]
      [Update RS (ms): Min: 0.0, Avg: 0.0, Max: 0.1, Diff: 0.1, Sum: 0.4]
         [Processed Buffers: Min: 0, Avg: 1.1, Max: 2, Diff: 2, Sum: 9]
      [Scan RS (ms): Min: 0.0, Avg: 0.0, Max: 0.0, Diff: 0.0, Sum: 0.0]
      [Code Root Scanning (ms): Min: 0.0, Avg: 0.0, Max: 0.0, Diff: 0.0, Sum: 0.0]
      [Object Copy (ms): Min: 0.2, Avg: 0.4, Max: 0.5, Diff: 0.3, Sum: 3.5]
      [Termination (ms): Min: 0.0, Avg: 0.1, Max: 0.1, Diff: 0.1, Sum: 0.6]
         [Termination Attempts: Min: 1, Avg: 1.0, Max: 1, Diff: 0, Sum: 8]
      [GC Worker Other (ms): Min: 0.0, Avg: 0.0, Max: 0.0, Diff: 0.0, Sum: 0.1]
      [GC Worker Total (ms): Min: 0.6, Avg: 0.8, Max: 0.8, Diff: 0.2, Sum: 6.1]
      [GC Worker End (ms): Min: 962.0, Avg: 962.0, Max: 962.0, Diff: 0.0]
   [Code Root Fixup: 0.0 ms]
   [Code Root Purge: 0.0 ms]
   [Clear CT: 0.1 ms]
   [Other: 0.4 ms]
      [Choose CSet: 0.0 ms]
      [Ref Proc: 0.1 ms]
      [Ref Enq: 0.0 ms]
      [Redirty Cards: 0.1 ms]
      [Humongous Register: 0.1 ms]
      [Humongous Reclaim: 0.0 ms]
      [Free CSet: 0.0 ms]
   [Eden: 1024.0K(21.0M)->0.0B(24.0M) Survivors: 4096.0K->1024.0K Heap: 355.0M(512.0M)->354.8M(512.0M)]
 [Times: user=0.00 sys=0.00, real=0.00 secs] 
2020-10-25T20:58:14.610+0800: 0.963: [GC concurrent-root-region-scan-start]
2020-10-25T20:58:14.610+0800: 0.963: [GC concurrent-root-region-scan-end, 0.0000504 secs]
2020-10-25T20:58:14.610+0800: 0.963: [GC concurrent-mark-start]
2020-10-25T20:58:14.613+0800: 0.966: [GC concurrent-mark-end, 0.0028271 secs]
2020-10-25T20:58:14.613+0800: 0.966: [GC remark 2020-10-25T20:58:14.613+0800: 0.966: [Finalize Marking, 0.0001448 secs] 2020-10-25T20:58:14.613+0800: 0.966: [GC ref-proc, 0.0002854 secs] 2020-10-25T20:58:14.614+0800: 0.966: [Unloading, 0.0004976 secs], 0.0018617 secs]
 [Times: user=0.00 sys=0.00, real=0.00 secs] 
2020-10-25T20:58:14.615+0800: 0.968: [GC cleanup 369M->369M(512M), 0.0004853 secs]
 [Times: user=0.00 sys=0.00, real=0.00 secs] 
2020-10-25T20:58:14.618+0800: 0.970: [GC pause (G1 Evacuation Pause) (young), 0.0023379 secs]
   [Parallel Time: 1.7 ms, GC Workers: 8]
      [GC Worker Start (ms): Min: 970.4, Avg: 970.5, Max: 970.5, Diff: 0.1]
      [Ext Root Scanning (ms): Min: 0.1, Avg: 0.1, Max: 0.2, Diff: 0.1, Sum: 0.9]
      [Update RS (ms): Min: 0.3, Avg: 0.3, Max: 0.4, Diff: 0.1, Sum: 2.7]
         [Processed Buffers: Min: 4, Avg: 5.3, Max: 6, Diff: 2, Sum: 42]
      [Scan RS (ms): Min: 0.0, Avg: 0.0, Max: 0.0, Diff: 0.0, Sum: 0.0]
      [Code Root Scanning (ms): Min: 0.0, Avg: 0.0, Max: 0.0, Diff: 0.0, Sum: 0.0]
      [Object Copy (ms): Min: 1.0, Avg: 1.1, Max: 1.2, Diff: 0.1, Sum: 8.7]
      [Termination (ms): Min: 0.0, Avg: 0.1, Max: 0.1, Diff: 0.1, Sum: 0.4]
         [Termination Attempts: Min: 1, Avg: 1.0, Max: 1, Diff: 0, Sum: 8]
      [GC Worker Other (ms): Min: 0.0, Avg: 0.0, Max: 0.0, Diff: 0.0, Sum: 0.0]
      [GC Worker Total (ms): Min: 1.6, Avg: 1.6, Max: 1.6, Diff: 0.1, Sum: 12.8]
      [GC Worker End (ms): Min: 972.1, Avg: 972.1, Max: 972.1, Diff: 0.0]
   [Code Root Fixup: 0.0 ms]
   [Code Root Purge: 0.0 ms]
   [Clear CT: 0.2 ms]
   [Other: 0.5 ms]
      [Choose CSet: 0.0 ms]
      [Ref Proc: 0.2 ms]
      [Ref Enq: 0.0 ms]
      [Redirty Cards: 0.2 ms]
      [Humongous Register: 0.1 ms]
      [Humongous Reclaim: 0.0 ms]
      [Free CSet: 0.0 ms]
   [Eden: 24.0M(24.0M)->0.0B(21.0M) Survivors: 1024.0K->4096.0K Heap: 383.0M(512.0M)->364.7M(512.0M)]
 [Times: user=0.00 sys=0.00, real=0.00 secs] 
2020-10-25T20:58:14.624+0800: 0.977: [GC pause (G1 Evacuation Pause) (mixed), 0.0044304 secs]
   [Parallel Time: 3.8 ms, GC Workers: 8]
      [GC Worker Start (ms): Min: 976.9, Avg: 976.9, Max: 977.0, Diff: 0.1]
      [Ext Root Scanning (ms): Min: 0.1, Avg: 0.1, Max: 0.2, Diff: 0.1, Sum: 1.0]
      [Update RS (ms): Min: 0.6, Avg: 0.6, Max: 0.6, Diff: 0.0, Sum: 4.9]
         [Processed Buffers: Min: 9, Avg: 9.5, Max: 10, Diff: 1, Sum: 76]
      [Scan RS (ms): Min: 0.0, Avg: 0.0, Max: 0.0, Diff: 0.0, Sum: 0.1]
      [Code Root Scanning (ms): Min: 0.0, Avg: 0.0, Max: 0.0, Diff: 0.0, Sum: 0.0]
      [Object Copy (ms): Min: 2.8, Avg: 2.9, Max: 2.9, Diff: 0.1, Sum: 22.8]
      [Termination (ms): Min: 0.0, Avg: 0.1, Max: 0.1, Diff: 0.1, Sum: 0.5]
         [Termination Attempts: Min: 1, Avg: 1.0, Max: 1, Diff: 0, Sum: 8]
      [GC Worker Other (ms): Min: 0.0, Avg: 0.0, Max: 0.0, Diff: 0.0, Sum: 0.1]
      [GC Worker Total (ms): Min: 3.6, Avg: 3.7, Max: 3.7, Diff: 0.1, Sum: 29.4]
      [GC Worker End (ms): Min: 980.6, Avg: 980.6, Max: 980.6, Diff: 0.0]
   [Code Root Fixup: 0.0 ms]
   [Code Root Purge: 0.0 ms]
   [Clear CT: 0.1 ms]
   [Other: 0.5 ms]
      [Choose CSet: 0.0 ms]
      [Ref Proc: 0.2 ms]
      [Ref Enq: 0.0 ms]
      [Redirty Cards: 0.1 ms]
      [Humongous Register: 0.1 ms]
      [Humongous Reclaim: 0.0 ms]
      [Free CSet: 0.0 ms]
   [Eden: 21.0M(21.0M)->0.0B(21.0M) Survivors: 4096.0K->4096.0K Heap: 394.0M(512.0M)->370.4M(512.0M)]
 [Times: user=0.00 sys=0.00, real=0.00 secs] 
2020-10-25T20:58:14.630+0800: 0.982: [GC pause (G1 Humongous Allocation) (young) (initial-mark), 0.0012828 secs]
   [Parallel Time: 0.8 ms, GC Workers: 8]
      [GC Worker Start (ms): Min: 982.2, Avg: 982.2, Max: 982.2, Diff: 0.0]
      [Ext Root Scanning (ms): Min: 0.1, Avg: 0.1, Max: 0.1, Diff: 0.0, Sum: 0.9]
      [Update RS (ms): Min: 0.0, Avg: 0.1, Max: 0.1, Diff: 0.1, Sum: 0.6]
         [Processed Buffers: Min: 1, Avg: 1.1, Max: 2, Diff: 1, Sum: 9]
      [Scan RS (ms): Min: 0.0, Avg: 0.0, Max: 0.0, Diff: 0.0, Sum: 0.0]
      [Code Root Scanning (ms): Min: 0.0, Avg: 0.0, Max: 0.0, Diff: 0.0, Sum: 0.0]
      [Object Copy (ms): Min: 0.4, Avg: 0.5, Max: 0.5, Diff: 0.1, Sum: 3.8]
      [Termination (ms): Min: 0.0, Avg: 0.0, Max: 0.1, Diff: 0.1, Sum: 0.3]
         [Termination Attempts: Min: 1, Avg: 1.0, Max: 1, Diff: 0, Sum: 8]
      [GC Worker Other (ms): Min: 0.0, Avg: 0.0, Max: 0.0, Diff: 0.0, Sum: 0.1]
      [GC Worker Total (ms): Min: 0.7, Avg: 0.7, Max: 0.7, Diff: 0.0, Sum: 5.7]
      [GC Worker End (ms): Min: 982.9, Avg: 982.9, Max: 982.9, Diff: 0.0]
   [Code Root Fixup: 0.0 ms]
   [Code Root Purge: 0.0 ms]
   [Clear CT: 0.1 ms]
   [Other: 0.3 ms]
      [Choose CSet: 0.0 ms]
      [Ref Proc: 0.1 ms]
      [Ref Enq: 0.0 ms]
      [Redirty Cards: 0.1 ms]
      [Humongous Register: 0.1 ms]
      [Humongous Reclaim: 0.0 ms]
      [Free CSet: 0.0 ms]
   [Eden: 4096.0K(21.0M)->0.0B(23.0M) Survivors: 4096.0K->2048.0K Heap: 374.1M(512.0M)->369.8M(512.0M)]
 [Times: user=0.00 sys=0.00, real=0.00 secs] 
2020-10-25T20:58:14.631+0800: 0.983: [GC concurrent-root-region-scan-start]
2020-10-25T20:58:14.631+0800: 0.984: [GC concurrent-root-region-scan-end, 0.0000931 secs]
2020-10-25T20:58:14.631+0800: 0.984: [GC concurrent-mark-start]
2020-10-25T20:58:14.633+0800: 0.985: [GC concurrent-mark-end, 0.0015392 secs]
2020-10-25T20:58:14.633+0800: 0.985: [GC remark 2020-10-25T20:58:14.633+0800: 0.985: [Finalize Marking, 0.0001286 secs] 2020-10-25T20:58:14.633+0800: 0.985: [GC ref-proc, 0.0002123 secs] 2020-10-25T20:58:14.633+0800: 0.986: [Unloading, 0.0004331 secs], 0.0015790 secs]
 [Times: user=0.00 sys=0.00, real=0.00 secs] 
2020-10-25T20:58:14.635+0800: 0.987: [GC cleanup 381M->381M(512M), 0.0004409 secs]
 [Times: user=0.00 sys=0.00, real=0.00 secs] 
2020-10-25T20:58:14.637+0800: 0.990: [GC pause (G1 Evacuation Pause) (young), 0.0023799 secs]
   [Parallel Time: 1.9 ms, GC Workers: 8]
      [GC Worker Start (ms): Min: 989.8, Avg: 989.9, Max: 990.0, Diff: 0.2]
      [Ext Root Scanning (ms): Min: 0.0, Avg: 0.1, Max: 0.1, Diff: 0.1, Sum: 0.9]
      [Update RS (ms): Min: 0.3, Avg: 0.4, Max: 0.4, Diff: 0.0, Sum: 2.8]
         [Processed Buffers: Min: 5, Avg: 5.4, Max: 6, Diff: 1, Sum: 43]
      [Scan RS (ms): Min: 0.0, Avg: 0.0, Max: 0.0, Diff: 0.0, Sum: 0.0]
      [Code Root Scanning (ms): Min: 0.0, Avg: 0.0, Max: 0.0, Diff: 0.0, Sum: 0.0]
      [Object Copy (ms): Min: 1.2, Avg: 1.2, Max: 1.3, Diff: 0.1, Sum: 9.9]
      [Termination (ms): Min: 0.0, Avg: 0.1, Max: 0.1, Diff: 0.1, Sum: 0.4]
         [Termination Attempts: Min: 1, Avg: 1.0, Max: 1, Diff: 0, Sum: 8]
      [GC Worker Other (ms): Min: 0.0, Avg: 0.0, Max: 0.0, Diff: 0.0, Sum: 0.1]
      [GC Worker Total (ms): Min: 1.7, Avg: 1.8, Max: 1.8, Diff: 0.1, Sum: 14.1]
      [GC Worker End (ms): Min: 991.6, Avg: 991.6, Max: 991.7, Diff: 0.0]
   [Code Root Fixup: 0.0 ms]
   [Code Root Purge: 0.0 ms]
   [Clear CT: 0.1 ms]
   [Other: 0.4 ms]
      [Choose CSet: 0.0 ms]
      [Ref Proc: 0.1 ms]
      [Ref Enq: 0.0 ms]
      [Redirty Cards: 0.1 ms]
      [Humongous Register: 0.1 ms]
      [Humongous Reclaim: 0.0 ms]
      [Free CSet: 0.0 ms]
   [Eden: 23.0M(23.0M)->0.0B(21.0M) Survivors: 2048.0K->4096.0K Heap: 397.1M(512.0M)->378.2M(512.0M)]
 [Times: user=0.11 sys=0.00, real=0.00 secs] 
2020-10-25T20:58:14.643+0800: 0.996: [GC pause (G1 Evacuation Pause) (mixed) (to-space exhausted), 0.0039291 secs]
   [Parallel Time: 3.3 ms, GC Workers: 8]
      [GC Worker Start (ms): Min: 995.7, Avg: 995.8, Max: 995.9, Diff: 0.2]
      [Ext Root Scanning (ms): Min: 0.0, Avg: 0.1, Max: 0.1, Diff: 0.1, Sum: 0.8]
      [Update RS (ms): Min: 0.3, Avg: 0.3, Max: 0.3, Diff: 0.0, Sum: 2.7]
         [Processed Buffers: Min: 5, Avg: 5.3, Max: 6, Diff: 1, Sum: 42]
      [Scan RS (ms): Min: 0.0, Avg: 0.0, Max: 0.0, Diff: 0.0, Sum: 0.1]
      [Code Root Scanning (ms): Min: 0.0, Avg: 0.0, Max: 0.0, Diff: 0.0, Sum: 0.0]
      [Object Copy (ms): Min: 2.7, Avg: 2.7, Max: 2.8, Diff: 0.1, Sum: 21.8]
      [Termination (ms): Min: 0.0, Avg: 0.0, Max: 0.1, Diff: 0.1, Sum: 0.3]
         [Termination Attempts: Min: 1, Avg: 1.1, Max: 2, Diff: 1, Sum: 9]
      [GC Worker Other (ms): Min: 0.0, Avg: 0.0, Max: 0.0, Diff: 0.0, Sum: 0.1]
      [GC Worker Total (ms): Min: 3.1, Avg: 3.2, Max: 3.3, Diff: 0.2, Sum: 25.8]
      [GC Worker End (ms): Min: 999.0, Avg: 999.0, Max: 999.0, Diff: 0.0]
   [Code Root Fixup: 0.0 ms]
   [Code Root Purge: 0.0 ms]
   [Clear CT: 0.1 ms]
   [Other: 0.5 ms]
      [Evacuation Failure: 0.1 ms]
      [Choose CSet: 0.0 ms]
      [Ref Proc: 0.1 ms]
      [Ref Enq: 0.0 ms]
      [Redirty Cards: 0.1 ms]
      [Humongous Register: 0.1 ms]
      [Humongous Reclaim: 0.0 ms]
      [Free CSet: 0.0 ms]
   [Eden: 21.0M(21.0M)->0.0B(21.0M) Survivors: 4096.0K->4096.0K Heap: 403.2M(512.0M)->392.7M(512.0M)]
 [Times: user=0.00 sys=0.00, real=0.00 secs] 
2020-10-25T20:58:14.647+0800: 1.000: [GC pause (G1 Humongous Allocation) (young) (initial-mark), 0.0013143 secs]
   [Parallel Time: 0.8 ms, GC Workers: 8]
      [GC Worker Start (ms): Min: 1000.0, Avg: 1000.0, Max: 1000.1, Diff: 0.2]
      [Ext Root Scanning (ms): Min: 0.0, Avg: 0.1, Max: 0.2, Diff: 0.2, Sum: 1.1]
      [Update RS (ms): Min: 0.0, Avg: 0.1, Max: 0.1, Diff: 0.0, Sum: 0.5]
         [Processed Buffers: Min: 1, Avg: 2.1, Max: 4, Diff: 3, Sum: 17]
      [Scan RS (ms): Min: 0.0, Avg: 0.0, Max: 0.0, Diff: 0.0, Sum: 0.0]
      [Code Root Scanning (ms): Min: 0.0, Avg: 0.0, Max: 0.0, Diff: 0.0, Sum: 0.0]
      [Object Copy (ms): Min: 0.4, Avg: 0.5, Max: 0.5, Diff: 0.1, Sum: 3.7]
      [Termination (ms): Min: 0.0, Avg: 0.0, Max: 0.1, Diff: 0.1, Sum: 0.2]
         [Termination Attempts: Min: 1, Avg: 1.0, Max: 1, Diff: 0, Sum: 8]
      [GC Worker Other (ms): Min: 0.0, Avg: 0.0, Max: 0.0, Diff: 0.0, Sum: 0.1]
      [GC Worker Total (ms): Min: 0.6, Avg: 0.7, Max: 0.8, Diff: 0.2, Sum: 5.6]
      [GC Worker End (ms): Min: 1000.7, Avg: 1000.7, Max: 1000.7, Diff: 0.0]
   [Code Root Fixup: 0.0 ms]
   [Code Root Purge: 0.0 ms]
   [Clear CT: 0.1 ms]
   [Other: 0.4 ms]
      [Choose CSet: 0.0 ms]
      [Ref Proc: 0.1 ms]
      [Ref Enq: 0.0 ms]
      [Redirty Cards: 0.1 ms]
      [Humongous Register: 0.1 ms]
      [Humongous Reclaim: 0.0 ms]
      [Free CSet: 0.0 ms]
   [Eden: 1024.0K(21.0M)->0.0B(24.0M) Survivors: 4096.0K->1024.0K Heap: 393.4M(512.0M)->392.6M(512.0M)]
 [Times: user=0.00 sys=0.00, real=0.00 secs] 
2020-10-25T20:58:14.649+0800: 1.001: [GC concurrent-root-region-scan-start]
2020-10-25T20:58:14.649+0800: 1.001: [GC concurrent-root-region-scan-end, 0.0000411 secs]
2020-10-25T20:58:14.649+0800: 1.001: [GC concurrent-mark-start]
2020-10-25T20:58:14.651+0800: 1.003: [GC concurrent-mark-end, 0.0017946 secs]
2020-10-25T20:58:14.651+0800: 1.003: [GC remark 2020-10-25T20:58:14.651+0800: 1.003: [Finalize Marking, 0.0001143 secs] 2020-10-25T20:58:14.651+0800: 1.003: [GC ref-proc, 0.0002132 secs] 2020-10-25T20:58:14.651+0800: 1.004: [Unloading, 0.0004563 secs], 0.0016884 secs]
 [Times: user=0.00 sys=0.01, real=0.00 secs] 
2020-10-25T20:58:14.653+0800: 1.005: [GC cleanup 405M->405M(512M), 0.0005016 secs]
 [Times: user=0.00 sys=0.00, real=0.00 secs] 
2020-10-25T20:58:14.657+0800: 1.009: [GC pause (G1 Evacuation Pause) (young) (to-space exhausted), 0.0018240 secs]
   [Parallel Time: 1.2 ms, GC Workers: 8]
      [GC Worker Start (ms): Min: 1009.3, Avg: 1009.3, Max: 1009.4, Diff: 0.1]
      [Ext Root Scanning (ms): Min: 0.0, Avg: 0.1, Max: 0.1, Diff: 0.1, Sum: 0.8]
      [Update RS (ms): Min: 0.8, Avg: 0.8, Max: 1.0, Diff: 0.2, Sum: 6.6]
         [Processed Buffers: Min: 0, Avg: 10.8, Max: 13, Diff: 13, Sum: 86]
      [Scan RS (ms): Min: 0.0, Avg: 0.0, Max: 0.0, Diff: 0.0, Sum: 0.0]
      [Code Root Scanning (ms): Min: 0.0, Avg: 0.0, Max: 0.0, Diff: 0.0, Sum: 0.0]
      [Object Copy (ms): Min: 0.0, Avg: 0.2, Max: 0.2, Diff: 0.2, Sum: 1.5]
      [Termination (ms): Min: 0.0, Avg: 0.0, Max: 0.0, Diff: 0.0, Sum: 0.2]
         [Termination Attempts: Min: 1, Avg: 1.0, Max: 1, Diff: 0, Sum: 8]
      [GC Worker Other (ms): Min: 0.0, Avg: 0.0, Max: 0.0, Diff: 0.0, Sum: 0.0]
      [GC Worker Total (ms): Min: 1.0, Avg: 1.1, Max: 1.2, Diff: 0.1, Sum: 9.1]
      [GC Worker End (ms): Min: 1010.5, Avg: 1010.5, Max: 1010.5, Diff: 0.0]
   [Code Root Fixup: 0.0 ms]
   [Code Root Purge: 0.0 ms]
   [Clear CT: 0.1 ms]
   [Other: 0.5 ms]
      [Evacuation Failure: 0.1 ms]
      [Choose CSet: 0.0 ms]
      [Ref Proc: 0.1 ms]
      [Ref Enq: 0.0 ms]
      [Redirty Cards: 0.1 ms]
      [Humongous Register: 0.1 ms]
      [Humongous Reclaim: 0.0 ms]
      [Free CSet: 0.0 ms]
   [Eden: 24.0M(24.0M)->0.0B(24.0M) Survivors: 1024.0K->1024.0K Heap: 426.4M(512.0M)->418.2M(512.0M)]
 [Times: user=0.00 sys=0.00, real=0.00 secs] 
2020-10-25T20:58:14.661+0800: 1.014: [GC pause (G1 Evacuation Pause) (mixed) (to-space exhausted), 0.0014140 secs]
   [Parallel Time: 0.8 ms, GC Workers: 8]
      [GC Worker Start (ms): Min: 1013.9, Avg: 1013.9, Max: 1014.1, Diff: 0.2]
      [Ext Root Scanning (ms): Min: 0.0, Avg: 0.1, Max: 0.2, Diff: 0.2, Sum: 1.1]
      [Update RS (ms): Min: 0.1, Avg: 0.1, Max: 0.2, Diff: 0.1, Sum: 1.0]
         [Processed Buffers: Min: 0, Avg: 2.5, Max: 5, Diff: 5, Sum: 20]
      [Scan RS (ms): Min: 0.0, Avg: 0.0, Max: 0.0, Diff: 0.0, Sum: 0.2]
      [Code Root Scanning (ms): Min: 0.0, Avg: 0.0, Max: 0.0, Diff: 0.0, Sum: 0.0]
      [Object Copy (ms): Min: 0.3, Avg: 0.3, Max: 0.4, Diff: 0.0, Sum: 2.8]
      [Termination (ms): Min: 0.0, Avg: 0.0, Max: 0.0, Diff: 0.0, Sum: 0.2]
         [Termination Attempts: Min: 1, Avg: 1.0, Max: 1, Diff: 0, Sum: 8]
      [GC Worker Other (ms): Min: 0.0, Avg: 0.0, Max: 0.0, Diff: 0.0, Sum: 0.0]
      [GC Worker Total (ms): Min: 0.5, Avg: 0.7, Max: 0.7, Diff: 0.2, Sum: 5.2]
      [GC Worker End (ms): Min: 1014.6, Avg: 1014.6, Max: 1014.6, Diff: 0.0]
   [Code Root Fixup: 0.0 ms]
   [Code Root Purge: 0.0 ms]
   [Clear CT: 0.1 ms]
   [Other: 0.5 ms]
      [Evacuation Failure: 0.1 ms]
      [Choose CSet: 0.0 ms]
      [Ref Proc: 0.1 ms]
      [Ref Enq: 0.0 ms]
      [Redirty Cards: 0.1 ms]
      [Humongous Register: 0.1 ms]
      [Humongous Reclaim: 0.0 ms]
      [Free CSet: 0.0 ms]
   [Eden: 13.0M(24.0M)->0.0B(25.0M) Survivors: 1024.0K->0.0B Heap: 431.7M(512.0M)->430.0M(512.0M)]
 [Times: user=0.00 sys=0.00, real=0.00 secs] 
2020-10-25T20:58:14.663+0800: 1.016: [GC pause (G1 Evacuation Pause) (mixed) (to-space exhausted), 0.0009632 secs]
   [Parallel Time: 0.5 ms, GC Workers: 8]
      [GC Worker Start (ms): Min: 1015.7, Avg: 1015.7, Max: 1015.8, Diff: 0.1]
      [Ext Root Scanning (ms): Min: 0.0, Avg: 0.1, Max: 0.1, Diff: 0.1, Sum: 0.8]
      [Update RS (ms): Min: 0.1, Avg: 0.1, Max: 0.1, Diff: 0.0, Sum: 0.6]
         [Processed Buffers: Min: 0, Avg: 2.5, Max: 6, Diff: 6, Sum: 20]
      [Scan RS (ms): Min: 0.0, Avg: 0.0, Max: 0.0, Diff: 0.0, Sum: 0.1]
      [Code Root Scanning (ms): Min: 0.0, Avg: 0.0, Max: 0.0, Diff: 0.0, Sum: 0.0]
      [Object Copy (ms): Min: 0.1, Avg: 0.2, Max: 0.2, Diff: 0.0, Sum: 1.3]
      [Termination (ms): Min: 0.0, Avg: 0.0, Max: 0.0, Diff: 0.0, Sum: 0.2]
         [Termination Attempts: Min: 1, Avg: 1.0, Max: 1, Diff: 0, Sum: 8]
      [GC Worker Other (ms): Min: 0.0, Avg: 0.0, Max: 0.0, Diff: 0.0, Sum: 0.0]
      [GC Worker Total (ms): Min: 0.3, Avg: 0.4, Max: 0.4, Diff: 0.1, Sum: 3.0]
      [GC Worker End (ms): Min: 1016.1, Avg: 1016.1, Max: 1016.1, Diff: 0.0]
   [Code Root Fixup: 0.0 ms]
   [Code Root Purge: 0.0 ms]
   [Clear CT: 0.1 ms]
   [Other: 0.4 ms]
      [Evacuation Failure: 0.1 ms]
      [Choose CSet: 0.0 ms]
      [Ref Proc: 0.1 ms]
      [Ref Enq: 0.0 ms]
      [Redirty Cards: 0.1 ms]
      [Humongous Register: 0.1 ms]
      [Humongous Reclaim: 0.0 ms]
      [Free CSet: 0.0 ms]
   [Eden: 2048.0K(25.0M)->0.0B(25.0M) Survivors: 0.0B->0.0B Heap: 432.0M(512.0M)->432.0M(512.0M)]
 [Times: user=0.00 sys=0.00, real=0.00 secs] 
2020-10-25T20:58:14.664+0800: 1.017: [Full GC (Allocation Failure)  432M->344M(512M), 0.0388129 secs]
   [Eden: 0.0B(25.0M)->0.0B(25.0M) Survivors: 0.0B->0.0B Heap: 432.0M(512.0M)->344.8M(512.0M)], [Metaspace: 2705K->2705K(1056768K)]
 [Times: user=0.05 sys=0.00, real=0.04 secs] 
2020-10-25T20:58:14.704+0800: 1.056: [GC pause (G1 Humongous Allocation) (young) (initial-mark), 0.0008363 secs]
   [Parallel Time: 0.4 ms, GC Workers: 8]
      [GC Worker Start (ms): Min: 1056.0, Avg: 1056.0, Max: 1056.0, Diff: 0.0]
      [Ext Root Scanning (ms): Min: 0.1, Avg: 0.1, Max: 0.1, Diff: 0.0, Sum: 0.9]
      [Update RS (ms): Min: 0.0, Avg: 0.0, Max: 0.2, Diff: 0.2, Sum: 0.2]
         [Processed Buffers: Min: 0, Avg: 0.3, Max: 1, Diff: 1, Sum: 2]
      [Scan RS (ms): Min: 0.0, Avg: 0.0, Max: 0.0, Diff: 0.0, Sum: 0.0]
      [Code Root Scanning (ms): Min: 0.0, Avg: 0.0, Max: 0.0, Diff: 0.0, Sum: 0.0]
      [Object Copy (ms): Min: 0.0, Avg: 0.0, Max: 0.1, Diff: 0.0, Sum: 0.1]
      [Termination (ms): Min: 0.0, Avg: 0.2, Max: 0.2, Diff: 0.2, Sum: 1.3]
         [Termination Attempts: Min: 1, Avg: 1.1, Max: 2, Diff: 1, Sum: 9]
      [GC Worker Other (ms): Min: 0.0, Avg: 0.0, Max: 0.0, Diff: 0.0, Sum: 0.0]
      [GC Worker Total (ms): Min: 0.3, Avg: 0.3, Max: 0.3, Diff: 0.1, Sum: 2.5]
      [GC Worker End (ms): Min: 1056.3, Avg: 1056.3, Max: 1056.3, Diff: 0.0]
   [Code Root Fixup: 0.0 ms]
   [Code Root Purge: 0.0 ms]
   [Clear CT: 0.1 ms]
   [Other: 0.3 ms]
      [Choose CSet: 0.0 ms]
      [Ref Proc: 0.1 ms]
      [Ref Enq: 0.0 ms]
      [Redirty Cards: 0.1 ms]
      [Humongous Register: 0.1 ms]
      [Humongous Reclaim: 0.0 ms]
      [Free CSet: 0.0 ms]
   [Eden: 2048.0K(25.0M)->0.0B(24.0M) Survivors: 0.0B->1024.0K Heap: 346.0M(512.0M)->345.1M(512.0M)]
 [Times: user=0.00 sys=0.00, real=0.00 secs] 
2020-10-25T20:58:14.705+0800: 1.057: [GC concurrent-root-region-scan-start]
2020-10-25T20:58:14.705+0800: 1.057: [GC concurrent-root-region-scan-end, 0.0000356 secs]
2020-10-25T20:58:14.705+0800: 1.057: [GC concurrent-mark-start]
2020-10-25T20:58:14.706+0800: 1.059: [GC concurrent-mark-end, 0.0017343 secs]
2020-10-25T20:58:14.707+0800: 1.059: [GC remark 2020-10-25T20:58:14.707+0800: 1.059: [Finalize Marking, 0.0001400 secs] 2020-10-25T20:58:14.707+0800: 1.059: [GC ref-proc, 0.0002165 secs] 2020-10-25T20:58:14.707+0800: 1.059: [Unloading, 0.0004110 secs], 0.0016214 secs]
 [Times: user=0.00 sys=0.00, real=0.00 secs] 
2020-10-25T20:58:14.708+0800: 1.060: [GC cleanup 358M->358M(512M), 0.0004507 secs]
 [Times: user=0.00 sys=0.00, real=0.00 secs] 
2020-10-25T20:58:14.712+0800: 1.064: [GC pause (G1 Evacuation Pause) (young), 0.0024136 secs]
   [Parallel Time: 2.0 ms, GC Workers: 8]
      [GC Worker Start (ms): Min: 1064.5, Avg: 1064.6, Max: 1064.6, Diff: 0.1]
      [Ext Root Scanning (ms): Min: 0.1, Avg: 0.1, Max: 0.1, Diff: 0.1, Sum: 1.0]
      [Update RS (ms): Min: 0.6, Avg: 0.6, Max: 0.7, Diff: 0.0, Sum: 5.1]
         [Processed Buffers: Min: 8, Avg: 9.5, Max: 10, Diff: 2, Sum: 76]
      [Scan RS (ms): Min: 0.0, Avg: 0.0, Max: 0.0, Diff: 0.0, Sum: 0.0]
      [Code Root Scanning (ms): Min: 0.0, Avg: 0.0, Max: 0.0, Diff: 0.0, Sum: 0.0]
      [Object Copy (ms): Min: 0.9, Avg: 1.0, Max: 1.0, Diff: 0.1, Sum: 7.9]
      [Termination (ms): Min: 0.0, Avg: 0.1, Max: 0.2, Diff: 0.2, Sum: 0.6]
         [Termination Attempts: Min: 1, Avg: 1.0, Max: 1, Diff: 0, Sum: 8]
      [GC Worker Other (ms): Min: 0.0, Avg: 0.0, Max: 0.0, Diff: 0.0, Sum: 0.1]
      [GC Worker Total (ms): Min: 1.8, Avg: 1.8, Max: 1.9, Diff: 0.1, Sum: 14.7]
      [GC Worker End (ms): Min: 1066.4, Avg: 1066.4, Max: 1066.4, Diff: 0.0]
   [Code Root Fixup: 0.0 ms]
   [Code Root Purge: 0.0 ms]
   [Clear CT: 0.1 ms]
   [Other: 0.4 ms]
      [Choose CSet: 0.0 ms]
      [Ref Proc: 0.1 ms]
      [Ref Enq: 0.0 ms]
      [Redirty Cards: 0.1 ms]
      [Humongous Register: 0.1 ms]
      [Humongous Reclaim: 0.0 ms]
      [Free CSet: 0.0 ms]
   [Eden: 24.0M(24.0M)->0.0B(21.0M) Survivors: 1024.0K->4096.0K Heap: 378.2M(512.0M)->355.2M(512.0M)]
 [Times: user=0.00 sys=0.00, real=0.00 secs] 
2020-10-25T20:58:14.716+0800: 1.068: [GC pause (G1 Humongous Allocation) (young) (initial-mark), 0.0016218 secs]
   [Parallel Time: 1.1 ms, GC Workers: 8]
      [GC Worker Start (ms): Min: 1068.5, Avg: 1068.5, Max: 1068.5, Diff: 0.1]
      [Ext Root Scanning (ms): Min: 0.1, Avg: 0.1, Max: 0.1, Diff: 0.1, Sum: 0.9]
      [Update RS (ms): Min: 0.0, Avg: 0.1, Max: 0.1, Diff: 0.1, Sum: 0.5]
         [Processed Buffers: Min: 1, Avg: 1.3, Max: 2, Diff: 1, Sum: 10]
      [Scan RS (ms): Min: 0.0, Avg: 0.0, Max: 0.0, Diff: 0.0, Sum: 0.0]
      [Code Root Scanning (ms): Min: 0.0, Avg: 0.0, Max: 0.0, Diff: 0.0, Sum: 0.0]
      [Object Copy (ms): Min: 0.7, Avg: 0.8, Max: 0.9, Diff: 0.2, Sum: 6.5]
      [Termination (ms): Min: 0.0, Avg: 0.1, Max: 0.2, Diff: 0.2, Sum: 0.6]
         [Termination Attempts: Min: 1, Avg: 1.0, Max: 1, Diff: 0, Sum: 8]
      [GC Worker Other (ms): Min: 0.0, Avg: 0.0, Max: 0.0, Diff: 0.0, Sum: 0.1]
      [GC Worker Total (ms): Min: 1.0, Avg: 1.1, Max: 1.1, Diff: 0.1, Sum: 8.5]
      [GC Worker End (ms): Min: 1069.6, Avg: 1069.6, Max: 1069.6, Diff: 0.0]
   [Code Root Fixup: 0.0 ms]
   [Code Root Purge: 0.0 ms]
   [Clear CT: 0.1 ms]
   [Other: 0.4 ms]
      [Choose CSet: 0.0 ms]
      [Ref Proc: 0.1 ms]
      [Ref Enq: 0.0 ms]
      [Redirty Cards: 0.1 ms]
      [Humongous Register: 0.1 ms]
      [Humongous Reclaim: 0.0 ms]
      [Free CSet: 0.0 ms]
   [Eden: 9216.0K(21.0M)->0.0B(21.0M) Survivors: 4096.0K->4096.0K Heap: 364.2M(512.0M)->356.4M(512.0M)]
 [Times: user=0.00 sys=0.00, real=0.00 secs] 
2020-10-25T20:58:14.718+0800: 1.070: [GC concurrent-root-region-scan-start]
2020-10-25T20:58:14.718+0800: 1.070: [GC concurrent-root-region-scan-end, 0.0001259 secs]
2020-10-25T20:58:14.718+0800: 1.070: [GC concurrent-mark-start]
2020-10-25T20:58:14.721+0800: 1.073: [GC concurrent-mark-end, 0.0023999 secs]
2020-10-25T20:58:14.721+0800: 1.073: [GC remark 2020-10-25T20:58:14.721+0800: 1.073: [Finalize Marking, 0.0001519 secs] 2020-10-25T20:58:14.721+0800: 1.073: [GC ref-proc, 0.0002171 secs] 2020-10-25T20:58:14.721+0800: 1.073: [Unloading, 0.0004780 secs], 0.0018604 secs]
 [Times: user=0.00 sys=0.00, real=0.00 secs] 
2020-10-25T20:58:14.723+0800: 1.075: [GC cleanup 373M->373M(512M), 0.0006083 secs]
 [Times: user=0.00 sys=0.00, real=0.00 secs] 
2020-10-25T20:58:14.726+0800: 1.078: [GC pause (G1 Evacuation Pause) (young), 0.0025224 secs]
   [Parallel Time: 1.9 ms, GC Workers: 8]
      [GC Worker Start (ms): Min: 1078.0, Avg: 1078.0, Max: 1078.1, Diff: 0.1]
      [Ext Root Scanning (ms): Min: 0.1, Avg: 0.1, Max: 0.2, Diff: 0.1, Sum: 1.0]
      [Update RS (ms): Min: 0.4, Avg: 0.5, Max: 0.5, Diff: 0.0, Sum: 3.6]
         [Processed Buffers: Min: 7, Avg: 7.3, Max: 8, Diff: 1, Sum: 58]
      [Scan RS (ms): Min: 0.0, Avg: 0.0, Max: 0.0, Diff: 0.0, Sum: 0.0]
      [Code Root Scanning (ms): Min: 0.0, Avg: 0.0, Max: 0.0, Diff: 0.0, Sum: 0.0]
      [Object Copy (ms): Min: 1.1, Avg: 1.1, Max: 1.2, Diff: 0.2, Sum: 9.0]
      [Termination (ms): Min: 0.0, Avg: 0.1, Max: 0.2, Diff: 0.2, Sum: 0.8]
         [Termination Attempts: Min: 1, Avg: 1.0, Max: 1, Diff: 0, Sum: 8]
      [GC Worker Other (ms): Min: 0.0, Avg: 0.0, Max: 0.0, Diff: 0.0, Sum: 0.1]
      [GC Worker Total (ms): Min: 1.8, Avg: 1.8, Max: 1.8, Diff: 0.1, Sum: 14.5]
      [GC Worker End (ms): Min: 1079.8, Avg: 1079.8, Max: 1079.8, Diff: 0.0]
   [Code Root Fixup: 0.0 ms]
   [Code Root Purge: 0.0 ms]
   [Clear CT: 0.2 ms]
   [Other: 0.4 ms]
      [Choose CSet: 0.0 ms]
      [Ref Proc: 0.1 ms]
      [Ref Enq: 0.0 ms]
      [Redirty Cards: 0.2 ms]
      [Humongous Register: 0.1 ms]
      [Humongous Reclaim: 0.0 ms]
      [Free CSet: 0.0 ms]
   [Eden: 21.0M(21.0M)->0.0B(21.0M) Survivors: 4096.0K->4096.0K Heap: 383.4M(512.0M)->360.2M(512.0M)]
 [Times: user=0.00 sys=0.00, real=0.00 secs] 
2020-10-25T20:58:14.733+0800: 1.085: [GC pause (G1 Evacuation Pause) (mixed), 0.0034395 secs]
   [Parallel Time: 2.7 ms, GC Workers: 8]
      [GC Worker Start (ms): Min: 1085.2, Avg: 1085.3, Max: 1085.7, Diff: 0.5]
      [Ext Root Scanning (ms): Min: 0.0, Avg: 0.1, Max: 0.2, Diff: 0.2, Sum: 0.8]
      [Update RS (ms): Min: 0.3, Avg: 0.8, Max: 2.4, Diff: 2.1, Sum: 6.5]
         [Processed Buffers: Min: 5, Avg: 8.6, Max: 11, Diff: 6, Sum: 69]
      [Scan RS (ms): Min: 0.0, Avg: 0.0, Max: 0.0, Diff: 0.0, Sum: 0.0]
      [Code Root Scanning (ms): Min: 0.0, Avg: 0.0, Max: 0.0, Diff: 0.0, Sum: 0.0]
      [Object Copy (ms): Min: 0.0, Avg: 1.5, Max: 1.8, Diff: 1.8, Sum: 12.2]
      [Termination (ms): Min: 0.0, Avg: 0.1, Max: 0.1, Diff: 0.1, Sum: 0.4]
         [Termination Attempts: Min: 1, Avg: 1.0, Max: 1, Diff: 0, Sum: 8]
      [GC Worker Other (ms): Min: 0.0, Avg: 0.0, Max: 0.0, Diff: 0.0, Sum: 0.1]
      [GC Worker Total (ms): Min: 2.2, Avg: 2.5, Max: 2.6, Diff: 0.5, Sum: 20.0]
      [GC Worker End (ms): Min: 1087.8, Avg: 1087.8, Max: 1087.8, Diff: 0.0]
   [Code Root Fixup: 0.0 ms]
   [Code Root Purge: 0.0 ms]
   [Clear CT: 0.1 ms]
   [Other: 0.6 ms]
      [Choose CSet: 0.0 ms]
      [Ref Proc: 0.2 ms]
      [Ref Enq: 0.0 ms]
      [Redirty Cards: 0.1 ms]
      [Humongous Register: 0.2 ms]
      [Humongous Reclaim: 0.1 ms]
      [Free CSet: 0.0 ms]
   [Eden: 21.0M(21.0M)->0.0B(21.0M) Survivors: 4096.0K->4096.0K Heap: 388.6M(512.0M)->362.9M(512.0M)]
 [Times: user=0.00 sys=0.00, real=0.00 secs] 
2020-10-25T20:58:14.737+0800: 1.089: [GC pause (G1 Humongous Allocation) (young) (initial-mark), 0.0019992 secs]
   [Parallel Time: 1.0 ms, GC Workers: 8]
      [GC Worker Start (ms): Min: 1089.3, Avg: 1089.3, Max: 1089.4, Diff: 0.1]
      [Ext Root Scanning (ms): Min: 0.1, Avg: 0.1, Max: 0.2, Diff: 0.1, Sum: 1.0]
      [Update RS (ms): Min: 0.0, Avg: 0.1, Max: 0.2, Diff: 0.1, Sum: 0.8]
         [Processed Buffers: Min: 0, Avg: 1.0, Max: 2, Diff: 2, Sum: 8]
      [Scan RS (ms): Min: 0.0, Avg: 0.0, Max: 0.0, Diff: 0.0, Sum: 0.0]
      [Code Root Scanning (ms): Min: 0.0, Avg: 0.0, Max: 0.0, Diff: 0.0, Sum: 0.0]
      [Object Copy (ms): Min: 0.4, Avg: 0.5, Max: 0.5, Diff: 0.2, Sum: 4.0]
      [Termination (ms): Min: 0.0, Avg: 0.0, Max: 0.1, Diff: 0.1, Sum: 0.2]
         [Termination Attempts: Min: 1, Avg: 1.0, Max: 1, Diff: 0, Sum: 8]
      [GC Worker Other (ms): Min: 0.0, Avg: 0.0, Max: 0.0, Diff: 0.0, Sum: 0.1]
      [GC Worker Total (ms): Min: 0.7, Avg: 0.8, Max: 0.8, Diff: 0.1, Sum: 6.1]
      [GC Worker End (ms): Min: 1090.1, Avg: 1090.1, Max: 1090.1, Diff: 0.0]
   [Code Root Fixup: 0.0 ms]
   [Code Root Purge: 0.0 ms]
   [Clear CT: 0.1 ms]
   [Other: 0.9 ms]
      [Choose CSet: 0.0 ms]
      [Ref Proc: 0.1 ms]
      [Ref Enq: 0.0 ms]
      [Redirty Cards: 0.5 ms]
      [Humongous Register: 0.1 ms]
      [Humongous Reclaim: 0.0 ms]
      [Free CSet: 0.0 ms]
   [Eden: 2048.0K(21.0M)->0.0B(24.0M) Survivors: 4096.0K->1024.0K Heap: 364.3M(512.0M)->363.2M(512.0M)]
 [Times: user=0.00 sys=0.00, real=0.00 secs] 
2020-10-25T20:58:14.739+0800: 1.091: [GC concurrent-root-region-scan-start]
2020-10-25T20:58:14.739+0800: 1.091: [GC concurrent-root-region-scan-end, 0.0000776 secs]
2020-10-25T20:58:14.739+0800: 1.091: [GC concurrent-mark-start]
2020-10-25T20:58:14.742+0800: 1.094: [GC concurrent-mark-end, 0.0024092 secs]
2020-10-25T20:58:14.742+0800: 1.094: [GC remark 2020-10-25T20:58:14.742+0800: 1.094: [Finalize Marking, 0.0004575 secs] 2020-10-25T20:58:14.742+0800: 1.095: [GC ref-proc, 0.0002424 secs] 2020-10-25T20:58:14.743+0800: 1.095: [Unloading, 0.0007121 secs], 0.0023106 secs]
 [Times: user=0.00 sys=0.00, real=0.00 secs] 
2020-10-25T20:58:14.744+0800: 1.096: [GC cleanup 374M->374M(512M), 0.0014930 secs]
 [Times: user=0.00 sys=0.00, real=0.00 secs] 
2020-10-25T20:58:14.750+0800: 1.102: [GC pause (G1 Evacuation Pause) (young), 0.0033279 secs]
   [Parallel Time: 1.9 ms, GC Workers: 8]
      [GC Worker Start (ms): Min: 1102.1, Avg: 1102.2, Max: 1102.4, Diff: 0.2]
      [Ext Root Scanning (ms): Min: 0.0, Avg: 0.1, Max: 0.2, Diff: 0.2, Sum: 1.0]
      [Update RS (ms): Min: 0.5, Avg: 0.5, Max: 0.6, Diff: 0.1, Sum: 4.2]
         [Processed Buffers: Min: 4, Avg: 7.4, Max: 8, Diff: 4, Sum: 59]
      [Scan RS (ms): Min: 0.0, Avg: 0.0, Max: 0.0, Diff: 0.0, Sum: 0.0]
      [Code Root Scanning (ms): Min: 0.0, Avg: 0.0, Max: 0.0, Diff: 0.0, Sum: 0.0]
      [Object Copy (ms): Min: 0.8, Avg: 0.9, Max: 0.9, Diff: 0.1, Sum: 6.8]
      [Termination (ms): Min: 0.0, Avg: 0.1, Max: 0.1, Diff: 0.1, Sum: 0.6]
         [Termination Attempts: Min: 1, Avg: 1.0, Max: 1, Diff: 0, Sum: 8]
      [GC Worker Other (ms): Min: 0.0, Avg: 0.0, Max: 0.0, Diff: 0.0, Sum: 0.1]
      [GC Worker Total (ms): Min: 1.4, Avg: 1.6, Max: 1.7, Diff: 0.2, Sum: 12.7]
      [GC Worker End (ms): Min: 1103.8, Avg: 1103.8, Max: 1103.8, Diff: 0.0]
   [Code Root Fixup: 0.0 ms]
   [Code Root Purge: 0.0 ms]
   [Clear CT: 0.4 ms]
   [Other: 1.0 ms]
      [Choose CSet: 0.0 ms]
      [Ref Proc: 0.2 ms]
      [Ref Enq: 0.0 ms]
      [Redirty Cards: 0.7 ms]
      [Humongous Register: 0.1 ms]
      [Humongous Reclaim: 0.0 ms]
      [Free CSet: 0.0 ms]
   [Eden: 24.0M(24.0M)->0.0B(21.0M) Survivors: 1024.0K->4096.0K Heap: 393.4M(512.0M)->368.3M(512.0M)]
 [Times: user=0.00 sys=0.00, real=0.00 secs] 
Heap
 garbage-first heap   total 524288K, used 394128K [0x00000000e0000000, 0x00000000e0101000, 0x0000000100000000)
  region size 1024K, 17 young (17408K), 4 survivors (4096K)
 Metaspace       used 2711K, capacity 4486K, committed 4864K, reserved 1056768K
  class space    used 294K, capacity 386K, committed 512K, reserved 1048576K
